Archive member included to satisfy reference by file (symbol)

C:/Users/RNG/Desktop/Stuff/Smash-Stuff/SMASH-ULTIMATE-MODS-BABY/50xx-the-mod/acmd-edits/code-mod-framework/lib/libnx_min/nx/lib\libnx_min.a(switch_crt0.o)
                              (_start)
C:/Users/RNG/Desktop/Stuff/Smash-Stuff/SMASH-ULTIMATE-MODS-BABY/50xx-the-mod/acmd-edits/code-mod-framework/lib/libnx_min/nx/lib\libnx_min.a(exception.o)
                              C:/Users/RNG/Desktop/Stuff/Smash-Stuff/SMASH-ULTIMATE-MODS-BABY/50xx-the-mod/acmd-edits/code-mod-framework/lib/libnx_min/nx/lib\libnx_min.a(switch_crt0.o) (__libnx_exception_entry)
C:/Users/RNG/Desktop/Stuff/Smash-Stuff/SMASH-ULTIMATE-MODS-BABY/50xx-the-mod/acmd-edits/code-mod-framework/lib/libnx_min/nx/lib\libnx_min.a(argv.o)
                              C:/Users/RNG/Desktop/Stuff/Smash-Stuff/SMASH-ULTIMATE-MODS-BABY/50xx-the-mod/acmd-edits/code-mod-framework/lib/libnx_min/nx/lib\libnx_min.a(switch_crt0.o) (__system_argv)
C:/Users/RNG/Desktop/Stuff/Smash-Stuff/SMASH-ULTIMATE-MODS-BABY/50xx-the-mod/acmd-edits/code-mod-framework/lib/libnx_min/nx/lib\libnx_min.a(env.o)
                              C:/Users/RNG/Desktop/Stuff/Smash-Stuff/SMASH-ULTIMATE-MODS-BABY/50xx-the-mod/acmd-edits/code-mod-framework/lib/libnx_min/nx/lib\libnx_min.a(argv.o) (envIsNso)
C:/Users/RNG/Desktop/Stuff/Smash-Stuff/SMASH-ULTIMATE-MODS-BABY/50xx-the-mod/acmd-edits/code-mod-framework/lib/libnx_min/nx/lib\libnx_min.a(init.o)
                              C:/Users/RNG/Desktop/Stuff/Smash-Stuff/SMASH-ULTIMATE-MODS-BABY/50xx-the-mod/acmd-edits/code-mod-framework/lib/libnx_min/nx/lib\libnx_min.a(exception.o) (__nx_exceptiondump)
C:/Users/RNG/Desktop/Stuff/Smash-Stuff/SMASH-ULTIMATE-MODS-BABY/50xx-the-mod/acmd-edits/code-mod-framework/lib/libnx_min/nx/lib\libnx_min.a(hosversion.o)
                              C:/Users/RNG/Desktop/Stuff/Smash-Stuff/SMASH-ULTIMATE-MODS-BABY/50xx-the-mod/acmd-edits/code-mod-framework/lib/libnx_min/nx/lib\libnx_min.a(init.o) (hosversionSet)
C:/Users/RNG/Desktop/Stuff/Smash-Stuff/SMASH-ULTIMATE-MODS-BABY/50xx-the-mod/acmd-edits/code-mod-framework/lib/libnx_min/nx/lib\libnx_min.a(dynamic.o)
                              C:/Users/RNG/Desktop/Stuff/Smash-Stuff/SMASH-ULTIMATE-MODS-BABY/50xx-the-mod/acmd-edits/code-mod-framework/lib/libnx_min/nx/lib\libnx_min.a(switch_crt0.o) (__nx_dynamic)
C:/Users/RNG/Desktop/Stuff/Smash-Stuff/SMASH-ULTIMATE-MODS-BABY/50xx-the-mod/acmd-edits/code-mod-framework/lib/libnx_min/nx/lib\libnx_min.a(fs_dev.o)
                              C:/Users/RNG/Desktop/Stuff/Smash-Stuff/SMASH-ULTIMATE-MODS-BABY/50xx-the-mod/acmd-edits/code-mod-framework/lib/libnx_min/nx/lib\libnx_min.a(init.o) (fsdevMountSdmc)
C:/Users/RNG/Desktop/Stuff/Smash-Stuff/SMASH-ULTIMATE-MODS-BABY/50xx-the-mod/acmd-edits/code-mod-framework/lib/libnx_min/nx/lib\libnx_min.a(decode_utf8.o)
                              C:/Users/RNG/Desktop/Stuff/Smash-Stuff/SMASH-ULTIMATE-MODS-BABY/50xx-the-mod/acmd-edits/code-mod-framework/lib/libnx_min/nx/lib\libnx_min.a(fs_dev.o) (decode_utf8)
C:/Users/RNG/Desktop/Stuff/Smash-Stuff/SMASH-ULTIMATE-MODS-BABY/50xx-the-mod/acmd-edits/code-mod-framework/lib/libnx_min/nx/lib\libnx_min.a(svc.o)
                              C:/Users/RNG/Desktop/Stuff/Smash-Stuff/SMASH-ULTIMATE-MODS-BABY/50xx-the-mod/acmd-edits/code-mod-framework/lib/libnx_min/nx/lib\libnx_min.a(init.o) (svcSetHeapSize)
C:/Users/RNG/Desktop/Stuff/Smash-Stuff/SMASH-ULTIMATE-MODS-BABY/50xx-the-mod/acmd-edits/code-mod-framework/lib/libnx_min/nx/lib\libnx_min.a(readtp.o)
                              C:/Users/RNG/Desktop/Stuff/Smash-Stuff/SMASH-ULTIMATE-MODS-BABY/50xx-the-mod/acmd-edits/code-mod-framework/lib/libnx_min/nx/lib\libnx_min.a(fs_dev.o) (__aarch64_read_tp)
C:/Users/RNG/Desktop/Stuff/Smash-Stuff/SMASH-ULTIMATE-MODS-BABY/50xx-the-mod/acmd-edits/code-mod-framework/lib/libnx_min/nx/lib\libnx_min.a(virtmem.o)
                              C:/Users/RNG/Desktop/Stuff/Smash-Stuff/SMASH-ULTIMATE-MODS-BABY/50xx-the-mod/acmd-edits/code-mod-framework/lib/libnx_min/nx/lib\libnx_min.a(init.o) (virtmemSetup)
C:/Users/RNG/Desktop/Stuff/Smash-Stuff/SMASH-ULTIMATE-MODS-BABY/50xx-the-mod/acmd-edits/code-mod-framework/lib/libnx_min/nx/lib\libnx_min.a(mutex.o)
                              C:/Users/RNG/Desktop/Stuff/Smash-Stuff/SMASH-ULTIMATE-MODS-BABY/50xx-the-mod/acmd-edits/code-mod-framework/lib/libnx_min/nx/lib\libnx_min.a(virtmem.o) (mutexLock)
C:/Users/RNG/Desktop/Stuff/Smash-Stuff/SMASH-ULTIMATE-MODS-BABY/50xx-the-mod/acmd-edits/code-mod-framework/lib/libnx_min/nx/lib\libnx_min.a(fs.o)
                              C:/Users/RNG/Desktop/Stuff/Smash-Stuff/SMASH-ULTIMATE-MODS-BABY/50xx-the-mod/acmd-edits/code-mod-framework/lib/libnx_min/nx/lib\libnx_min.a(init.o) (fsInitialize)
C:/Users/RNG/Desktop/Stuff/Smash-Stuff/SMASH-ULTIMATE-MODS-BABY/50xx-the-mod/acmd-edits/code-mod-framework/lib/libnx_min/nx/lib\libnx_min.a(set.o)
[...]
Memory Configuration

Name             Origin             Length             Attributes
*default*        0x0000000000000000 0xffffffffffffffff

Linker script and memory map

                0x0000000000000000                PROVIDE (__start__ = 0x0)
                0x0000000000000000                . = __start__

.crt0           0x0000000000000000      0x158
 *(.crt0)
 .crt0          0x0000000000000000      0x158 C:/Users/RNG/Desktop/Stuff/Smash-Stuff/SMASH-ULTIMATE-MODS-BABY/50xx-the-mod/acmd-edits/code-mod-framework/lib/libnx_min/nx/lib\libnx_min.a(switch_crt0.o)
                0x0000000000000000                _start
                0x0000000000000120                __nx_exit
                0x0000000000000130                __nx_mod0
                0x0000000000000158                . = ALIGN (0x8)

.init           0x0000000000000158       0x38
 *(.init)
 .init          0x0000000000000158       0x18 c:/devkitpro/devkita64/bin/../lib/gcc/aarch64-none-elf/8.3.0/pic/crti.o
                0x0000000000000158                _init
 .init          0x0000000000000170       0x1c c:/devkitpro/devkita64/bin/../lib/gcc/aarch64-none-elf/8.3.0/pic/crtn.o
                0x0000000000000190                . = ALIGN (0x8)
 *fill*         0x000000000000018c        0x4 

.plt            0x0000000000000190       0xa0
 *(.plt)
 .plt           0x0000000000000190       0xa0 c:/devkitpro/devkita64/bin/../lib/gcc/aarch64-none-elf/8.3.0/pic/crti.o
 *(.iplt)
                0x0000000000000230                . = ALIGN (0x8)

.text           0x0000000000000240    0x37fc0
 *(.text.unlikely .text.*_unlikely .text.unlikely.*)
 *(.text.exit .text.exit.*)
 .text.exit     0x0000000000000240       0x38 c:/devkitpro/devkita64/bin/../lib/gcc/aarch64-none-elf/8.3.0/../../../../aarch64-none-elf/lib/pic\libg.a(lib_a-exit.o)
                0x0000000000000240                exit
 *(.text.startup .text.startup.*)
 *fill*         0x0000000000000278        0x8 
 .text.startup  0x0000000000000280      0x53c main.o
                0x0000000000000280                main
 *(.text.hot .text.hot.*)
 *(.text .stub .text.* .gnu.linkonce.t.*)
 *fill*         0x00000000000007bc        0x4 
 .text.deregister_tm_clones
                0x00000000000007c0       0x2c c:/devkitpro/devkita64/bin/../lib/gcc/aarch64-none-elf/8.3.0/pic/crtbegin.o
 *fill*         0x00000000000007ec        0x4 
 .text.register_tm_clones
                0x00000000000007f0       0x38 c:/devkitpro/devkita64/bin/../lib/gcc/aarch64-none-elf/8.3.0/pic/crtbegin.o
 .text.__do_global_dtors_aux
                0x0000000000000828       0x48 c:/devkitpro/devkita64/bin/../lib/gcc/aarch64-none-elf/8.3.0/pic/crtbegin.o
 .text.frame_dummy
                0x0000000000000870       0x34 c:/devkitpro/devkita64/bin/../lib/gcc/aarch64-none-elf/8.3.0/pic/crtbegin.o
 *fill*         0x00000000000008a4        0xc 
 .text          0x00000000000008b0     0xe880 main.o
                0x00000000000008c0                get_command_flag_cat_replace(unsigned long, int)
                0x0000000000000a90                clear_lua_stack_replace(lib::L2CAgent*)
                0x000000000000ef50                replace_scripts(lib::L2CAgent*, unsigned char, int)
                0x000000000000efa0                sv_get_status_func(unsigned long, int, unsigned long)
                0x000000000000eff0                sv_replace_status_func(unsigned long, int, unsigned long, void*)
                0x000000000000f030                script_replacement()
                0x000000000000f090                __libnx_init
                0x000000000000f0e0                __libnx_exit
 .text._ZN6Hash40C2EPKc
                0x000000000000f130       0x90 main.o
                0x000000000000f130                Hash40::Hash40(char const*)
                0x000000000000f130                Hash40::Hash40(char const*)
 .text          0x000000000000f1c0      0xbb8 acmd_wrapper.o
                0x000000000000f1c0                is_before_frame(unsigned long, float)
                0x000000000000f1f0                null_acmd_func(lib::L2CAgent*, void*)
                0x000000000000f200                load_module(unsigned long, unsigned long)
                0x000000000000f210                load_module_impl(unsigned long, unsigned long)
                0x000000000000f220                ACMD::ACMD()
                0x000000000000f220                ACMD::ACMD()
                0x000000000000f230                ACMD::ACMD(char const*, char const*, char const*, char const*, void (*)(ACMD*))
                0x000000000000f230                ACMD::ACMD(char const*, char const*, char const*, char const*, void (*)(ACMD*))
                0x000000000000f250                ACMD::match()
                0x000000000000f2d0                ACMD::nullify_original(lib::L2CAgent*)
                0x000000000000f3a0                ACMD::run(lib::L2CAgent*)
                0x000000000000f490                ACMD::frame(float)
                0x000000000000f4b0                ACMD::wait(float)
                0x000000000000f4c0                ACMD::is_excute()
                0x000000000000f540                ACMD::_frame(float)
                0x000000000000f5d0                ACMD::_frame_reimpl(float)
                0x000000000000f6c0                ACMD::_wait(float)
                0x000000000000f750                ACMD::_is_excute()
                0x000000000000f7f0                ACMD::wrap(void (*)(unsigned long), std::initializer_list<lib::L2CValue>)
                0x000000000000f890                ACMD::ATTACK(unsigned long, unsigned long, unsigned long, float, unsigned long, unsigned long, unsigned long, unsigned long, float, float, float, float, float, float, unsigned long, unsigned long, unsigned long, unsigned long, float, unsigned long, unsigned long, unsigned long, unsigned long, unsigned long, unsigned long, unsigned long, unsigned long, unsigned long, unsigned long, unsigned long, unsigned long, unsigned long, unsigned long)
                0x000000000000fb10                ACMD::ATTACK(unsigned long, unsigned long, unsigned long, float, unsigned long, unsigned long, unsigned long, unsigned long, float, float, float, float, float, float, float, float, float, unsigned long, unsigned long, unsigned long, unsigned long, float, unsigned long, unsigned long, unsigned long, unsigned long, unsigned long, unsigned long, unsigned long, unsigned long, unsigned long, unsigned long, unsigned long, unsigned long, unsigned long, unsigned long)
 *fill*         0x000000000000fd78        0x8 
 .text          0x000000000000fd80      0x124 saltysd_helper.o
                0x000000000000fd80                SaltySD_function_replace(unsigned long, unsigned long)
                0x000000000000fdf0                SaltySD_function_replace_sym(char*, unsigned long)
                0x000000000000fe20                SaltySD_function_replace_sym_check_prev(char*, unsigned long, unsigned long&)
 *fill*         0x000000000000fea4        0xc 
 .text          0x000000000000feb0      0x128 l2c_imports.o
                0x000000000000feb0                lib::lua_const(char const*)
                0x000000000000fef0                lib::L2CValue::L2CValue()
                0x000000000000fef0                lib::L2CValue::L2CValue()
                0x000000000000ff00                lib::L2CValue::L2CValue(bool)
                0x000000000000ff00                lib::L2CValue::L2CValue(bool)
                0x000000000000ff20                lib::L2CValue::L2CValue(int)
                0x000000000000ff20                lib::L2CValue::L2CValue(int)
                0x000000000000ff40                lib::L2CValue::L2CValue(unsigned long)
                0x000000000000ff40                lib::L2CValue::L2CValue(unsigned long)
                0x000000000000ff50                lib::L2CValue::L2CValue(float)
                0x000000000000ff50                lib::L2CValue::L2CValue(float)
                0x000000000000ff60                lib::L2CValue::L2CValue(double)
                0x000000000000ff60                lib::L2CValue::L2CValue(double)
                0x000000000000ff80                lib::L2CValue::L2CValue(char const*)
                0x000000000000ff80                lib::L2CValue::L2CValue(char const*)
                0x000000000000ff90                lib::L2CAgent::get_lua_stack(int, lib::L2CValue*)
                0x000000000000ffa0                lib::L2CAgent::_clear_lua_stack()
 *fill*         0x000000000000ffd8        0x8 
 .text          0x000000000000ffe0      0x350 lua_bind_hash.o
                0x000000000000ffe0                lua_bind_hash(void const*, unsigned long)
                0x0000000000010300                lua_bind_hash_str(char const*)
 .text          0x0000000000010330      0x500 raygun_printer.o
                0x0000000000010330                show_segment(unsigned long, float, float, float, float, float)
                0x0000000000010400                alphabet_index(char)
                0x0000000000010470                print_char(unsigned long, char, int, float, float)
                0x00000000000105d0                print_string(unsigned long, char const*, ...)
 .text.__libnx_exception_entry
                0x0000000000010830      0x1c0 C:/Users/RNG/Desktop/Stuff/Smash-Stuff/SMASH-ULTIMATE-MODS-BABY/50xx-the-mod/acmd-edits/code-mod-framework/lib/libnx_min/nx/lib\libnx_min.a(exception.o)
                0x0000000000010830                __libnx_exception_entry
 .text.__libnx_exception_returnentry
                0x00000000000109f0       0x18 C:/Users/RNG/Desktop/Stuff/Smash-Stuff/SMASH-ULTIMATE-MODS-BABY/50xx-the-mod/acmd-edits/code-mod-framework/lib/libnx_min/nx/lib\libnx_min.a(exception.o)
                0x00000000000109f0                __libnx_exception_returnentry
 *fill*         0x0000000000010a08        0x8 
 .text.argvSetup
                0x0000000000010a10      0x318 C:/Users/RNG/Desktop/Stuff/Smash-Stuff/SMASH-ULTIMATE-MODS-BABY/50xx-the-mod/acmd-edits/code-mod-framework/lib/libnx_min/nx/lib\libnx_min.a(argv.o)
                0x0000000000010a10                argvSetup
 *fill*         0x0000000000010d28        0x8 
 .text.envSetup
                0x0000000000010d30      0x208 C:/Users/RNG/Desktop/Stuff/Smash-Stuff/SMASH-ULTIMATE-MODS-BABY/50xx-the-mod/acmd-edits/code-mod-framework/lib/libnx_min/nx/lib\libnx_min.a(env.o)
                0x0000000000010d30                envSetup
 *fill*         0x0000000000010f38        0x8 
 .text.envGetMainThreadHandle
                0x0000000000010f40       0x20 C:/Users/RNG/Desktop/Stuff/Smash-Stuff/SMASH-ULTIMATE-MODS-BABY/50xx-the-mod/acmd-edits/code-mod-framework/lib/libnx_min/nx/lib\libnx_min.a(env.o)
                0x0000000000010f40                envGetMainThreadHandle
 .text.envIsNso
                0x0000000000010f60        0xc C:/Users/RNG/Desktop/Stuff/Smash-Stuff/SMASH-ULTIMATE-MODS-BABY/50xx-the-mod/acmd-edits/code-mod-framework/lib/libnx_min/nx/lib\libnx_min.a(env.o)
                0x0000000000010f60                envIsNso
 *fill*         0x0000000000010f6c        0x4 
 .text.envHasHeapOverride
                0x0000000000010f70       0x14 C:/Users/RNG/Desktop/Stuff/Smash-Stuff/SMASH-ULTIMATE-MODS-BABY/50xx-the-mod/acmd-edits/code-mod-framework/lib/libnx_min/nx/lib\libnx_min.a(env.o)
                0x0000000000010f70                envHasHeapOverride
 *fill*         0x0000000000010f84        0xc 
 .text.envGetHeapOverrideAddr
                0x0000000000010f90        0xc C:/Users/RNG/Desktop/Stuff/Smash-Stuff/SMASH-ULTIMATE-MODS-BABY/50xx-the-mod/acmd-edits/code-mod-framework/lib/libnx_min/nx/lib\libnx_min.a(env.o)
                0x0000000000010f90                envGetHeapOverrideAddr
 *fill*         0x0000000000010f9c        0x4 
 .text.envGetHeapOverrideSize
                0x0000000000010fa0        0xc C:/Users/RNG/Desktop/Stuff/Smash-Stuff/SMASH-ULTIMATE-MODS-BABY/50xx-the-mod/acmd-edits/code-mod-framework/lib/libnx_min/nx/lib\libnx_min.a(env.o)
                0x0000000000010fa0                envGetHeapOverrideSize
 *fill*         0x0000000000010fac        0x4 
 .text.envHasArgv
                0x0000000000010fb0       0x14 C:/Users/RNG/Desktop/Stuff/Smash-Stuff/SMASH-ULTIMATE-MODS-BABY/50xx-the-mod/acmd-edits/code-mod-framework/lib/libnx_min/nx/lib\libnx_min.a(env.o)
                0x0000000000010fb0                envHasArgv
 *fill*         0x0000000000010fc4        0xc 
 .text.envGetArgv
                0x0000000000010fd0        0xc C:/Users/RNG/Desktop/Stuff/Smash-Stuff/SMASH-ULTIMATE-MODS-BABY/50xx-the-mod/acmd-edits/code-mod-framework/lib/libnx_min/nx/lib\libnx_min.a(env.o)
                0x0000000000010fd0                envGetArgv
 *fill*         0x0000000000010fdc        0x4 
 .text.envIsSyscallHinted
                0x0000000000010fe0       0x20 C:/Users/RNG/Desktop/Stuff/Smash-Stuff/SMASH-ULTIMATE-MODS-BABY/50xx-the-mod/acmd-edits/code-mod-framework/lib/libnx_min/nx/lib\libnx_min.a(env.o)
                0x0000000000010fe0                envIsSyscallHinted
 .text.envGetOwnProcessHandle
                0x0000000000011000        0xc C:/Users/RNG/Desktop/Stuff/Smash-Stuff/SMASH-ULTIMATE-MODS-BABY/50xx-the-mod/acmd-edits/code-mod-framework/lib/libnx_min/nx/lib\libnx_min.a(env.o)
                0x0000000000011000                envGetOwnProcessHandle
 *fill*         0x000000000001100c        0x4 
 .text.envGetExitFuncPtr
                0x0000000000011010        0xc C:/Users/RNG/Desktop/Stuff/Smash-Stuff/SMASH-ULTIMATE-MODS-BABY/50xx-the-mod/acmd-edits/code-mod-framework/lib/libnx_min/nx/lib\libnx_min.a(env.o)
                0x0000000000011010                envGetExitFuncPtr
 *fill*         0x000000000001101c        0x4 
 .text.envSetExitFuncPtr
                0x0000000000011020        0xc C:/Users/RNG/Desktop/Stuff/Smash-Stuff/SMASH-ULTIMATE-MODS-BABY/50xx-the-mod/acmd-edits/code-mod-framework/lib/libnx_min/nx/lib\libnx_min.a(env.o)
                0x0000000000011020                envSetExitFuncPtr
 *fill*         0x000000000001102c        0x4 
 .text.envSetNextLoad
                0x0000000000011030       0x7c C:/Users/RNG/Desktop/Stuff/Smash-Stuff/SMASH-ULTIMATE-MODS-BABY/50xx-the-mod/acmd-edits/code-mod-framework/lib/libnx_min/nx/lib\libnx_min.a(env.o)
                0x0000000000011030                envSetNextLoad
 *fill*         0x00000000000110ac        0x4 
 .text.envHasNextLoad
                0x00000000000110b0       0x14 C:/Users/RNG/Desktop/Stuff/Smash-Stuff/SMASH-ULTIMATE-MODS-BABY/50xx-the-mod/acmd-edits/code-mod-framework/lib/libnx_min/nx/lib\libnx_min.a(env.o)
                0x00000000000110b0                envHasNextLoad
 *fill*         0x00000000000110c4        0xc 
 .text.envGetLastLoadResult
                0x00000000000110d0        0xc C:/Users/RNG/Desktop/Stuff/Smash-Stuff/SMASH-ULTIMATE-MODS-BABY/50xx-the-mod/acmd-edits/code-mod-framework/lib/libnx_min/nx/lib\libnx_min.a(env.o)
                0x00000000000110d0                envGetLastLoadResult
 *fill*         0x00000000000110dc        0x4 
 .text.envHasRandomSeed
                0x00000000000110e0        0xc C:/Users/RNG/Desktop/Stuff/Smash-Stuff/SMASH-ULTIMATE-MODS-BABY/50xx-the-mod/acmd-edits/code-mod-framework/lib/libnx_min/nx/lib\libnx_min.a(env.o)
                0x00000000000110e0                envHasRandomSeed
 *fill*         0x00000000000110ec        0x4 
 .text.envGetRandomSeed
                0x00000000000110f0       0x18 C:/Users/RNG/Desktop/Stuff/Smash-Stuff/SMASH-ULTIMATE-MODS-BABY/50xx-the-mod/acmd-edits/code-mod-framework/lib/libnx_min/nx/lib\libnx_min.a(env.o)
                0x00000000000110f0                envGetRandomSeed
 *fill*         0x0000000000011108        0x8 
 .text.__libnx_initheap
                0x0000000000011110       0xd8 C:/Users/RNG/Desktop/Stuff/Smash-Stuff/SMASH-ULTIMATE-MODS-BABY/50xx-the-mod/acmd-edits/code-mod-framework/lib/libnx_min/nx/lib\libnx_min.a(init.o)
                0x0000000000011110                __libnx_initheap
 *fill*         0x00000000000111e8        0x8 
 .text.__appInit
                0x00000000000111f0       0xdc C:/Users/RNG/Desktop/Stuff/Smash-Stuff/SMASH-ULTIMATE-MODS-BABY/50xx-the-mod/acmd-edits/code-mod-framework/lib/libnx_min/nx/lib\libnx_min.a(init.o)
                0x00000000000111f0                __appInit
 *fill*         0x00000000000112cc        0x4 
 .text.__appExit
                0x00000000000112d0       0x44 C:/Users/RNG/Desktop/Stuff/Smash-Stuff/SMASH-ULTIMATE-MODS-BABY/50xx-the-mod/acmd-edits/code-mod-framework/lib/libnx_min/nx/lib\libnx_min.a(init.o)
                0x00000000000112d0                __appExit
 *fill*         0x0000000000011314        0xc 
 .text.hosversionGet
                0x0000000000011320       0x10 C:/Users/RNG/Desktop/Stuff/Smash-Stuff/SMASH-ULTIMATE-MODS-BABY/50xx-the-mod/acmd-edits/code-mod-framework/lib/libnx_min/nx/lib\libnx_min.a(hosversion.o)
                0x0000000000011320                hosversionGet
 .text.hosversionSet
                0x0000000000011330       0x10 C:/Users/RNG/Desktop/Stuff/Smash-Stuff/SMASH-ULTIMATE-MODS-BABY/50xx-the-mod/acmd-edits/code-mod-framework/lib/libnx_min/nx/lib\libnx_min.a(hosversion.o)
                0x0000000000011330                hosversionSet
 .text.__nx_dynamic
                0x0000000000011340       0xa0 C:/Users/RNG/Desktop/Stuff/Smash-Stuff/SMASH-ULTIMATE-MODS-BABY/50xx-the-mod/acmd-edits/code-mod-framework/lib/libnx_min/nx/lib\libnx_min.a(dynamic.o)
                0x0000000000011340                __nx_dynamic
 .text.fsdev_link
                0x00000000000113e0       0x10 C:/Users/RNG/Desktop/Stuff/Smash-Stuff/SMASH-ULTIMATE-MODS-BABY/50xx-the-mod/acmd-edits/code-mod-framework/lib/libnx_min/nx/lib\libnx_min.a(fs_dev.o)
 .text.fsdev_dirreset
                0x00000000000113f0       0x10 C:/Users/RNG/Desktop/Stuff/Smash-Stuff/SMASH-ULTIMATE-MODS-BABY/50xx-the-mod/acmd-edits/code-mod-framework/lib/libnx_min/nx/lib\libnx_min.a(fs_dev.o)
 .text.fsdev_chmod
                0x0000000000011400       0x10 C:/Users/RNG/Desktop/Stuff/Smash-Stuff/SMASH-ULTIMATE-MODS-BABY/50xx-the-mod/acmd-edits/code-mod-framework/lib/libnx_min/nx/lib\libnx_min.a(fs_dev.o)
 .text.error_cmp
                0x0000000000011410       0x1c C:/Users/RNG/Desktop/Stuff/Smash-Stuff/SMASH-ULTIMATE-MODS-BABY/50xx-the-mod/acmd-edits/code-mod-framework/lib/libnx_min/nx/lib\libnx_min.a(fs_dev.o)
 *fill*         0x000000000001142c        0x4 
 .text.fsdev_translate_error
                0x0000000000011430       0x5c C:/Users/RNG/Desktop/Stuff/Smash-Stuff/SMASH-ULTIMATE-MODS-BABY/50xx-the-mod/acmd-edits/code-mod-framework/lib/libnx_min/nx/lib\libnx_min.a(fs_dev.o)
 *fill*         0x000000000001148c        0x4 
 .text.fsdev_fsync
                0x0000000000011490       0x40 C:/Users/RNG/Desktop/Stuff/Smash-Stuff/SMASH-ULTIMATE-MODS-BABY/50xx-the-mod/acmd-edits/code-mod-framework/lib/libnx_min/nx/lib\libnx_min.a(fs_dev.o)
 .text.fsdev_ftruncate
                0x00000000000114d0       0x60 C:/Users/RNG/Desktop/Stuff/Smash-Stuff/SMASH-ULTIMATE-MODS-BABY/50xx-the-mod/acmd-edits/code-mod-framework/lib/libnx_min/nx/lib\libnx_min.a(fs_dev.o)
 .text.fsdev_dirclose
                0x0000000000011530       0x20 C:/Users/RNG/Desktop/Stuff/Smash-Stuff/SMASH-ULTIMATE-MODS-BABY/50xx-the-mod/acmd-edits/code-mod-framework/lib/libnx_min/nx/lib\libnx_min.a(fs_dev.o)
 .text.fsdev_dirnext
                0x0000000000011550      0x16c C:/Users/RNG/Desktop/Stuff/Smash-Stuff/SMASH-ULTIMATE-MODS-BABY/50xx-the-mod/acmd-edits/code-mod-framework/lib/libnx_min/nx/lib\libnx_min.a(fs_dev.o)
 *fill*         0x00000000000116bc        0x4 
 .text.fsdev_close
                0x00000000000116c0       0x1c C:/Users/RNG/Desktop/Stuff/Smash-Stuff/SMASH-ULTIMATE-MODS-BABY/50xx-the-mod/acmd-edits/code-mod-framework/lib/libnx_min/nx/lib\libnx_min.a(fs_dev.o)
 *fill*         0x00000000000116dc        0x4 
 .text.fsdev_fstat
                0x00000000000116e0       0xa4 C:/Users/RNG/Desktop/Stuff/Smash-Stuff/SMASH-ULTIMATE-MODS-BABY/50xx-the-mod/acmd-edits/code-mod-framework/lib/libnx_min/nx/lib\libnx_min.a(fs_dev.o)
 *fill*         0x0000000000011784        0xc 
 .text.fsdev_seek
                0x0000000000011790       0xb0 C:/Users/RNG/Desktop/Stuff/Smash-Stuff/SMASH-ULTIMATE-MODS-BABY/50xx-the-mod/acmd-edits/code-mod-framework/lib/libnx_min/nx/lib\libnx_min.a(fs_dev.o)
 .text.fsdev_read
                0x0000000000011840      0x1a0 C:/Users/RNG/Desktop/Stuff/Smash-Stuff/SMASH-ULTIMATE-MODS-BABY/50xx-the-mod/acmd-edits/code-mod-framework/lib/libnx_min/nx/lib\libnx_min.a(fs_dev.o)
 .text.fsdev_write
                0x00000000000119e0      0x1a8 C:/Users/RNG/Desktop/Stuff/Smash-Stuff/SMASH-ULTIMATE-MODS-BABY/50xx-the-mod/acmd-edits/code-mod-framework/lib/libnx_min/nx/lib\libnx_min.a(fs_dev.o)
 *fill*         0x0000000000011b88        0x8 
 .text.fsdevFindDevice
                0x0000000000011b90      0x120 C:/Users/RNG/Desktop/Stuff/Smash-Stuff/SMASH-ULTIMATE-MODS-BABY/50xx-the-mod/acmd-edits/code-mod-framework/lib/libnx_min/nx/lib\libnx_min.a(fs_dev.o)
 .text._fsdevMountDevice
                0x0000000000011cb0      0x140 C:/Users/RNG/Desktop/Stuff/Smash-Stuff/SMASH-ULTIMATE-MODS-BABY/50xx-the-mod/acmd-edits/code-mod-framework/lib/libnx_min/nx/lib\libnx_min.a(fs_dev.o)
 .text.fsdev_getfspath
                0x0000000000011df0      0x1fc C:/Users/RNG/Desktop/Stuff/Smash-Stuff/SMASH-ULTIMATE-MODS-BABY/50xx-the-mod/acmd-edits/code-mod-framework/lib/libnx_min/nx/lib\libnx_min.a(fs_dev.o)
 *fill*         0x0000000000011fec        0x4 
 .text.fsdev_rmdir
                0x0000000000011ff0       0x70 C:/Users/RNG/Desktop/Stuff/Smash-Stuff/SMASH-ULTIMATE-MODS-BABY/50xx-the-mod/acmd-edits/code-mod-framework/lib/libnx_min/nx/lib\libnx_min.a(fs_dev.o)
 .text.fsdev_statvfs
                0x0000000000012060       0xd4 C:/Users/RNG/Desktop/Stuff/Smash-Stuff/SMASH-ULTIMATE-MODS-BABY/50xx-the-mod/acmd-edits/code-mod-framework/lib/libnx_min/nx/lib\libnx_min.a(fs_dev.o)
 *fill*         0x0000000000012134        0xc 
 .text.fsdev_diropen
                0x0000000000012140       0xec C:/Users/RNG/Desktop/Stuff/Smash-Stuff/SMASH-ULTIMATE-MODS-BABY/50xx-the-mod/acmd-edits/code-mod-framework/lib/libnx_min/nx/lib\libnx_min.a(fs_dev.o)
 *fill*         0x000000000001222c        0x4 
 .text.fsdev_mkdir
                0x0000000000012230       0x70 C:/Users/RNG/Desktop/Stuff/Smash-Stuff/SMASH-ULTIMATE-MODS-BABY/50xx-the-mod/acmd-edits/code-mod-framework/lib/libnx_min/nx/lib\libnx_min.a(fs_dev.o)
 .text.fsdev_rename
                0x00000000000122a0      0x114 C:/Users/RNG/Desktop/Stuff/Smash-Stuff/SMASH-ULTIMATE-MODS-BABY/50xx-the-mod/acmd-edits/code-mod-framework/lib/libnx_min/nx/lib\libnx_min.a(fs_dev.o)
 *fill*         0x00000000000123b4        0xc 
 .text.fsdev_chdir
                0x00000000000123c0       0xe8 C:/Users/RNG/Desktop/Stuff/Smash-Stuff/SMASH-ULTIMATE-MODS-BABY/50xx-the-mod/acmd-edits/code-mod-framework/lib/libnx_min/nx/lib\libnx_min.a(fs_dev.o)
 *fill*         0x00000000000124a8        0x8 
 .text.fsdev_unlink
                0x00000000000124b0       0x70 C:/Users/RNG/Desktop/Stuff/Smash-Stuff/SMASH-ULTIMATE-MODS-BABY/50xx-the-mod/acmd-edits/code-mod-framework/lib/libnx_min/nx/lib\libnx_min.a(fs_dev.o)
 .text.fsdev_stat
                0x0000000000012520      0x1bc C:/Users/RNG/Desktop/Stuff/Smash-Stuff/SMASH-ULTIMATE-MODS-BABY/50xx-the-mod/acmd-edits/code-mod-framework/lib/libnx_min/nx/lib\libnx_min.a(fs_dev.o)
 *fill*         0x00000000000126dc        0x4 
 .text.fsdev_open
                0x00000000000126e0      0x19c C:/Users/RNG/Desktop/Stuff/Smash-Stuff/SMASH-ULTIMATE-MODS-BABY/50xx-the-mod/acmd-edits/code-mod-framework/lib/libnx_min/nx/lib\libnx_min.a(fs_dev.o)
 *fill*         0x000000000001287c        0x4 
 .text._fsdevUnmountDeviceStruct.part.4
                0x0000000000012880       0xb8 C:/Users/RNG/Desktop/Stuff/Smash-Stuff/SMASH-ULTIMATE-MODS-BABY/50xx-the-mod/acmd-edits/code-mod-framework/lib/libnx_min/nx/lib\libnx_min.a(fs_dev.o)
 *fill*         0x0000000000012938        0x8 
 .text.fsdev_fchmod
                0x0000000000012940       0x10 C:/Users/RNG/Desktop/Stuff/Smash-Stuff/SMASH-ULTIMATE-MODS-BABY/50xx-the-mod/acmd-edits/code-mod-framework/lib/libnx_min/nx/lib\libnx_min.a(fs_dev.o)
 .text.fsdevMountDevice
                0x0000000000012950       0x14 C:/Users/RNG/Desktop/Stuff/Smash-Stuff/SMASH-ULTIMATE-MODS-BABY/50xx-the-mod/acmd-edits/code-mod-framework/lib/libnx_min/nx/lib\libnx_min.a(fs_dev.o)
                0x0000000000012950                fsdevMountDevice
 *fill*         0x0000000000012964        0xc 
 .text.fsdevUnmountDevice
                0x0000000000012970       0x3c C:/Users/RNG/Desktop/Stuff/Smash-Stuff/SMASH-ULTIMATE-MODS-BABY/50xx-the-mod/acmd-edits/code-mod-framework/lib/libnx_min/nx/lib\libnx_min.a(fs_dev.o)
                0x0000000000012970                fsdevUnmountDevice
 *fill*         0x00000000000129ac        0x4 
 .text.fsdevCommitDevice
                0x00000000000129b0       0x28 C:/Users/RNG/Desktop/Stuff/Smash-Stuff/SMASH-ULTIMATE-MODS-BABY/50xx-the-mod/acmd-edits/code-mod-framework/lib/libnx_min/nx/lib\libnx_min.a(fs_dev.o)
                0x00000000000129b0                fsdevCommitDevice
 *fill*         0x00000000000129d8        0x8 
 .text.fsdevSetArchiveBit
                0x00000000000129e0       0x68 C:/Users/RNG/Desktop/Stuff/Smash-Stuff/SMASH-ULTIMATE-MODS-BABY/50xx-the-mod/acmd-edits/code-mod-framework/lib/libnx_min/nx/lib\libnx_min.a(fs_dev.o)
                0x00000000000129e0                fsdevSetArchiveBit
 *fill*         0x0000000000012a48        0x8 
 .text.fsdevCreateFile
                0x0000000000012a50       0x88 C:/Users/RNG/Desktop/Stuff/Smash-Stuff/SMASH-ULTIMATE-MODS-BABY/50xx-the-mod/acmd-edits/code-mod-framework/lib/libnx_min/nx/lib\libnx_min.a(fs_dev.o)
                0x0000000000012a50                fsdevCreateFile
 *fill*         0x0000000000012ad8        0x8 
 .text.fsdevDeleteDirectoryRecursively
                0x0000000000012ae0       0x68 C:/Users/RNG/Desktop/Stuff/Smash-Stuff/SMASH-ULTIMATE-MODS-BABY/50xx-the-mod/acmd-edits/code-mod-framework/lib/libnx_min/nx/lib\libnx_min.a(fs_dev.o)
                0x0000000000012ae0                fsdevDeleteDirectoryRecursively
 *fill*         0x0000000000012b48        0x8 
 .text.fsdevMountSdmc
                0x0000000000012b50      0x170 C:/Users/RNG/Desktop/Stuff/Smash-Stuff/SMASH-ULTIMATE-MODS-BABY/50xx-the-mod/acmd-edits/code-mod-framework/lib/libnx_min/nx/lib\libnx_min.a(fs_dev.o)
                0x0000000000012b50                fsdevMountSdmc
 .text.fsdevUnmountAll
                0x0000000000012cc0       0x64 C:/Users/RNG/Desktop/Stuff/Smash-Stuff/SMASH-ULTIMATE-MODS-BABY/50xx-the-mod/acmd-edits/code-mod-framework/lib/libnx_min/nx/lib\libnx_min.a(fs_dev.o)
                0x0000000000012cc0                fsdevUnmountAll
 *fill*         0x0000000000012d24        0xc 
 .text.fsdevGetDeviceFileSystem
                0x0000000000012d30       0x20 C:/Users/RNG/Desktop/Stuff/Smash-Stuff/SMASH-ULTIMATE-MODS-BABY/50xx-the-mod/acmd-edits/code-mod-framework/lib/libnx_min/nx/lib\libnx_min.a(fs_dev.o)
                0x0000000000012d30                fsdevGetDeviceFileSystem
 .text.fsdevGetDefaultFileSystem
                0x0000000000012d50       0x40 C:/Users/RNG/Desktop/Stuff/Smash-Stuff/SMASH-ULTIMATE-MODS-BABY/50xx-the-mod/acmd-edits/code-mod-framework/lib/libnx_min/nx/lib\libnx_min.a(fs_dev.o)
                0x0000000000012d50                fsdevGetDefaultFileSystem
 .text.fsdevTranslatePath
                0x0000000000012d90       0x58 C:/Users/RNG/Desktop/Stuff/Smash-Stuff/SMASH-ULTIMATE-MODS-BABY/50xx-the-mod/acmd-edits/code-mod-framework/lib/libnx_min/nx/lib\libnx_min.a(fs_dev.o)
                0x0000000000012d90                fsdevTranslatePath
 *fill*         0x0000000000012de8        0x8 
 .text.fsdev_getmtime
                0x0000000000012df0       0x20 C:/Users/RNG/Desktop/Stuff/Smash-Stuff/SMASH-ULTIMATE-MODS-BABY/50xx-the-mod/acmd-edits/code-mod-framework/lib/libnx_min/nx/lib\libnx_min.a(fs_dev.o)
                0x0000000000012df0                fsdev_getmtime
 .text.fsdevGetLastResult
                0x0000000000012e10       0x20 C:/Users/RNG/Desktop/Stuff/Smash-Stuff/SMASH-ULTIMATE-MODS-BABY/50xx-the-mod/acmd-edits/code-mod-framework/lib/libnx_min/nx/lib\libnx_min.a(fs_dev.o)
                0x0000000000012e10                fsdevGetLastResult
 .text.decode_utf8
                0x0000000000012e30      0x12c C:/Users/RNG/Desktop/Stuff/Smash-Stuff/SMASH-ULTIMATE-MODS-BABY/50xx-the-mod/acmd-edits/code-mod-framework/lib/libnx_min/nx/lib\libnx_min.a(decode_utf8.o)
                0x0000000000012e30                decode_utf8
 .text.svcSetHeapSize
                0x0000000000012f5c       0x14 C:/Users/RNG/Desktop/Stuff/Smash-Stuff/SMASH-ULTIMATE-MODS-BABY/50xx-the-mod/acmd-edits/code-mod-framework/lib/libnx_min/nx/lib\libnx_min.a(svc.o)
                0x0000000000012f5c                svcSetHeapSize
 .text.svcSetMemoryPermission
                0x0000000000012f70        0x8 C:/Users/RNG/Desktop/Stuff/Smash-Stuff/SMASH-ULTIMATE-MODS-BABY/50xx-the-mod/acmd-edits/code-mod-framework/lib/libnx_min/nx/lib\libnx_min.a(svc.o)
                0x0000000000012f70                svcSetMemoryPermission
 .text.svcSetMemoryAttribute
                0x0000000000012f78        0x8 C:/Users/RNG/Desktop/Stuff/Smash-Stuff/SMASH-ULTIMATE-MODS-BABY/50xx-the-mod/acmd-edits/code-mod-framework/lib/libnx_min/nx/lib\libnx_min.a(svc.o)
                0x0000000000012f78                svcSetMemoryAttribute
 .text.svcMapMemory
                0x0000000000012f80        0x8 C:/Users/RNG/Desktop/Stuff/Smash-Stuff/SMASH-ULTIMATE-MODS-BABY/50xx-the-mod/acmd-edits/code-mod-framework/lib/libnx_min/nx/lib\libnx_min.a(svc.o)
                0x0000000000012f80                svcMapMemory
 .text.svcUnmapMemory
                0x0000000000012f88        0x8 C:/Users/RNG/Desktop/Stuff/Smash-Stuff/SMASH-ULTIMATE-MODS-BABY/50xx-the-mod/acmd-edits/code-mod-framework/lib/libnx_min/nx/lib\libnx_min.a(svc.o)
                0x0000000000012f88                svcUnmapMemory
 .text.svcQueryMemory
                0x0000000000012f90       0x14 C:/Users/RNG/Desktop/Stuff/Smash-Stuff/SMASH-ULTIMATE-MODS-BABY/50xx-the-mod/acmd-edits/code-mod-framework/lib/libnx_min/nx/lib\libnx_min.a(svc.o)
                0x0000000000012f90                svcQueryMemory
 .text.svcExitProcess
                0x0000000000012fa4        0x8 C:/Users/RNG/Desktop/Stuff/Smash-Stuff/SMASH-ULTIMATE-MODS-BABY/50xx-the-mod/acmd-edits/code-mod-framework/lib/libnx_min/nx/lib\libnx_min.a(svc.o)
                0x0000000000012fa4                svcExitProcess
 .text.svcCreateThread
                0x0000000000012fac       0x14 C:/Users/RNG/Desktop/Stuff/Smash-Stuff/SMASH-ULTIMATE-MODS-BABY/50xx-the-mod/acmd-edits/code-mod-framework/lib/libnx_min/nx/lib\libnx_min.a(svc.o)
                0x0000000000012fac                svcCreateThread
 .text.svcStartThread
                0x0000000000012fc0        0x8 C:/Users/RNG/Desktop/Stuff/Smash-Stuff/SMASH-ULTIMATE-MODS-BABY/50xx-the-mod/acmd-edits/code-mod-framework/lib/libnx_min/nx/lib\libnx_min.a(svc.o)
                0x0000000000012fc0                svcStartThread
 .text.svcExitThread
                0x0000000000012fc8        0x8 C:/Users/RNG/Desktop/Stuff/Smash-Stuff/SMASH-ULTIMATE-MODS-BABY/50xx-the-mod/acmd-edits/code-mod-framework/lib/libnx_min/nx/lib\libnx_min.a(svc.o)
                0x0000000000012fc8                svcExitThread
 .text.svcSleepThread
                0x0000000000012fd0        0x8 C:/Users/RNG/Desktop/Stuff/Smash-Stuff/SMASH-ULTIMATE-MODS-BABY/50xx-the-mod/acmd-edits/code-mod-framework/lib/libnx_min/nx/lib\libnx_min.a(svc.o)
                0x0000000000012fd0                svcSleepThread
 .text.svcGetThreadPriority
                0x0000000000012fd8       0x14 C:/Users/RNG/Desktop/Stuff/Smash-Stuff/SMASH-ULTIMATE-MODS-BABY/50xx-the-mod/acmd-edits/code-mod-framework/lib/libnx_min/nx/lib\libnx_min.a(svc.o)
                0x0000000000012fd8                svcGetThreadPriority
 .text.svcSetThreadPriority
                0x0000000000012fec        0x8 C:/Users/RNG/Desktop/Stuff/Smash-Stuff/SMASH-ULTIMATE-MODS-BABY/50xx-the-mod/acmd-edits/code-mod-framework/lib/libnx_min/nx/lib\libnx_min.a(svc.o)
                0x0000000000012fec                svcSetThreadPriority
 .text.svcGetThreadCoreMask
                0x0000000000012ff4       0x18 C:/Users/RNG/Desktop/Stuff/Smash-Stuff/SMASH-ULTIMATE-MODS-BABY/50xx-the-mod/acmd-edits/code-mod-framework/lib/libnx_min/nx/lib\libnx_min.a(svc.o)
                0x0000000000012ff4                svcGetThreadCoreMask
 .text.svcSetThreadCoreMask
                0x000000000001300c        0x8 C:/Users/RNG/Desktop/Stuff/Smash-Stuff/SMASH-ULTIMATE-MODS-BABY/50xx-the-mod/acmd-edits/code-mod-framework/lib/libnx_min/nx/lib\libnx_min.a(svc.o)
                0x000000000001300c                svcSetThreadCoreMask
 .text.svcGetCurrentProcessorNumber
                0x0000000000013014        0x8 C:/Users/RNG/Desktop/Stuff/Smash-Stuff/SMASH-ULTIMATE-MODS-BABY/50xx-the-mod/acmd-edits/code-mod-framework/lib/libnx_min/nx/lib\libnx_min.a(svc.o)
                0x0000000000013014                svcGetCurrentProcessorNumber
 .text.svcSignalEvent
                0x000000000001301c        0x8 C:/Users/RNG/Desktop/Stuff/Smash-Stuff/SMASH-ULTIMATE-MODS-BABY/50xx-the-mod/acmd-edits/code-mod-framework/lib/libnx_min/nx/lib\libnx_min.a(svc.o)
                0x000000000001301c                svcSignalEvent
 .text.svcClearEvent
                0x0000000000013024        0x8 C:/Users/RNG/Desktop/Stuff/Smash-Stuff/SMASH-ULTIMATE-MODS-BABY/50xx-the-mod/acmd-edits/code-mod-framework/lib/libnx_min/nx/lib\libnx_min.a(svc.o)
                0x0000000000013024                svcClearEvent
 .text.svcMapSharedMemory
                0x000000000001302c        0x8 C:/Users/RNG/Desktop/Stuff/Smash-Stuff/SMASH-ULTIMATE-MODS-BABY/50xx-the-mod/acmd-edits/code-mod-framework/lib/libnx_min/nx/lib\libnx_min.a(svc.o)
                0x000000000001302c                svcMapSharedMemory
 .text.svcUnmapSharedMemory
                0x0000000000013034        0x8 C:/Users/RNG/Desktop/Stuff/Smash-Stuff/SMASH-ULTIMATE-MODS-BABY/50xx-the-mod/acmd-edits/code-mod-framework/lib/libnx_min/nx/lib\libnx_min.a(svc.o)
                0x0000000000013034                svcUnmapSharedMemory
 .text.svcCreateTransferMemory
                0x000000000001303c       0x14 C:/Users/RNG/Desktop/Stuff/Smash-Stuff/SMASH-ULTIMATE-MODS-BABY/50xx-the-mod/acmd-edits/code-mod-framework/lib/libnx_min/nx/lib\libnx_min.a(svc.o)
                0x000000000001303c                svcCreateTransferMemory
 .text.svcCloseHandle
                0x0000000000013050        0x8 C:/Users/RNG/Desktop/Stuff/Smash-Stuff/SMASH-ULTIMATE-MODS-BABY/50xx-the-mod/acmd-edits/code-mod-framework/lib/libnx_min/nx/lib\libnx_min.a(svc.o)
                0x0000000000013050                svcCloseHandle
 .text.svcResetSignal
                0x0000000000013058        0x8 C:/Users/RNG/Desktop/Stuff/Smash-Stuff/SMASH-ULTIMATE-MODS-BABY/50xx-the-mod/acmd-edits/code-mod-framework/lib/libnx_min/nx/lib\libnx_min.a(svc.o)
                0x0000000000013058                svcResetSignal
 .text.svcWaitSynchronization
                0x0000000000013060       0x14 C:/Users/RNG/Desktop/Stuff/Smash-Stuff/SMASH-ULTIMATE-MODS-BABY/50xx-the-mod/acmd-edits/code-mod-framework/lib/libnx_min/nx/lib\libnx_min.a(svc.o)
                0x0000000000013060                svcWaitSynchronization
 .text.svcCancelSynchronization
                0x0000000000013074        0x8 C:/Users/RNG/Desktop/Stuff/Smash-Stuff/SMASH-ULTIMATE-MODS-BABY/50xx-the-mod/acmd-edits/code-mod-framework/lib/libnx_min/nx/lib\libnx_min.a(svc.o)
                0x0000000000013074                svcCancelSynchronization
 .text.svcArbitrateLock
                0x000000000001307c        0x8 C:/Users/RNG/Desktop/Stuff/Smash-Stuff/SMASH-ULTIMATE-MODS-BABY/50xx-the-mod/acmd-edits/code-mod-framework/lib/libnx_min/nx/lib\libnx_min.a(svc.o)
                0x000000000001307c                svcArbitrateLock
 .text.svcArbitrateUnlock
                0x0000000000013084        0x8 C:/Users/RNG/Desktop/Stuff/Smash-Stuff/SMASH-ULTIMATE-MODS-BABY/50xx-the-mod/acmd-edits/code-mod-framework/lib/libnx_min/nx/lib\libnx_min.a(svc.o)
                0x0000000000013084                svcArbitrateUnlock
 .text.svcWaitProcessWideKeyAtomic
                0x000000000001308c        0x8 C:/Users/RNG/Desktop/Stuff/Smash-Stuff/SMASH-ULTIMATE-MODS-BABY/50xx-the-mod/acmd-edits/code-mod-framework/lib/libnx_min/nx/lib\libnx_min.a(svc.o)
                0x000000000001308c                svcWaitProcessWideKeyAtomic
 .text.svcSignalProcessWideKey
                0x0000000000013094        0x8 C:/Users/RNG/Desktop/Stuff/Smash-Stuff/SMASH-ULTIMATE-MODS-BABY/50xx-the-mod/acmd-edits/code-mod-framework/lib/libnx_min/nx/lib\libnx_min.a(svc.o)
                0x0000000000013094                svcSignalProcessWideKey
 .text.svcGetSystemTick
                0x000000000001309c        0x8 C:/Users/RNG/Desktop/Stuff/Smash-Stuff/SMASH-ULTIMATE-MODS-BABY/50xx-the-mod/acmd-edits/code-mod-framework/lib/libnx_min/nx/lib\libnx_min.a(svc.o)
                0x000000000001309c                svcGetSystemTick
 .text.svcConnectToNamedPort
                0x00000000000130a4       0x14 C:/Users/RNG/Desktop/Stuff/Smash-Stuff/SMASH-ULTIMATE-MODS-BABY/50xx-the-mod/acmd-edits/code-mod-framework/lib/libnx_min/nx/lib\libnx_min.a(svc.o)
                0x00000000000130a4                svcConnectToNamedPort
 .text.svcSendSyncRequest
                0x00000000000130b8        0x8 C:/Users/RNG/Desktop/Stuff/Smash-Stuff/SMASH-ULTIMATE-MODS-BABY/50xx-the-mod/acmd-edits/code-mod-framework/lib/libnx_min/nx/lib\libnx_min.a(svc.o)
                0x00000000000130b8                svcSendSyncRequest
 .text.svcSendSyncRequestWithUserBuffer
                0x00000000000130c0        0x8 C:/Users/RNG/Desktop/Stuff/Smash-Stuff/SMASH-ULTIMATE-MODS-BABY/50xx-the-mod/acmd-edits/code-mod-framework/lib/libnx_min/nx/lib\libnx_min.a(svc.o)
                0x00000000000130c0                svcSendSyncRequestWithUserBuffer
 .text.svcSendAsyncRequestWithUserBuffer
                0x00000000000130c8       0x14 C:/Users/RNG/Desktop/Stuff/Smash-Stuff/SMASH-ULTIMATE-MODS-BABY/50xx-the-mod/acmd-edits/code-mod-framework/lib/libnx_min/nx/lib\libnx_min.a(svc.o)
                0x00000000000130c8                svcSendAsyncRequestWithUserBuffer
 .text.svcGetProcessId
                0x00000000000130dc       0x14 C:/Users/RNG/Desktop/Stuff/Smash-Stuff/SMASH-ULTIMATE-MODS-BABY/50xx-the-mod/acmd-edits/code-mod-framework/lib/libnx_min/nx/lib\libnx_min.a(svc.o)
                0x00000000000130dc                svcGetProcessId
 .text.svcGetThreadId
                0x00000000000130f0       0x14 C:/Users/RNG/Desktop/Stuff/Smash-Stuff/SMASH-ULTIMATE-MODS-BABY/50xx-the-mod/acmd-edits/code-mod-framework/lib/libnx_min/nx/lib\libnx_min.a(svc.o)
                0x00000000000130f0                svcGetThreadId
 .text.svcBreak
                0x0000000000013104        0x8 C:/Users/RNG/Desktop/Stuff/Smash-Stuff/SMASH-ULTIMATE-MODS-BABY/50xx-the-mod/acmd-edits/code-mod-framework/lib/libnx_min/nx/lib\libnx_min.a(svc.o)
                0x0000000000013104                svcBreak
 .text.svcOutputDebugString
                0x000000000001310c        0x8 C:/Users/RNG/Desktop/Stuff/Smash-Stuff/SMASH-ULTIMATE-MODS-BABY/50xx-the-mod/acmd-edits/code-mod-framework/lib/libnx_min/nx/lib\libnx_min.a(svc.o)
                0x000000000001310c                svcOutputDebugString
 .text.svcReturnFromException
                0x0000000000013114        0x8 C:/Users/RNG/Desktop/Stuff/Smash-Stuff/SMASH-ULTIMATE-MODS-BABY/50xx-the-mod/acmd-edits/code-mod-framework/lib/libnx_min/nx/lib\libnx_min.a(svc.o)
                0x0000000000013114                svcReturnFromException
 .text.svcGetInfo
                0x000000000001311c       0x14 C:/Users/RNG/Desktop/Stuff/Smash-Stuff/SMASH-ULTIMATE-MODS-BABY/50xx-the-mod/acmd-edits/code-mod-framework/lib/libnx_min/nx/lib\libnx_min.a(svc.o)
                0x000000000001311c                svcGetInfo
 .text.svcMapPhysicalMemory
                0x0000000000013130        0x8 C:/Users/RNG/Desktop/Stuff/Smash-Stuff/SMASH-ULTIMATE-MODS-BABY/50xx-the-mod/acmd-edits/code-mod-framework/lib/libnx_min/nx/lib\libnx_min.a(svc.o)
                0x0000000000013130                svcMapPhysicalMemory
 .text.svcUnmapPhysicalMemory
                0x0000000000013138        0x8 C:/Users/RNG/Desktop/Stuff/Smash-Stuff/SMASH-ULTIMATE-MODS-BABY/50xx-the-mod/acmd-edits/code-mod-framework/lib/libnx_min/nx/lib\libnx_min.a(svc.o)
                0x0000000000013138                svcUnmapPhysicalMemory
 .text.svcGetResourceLimitLimitValue
                0x0000000000013140       0x14 C:/Users/RNG/Desktop/Stuff/Smash-Stuff/SMASH-ULTIMATE-MODS-BABY/50xx-the-mod/acmd-edits/code-mod-framework/lib/libnx_min/nx/lib\libnx_min.a(svc.o)
                0x0000000000013140                svcGetResourceLimitLimitValue
 .text.svcGetResourceLimitCurrentValue
                0x0000000000013154       0x14 C:/Users/RNG/Desktop/Stuff/Smash-Stuff/SMASH-ULTIMATE-MODS-BABY/50xx-the-mod/acmd-edits/code-mod-framework/lib/libnx_min/nx/lib\libnx_min.a(svc.o)
                0x0000000000013154                svcGetResourceLimitCurrentValue
 .text.svcSetThreadActivity
                0x0000000000013168        0x8 C:/Users/RNG/Desktop/Stuff/Smash-Stuff/SMASH-ULTIMATE-MODS-BABY/50xx-the-mod/acmd-edits/code-mod-framework/lib/libnx_min/nx/lib\libnx_min.a(svc.o)
                0x0000000000013168                svcSetThreadActivity
 .text.svcGetThreadContext3
                0x0000000000013170        0x8 C:/Users/RNG/Desktop/Stuff/Smash-Stuff/SMASH-ULTIMATE-MODS-BABY/50xx-the-mod/acmd-edits/code-mod-framework/lib/libnx_min/nx/lib\libnx_min.a(svc.o)
                0x0000000000013170                svcGetThreadContext3
 .text.svcCreateSession
                0x0000000000013178       0x18 C:/Users/RNG/Desktop/Stuff/Smash-Stuff/SMASH-ULTIMATE-MODS-BABY/50xx-the-mod/acmd-edits/code-mod-framework/lib/libnx_min/nx/lib\libnx_min.a(svc.o)
                0x0000000000013178                svcCreateSession
 .text.svcAcceptSession
                0x0000000000013190       0x14 C:/Users/RNG/Desktop/Stuff/Smash-Stuff/SMASH-ULTIMATE-MODS-BABY/50xx-the-mod/acmd-edits/code-mod-framework/lib/libnx_min/nx/lib\libnx_min.a(svc.o)
                0x0000000000013190                svcAcceptSession
 .text.svcReplyAndReceive
                0x00000000000131a4       0x14 C:/Users/RNG/Desktop/Stuff/Smash-Stuff/SMASH-ULTIMATE-MODS-BABY/50xx-the-mod/acmd-edits/code-mod-framework/lib/libnx_min/nx/lib\libnx_min.a(svc.o)
                0x00000000000131a4                svcReplyAndReceive
 .text.svcReplyAndReceiveWithUserBuffer
                0x00000000000131b8       0x14 C:/Users/RNG/Desktop/Stuff/Smash-Stuff/SMASH-ULTIMATE-MODS-BABY/50xx-the-mod/acmd-edits/code-mod-framework/lib/libnx_min/nx/lib\libnx_min.a(svc.o)
                0x00000000000131b8                svcReplyAndReceiveWithUserBuffer
 .text.svcCreateEvent
                0x00000000000131cc       0x18 C:/Users/RNG/Desktop/Stuff/Smash-Stuff/SMASH-ULTIMATE-MODS-BABY/50xx-the-mod/acmd-edits/code-mod-framework/lib/libnx_min/nx/lib\libnx_min.a(svc.o)
                0x00000000000131cc                svcCreateEvent
 .text.svcMapPhysicalMemoryUnsafe
                0x00000000000131e4        0x8 C:/Users/RNG/Desktop/Stuff/Smash-Stuff/SMASH-ULTIMATE-MODS-BABY/50xx-the-mod/acmd-edits/code-mod-framework/lib/libnx_min/nx/lib\libnx_min.a(svc.o)
                0x00000000000131e4                svcMapPhysicalMemoryUnsafe
 .text.svcUnmapPhysicalMemoryUnsafe
                0x00000000000131ec        0x8 C:/Users/RNG/Desktop/Stuff/Smash-Stuff/SMASH-ULTIMATE-MODS-BABY/50xx-the-mod/acmd-edits/code-mod-framework/lib/libnx_min/nx/lib\libnx_min.a(svc.o)
                0x00000000000131ec                svcUnmapPhysicalMemoryUnsafe
 .text.svcSetUnsafeLimit
                0x00000000000131f4        0x8 C:/Users/RNG/Desktop/Stuff/Smash-Stuff/SMASH-ULTIMATE-MODS-BABY/50xx-the-mod/acmd-edits/code-mod-framework/lib/libnx_min/nx/lib\libnx_min.a(svc.o)
                0x00000000000131f4                svcSetUnsafeLimit
 .text.svcCreateCodeMemory
                0x00000000000131fc       0x14 C:/Users/RNG/Desktop/Stuff/Smash-Stuff/SMASH-ULTIMATE-MODS-BABY/50xx-the-mod/acmd-edits/code-mod-framework/lib/libnx_min/nx/lib\libnx_min.a(svc.o)
                0x00000000000131fc                svcCreateCodeMemory
 .text.svcControlCodeMemory
                0x0000000000013210        0x8 C:/Users/RNG/Desktop/Stuff/Smash-Stuff/SMASH-ULTIMATE-MODS-BABY/50xx-the-mod/acmd-edits/code-mod-framework/lib/libnx_min/nx/lib\libnx_min.a(svc.o)
                0x0000000000013210                svcControlCodeMemory
 .text.svcReadWriteRegister
                0x0000000000013218       0x14 C:/Users/RNG/Desktop/Stuff/Smash-Stuff/SMASH-ULTIMATE-MODS-BABY/50xx-the-mod/acmd-edits/code-mod-framework/lib/libnx_min/nx/lib\libnx_min.a(svc.o)
                0x0000000000013218                svcReadWriteRegister
 .text.svcCreateSharedMemory
                0x000000000001322c       0x14 C:/Users/RNG/Desktop/Stuff/Smash-Stuff/SMASH-ULTIMATE-MODS-BABY/50xx-the-mod/acmd-edits/code-mod-framework/lib/libnx_min/nx/lib\libnx_min.a(svc.o)
                0x000000000001322c                svcCreateSharedMemory
 .text.svcMapTransferMemory
                0x0000000000013240        0x8 C:/Users/RNG/Desktop/Stuff/Smash-Stuff/SMASH-ULTIMATE-MODS-BABY/50xx-the-mod/acmd-edits/code-mod-framework/lib/libnx_min/nx/lib\libnx_min.a(svc.o)
                0x0000000000013240                svcMapTransferMemory
 .text.svcUnmapTransferMemory
                0x0000000000013248        0x8 C:/Users/RNG/Desktop/Stuff/Smash-Stuff/SMASH-ULTIMATE-MODS-BABY/50xx-the-mod/acmd-edits/code-mod-framework/lib/libnx_min/nx/lib\libnx_min.a(svc.o)
                0x0000000000013248                svcUnmapTransferMemory
 .text.svcCreateInterruptEvent
                0x0000000000013250       0x14 C:/Users/RNG/Desktop/Stuff/Smash-Stuff/SMASH-ULTIMATE-MODS-BABY/50xx-the-mod/acmd-edits/code-mod-framework/lib/libnx_min/nx/lib\libnx_min.a(svc.o)
                0x0000000000013250                svcCreateInterruptEvent
 .text.svcQueryPhysicalAddress
                0x0000000000013264       0x18 C:/Users/RNG/Desktop/Stuff/Smash-Stuff/SMASH-ULTIMATE-MODS-BABY/50xx-the-mod/acmd-edits/code-mod-framework/lib/libnx_min/nx/lib\libnx_min.a(svc.o)
                0x0000000000013264                svcQueryPhysicalAddress
 .text.svcQueryIoMapping
                0x000000000001327c       0x14 C:/Users/RNG/Desktop/Stuff/Smash-Stuff/SMASH-ULTIMATE-MODS-BABY/50xx-the-mod/acmd-edits/code-mod-framework/lib/libnx_min/nx/lib\libnx_min.a(svc.o)
                0x000000000001327c                svcQueryIoMapping
 .text.svcCreateDeviceAddressSpace
                0x0000000000013290       0x14 C:/Users/RNG/Desktop/Stuff/Smash-Stuff/SMASH-ULTIMATE-MODS-BABY/50xx-the-mod/acmd-edits/code-mod-framework/lib/libnx_min/nx/lib\libnx_min.a(svc.o)
                0x0000000000013290                svcCreateDeviceAddressSpace
 .text.svcAttachDeviceAddressSpace
                0x00000000000132a4        0x8 C:/Users/RNG/Desktop/Stuff/Smash-Stuff/SMASH-ULTIMATE-MODS-BABY/50xx-the-mod/acmd-edits/code-mod-framework/lib/libnx_min/nx/lib\libnx_min.a(svc.o)
                0x00000000000132a4                svcAttachDeviceAddressSpace
 .text.svcDetachDeviceAddressSpace
                0x00000000000132ac        0x8 C:/Users/RNG/Desktop/Stuff/Smash-Stuff/SMASH-ULTIMATE-MODS-BABY/50xx-the-mod/acmd-edits/code-mod-framework/lib/libnx_min/nx/lib\libnx_min.a(svc.o)
                0x00000000000132ac                svcDetachDeviceAddressSpace
 .text.svcMapDeviceAddressSpaceByForce
                0x00000000000132b4        0x8 C:/Users/RNG/Desktop/Stuff/Smash-Stuff/SMASH-ULTIMATE-MODS-BABY/50xx-the-mod/acmd-edits/code-mod-framework/lib/libnx_min/nx/lib\libnx_min.a(svc.o)
                0x00000000000132b4                svcMapDeviceAddressSpaceByForce
 .text.svcMapDeviceAddressSpaceAligned
                0x00000000000132bc        0x8 C:/Users/RNG/Desktop/Stuff/Smash-Stuff/SMASH-ULTIMATE-MODS-BABY/50xx-the-mod/acmd-edits/code-mod-framework/lib/libnx_min/nx/lib\libnx_min.a(svc.o)
                0x00000000000132bc                svcMapDeviceAddressSpaceAligned
 .text.svcUnmapDeviceAddressSpace
                0x00000000000132c4        0x8 C:/Users/RNG/Desktop/Stuff/Smash-Stuff/SMASH-ULTIMATE-MODS-BABY/50xx-the-mod/acmd-edits/code-mod-framework/lib/libnx_min/nx/lib\libnx_min.a(svc.o)
                0x00000000000132c4                svcUnmapDeviceAddressSpace
 .text.svcDebugActiveProcess
                0x00000000000132cc       0x14 C:/Users/RNG/Desktop/Stuff/Smash-Stuff/SMASH-ULTIMATE-MODS-BABY/50xx-the-mod/acmd-edits/code-mod-framework/lib/libnx_min/nx/lib\libnx_min.a(svc.o)
                0x00000000000132cc                svcDebugActiveProcess
 .text.svcBreakDebugProcess
                0x00000000000132e0        0x8 C:/Users/RNG/Desktop/Stuff/Smash-Stuff/SMASH-ULTIMATE-MODS-BABY/50xx-the-mod/acmd-edits/code-mod-framework/lib/libnx_min/nx/lib\libnx_min.a(svc.o)
                0x00000000000132e0                svcBreakDebugProcess
 .text.svcTerminateDebugProcess
                0x00000000000132e8        0x8 C:/Users/RNG/Desktop/Stuff/Smash-Stuff/SMASH-ULTIMATE-MODS-BABY/50xx-the-mod/acmd-edits/code-mod-framework/lib/libnx_min/nx/lib\libnx_min.a(svc.o)
                0x00000000000132e8                svcTerminateDebugProcess
 .text.svcGetDebugEvent
                0x00000000000132f0        0x8 C:/Users/RNG/Desktop/Stuff/Smash-Stuff/SMASH-ULTIMATE-MODS-BABY/50xx-the-mod/acmd-edits/code-mod-framework/lib/libnx_min/nx/lib\libnx_min.a(svc.o)
                0x00000000000132f0                svcGetDebugEvent
 .text.svcLegacyContinueDebugEvent
                0x00000000000132f8        0x8 C:/Users/RNG/Desktop/Stuff/Smash-Stuff/SMASH-ULTIMATE-MODS-BABY/50xx-the-mod/acmd-edits/code-mod-framework/lib/libnx_min/nx/lib\libnx_min.a(svc.o)
                0x00000000000132f8                svcLegacyContinueDebugEvent
 .text.svcContinueDebugEvent
                0x0000000000013300        0x8 C:/Users/RNG/Desktop/Stuff/Smash-Stuff/SMASH-ULTIMATE-MODS-BABY/50xx-the-mod/acmd-edits/code-mod-framework/lib/libnx_min/nx/lib\libnx_min.a(svc.o)
                0x0000000000013300                svcContinueDebugEvent
 .text.svcGetProcessList
                0x0000000000013308       0x14 C:/Users/RNG/Desktop/Stuff/Smash-Stuff/SMASH-ULTIMATE-MODS-BABY/50xx-the-mod/acmd-edits/code-mod-framework/lib/libnx_min/nx/lib\libnx_min.a(svc.o)
                0x0000000000013308                svcGetProcessList
 .text.svcGetThreadList
                0x000000000001331c       0x14 C:/Users/RNG/Desktop/Stuff/Smash-Stuff/SMASH-ULTIMATE-MODS-BABY/50xx-the-mod/acmd-edits/code-mod-framework/lib/libnx_min/nx/lib\libnx_min.a(svc.o)
                0x000000000001331c                svcGetThreadList
 .text.svcGetDebugThreadContext
                0x0000000000013330        0x8 C:/Users/RNG/Desktop/Stuff/Smash-Stuff/SMASH-ULTIMATE-MODS-BABY/50xx-the-mod/acmd-edits/code-mod-framework/lib/libnx_min/nx/lib\libnx_min.a(svc.o)
                0x0000000000013330                svcGetDebugThreadContext
 .text.svcSetDebugThreadContext
                0x0000000000013338        0x8 C:/Users/RNG/Desktop/Stuff/Smash-Stuff/SMASH-ULTIMATE-MODS-BABY/50xx-the-mod/acmd-edits/code-mod-framework/lib/libnx_min/nx/lib\libnx_min.a(svc.o)
                0x0000000000013338                svcSetDebugThreadContext
 .text.svcQueryDebugProcessMemory
                0x0000000000013340       0x14 C:/Users/RNG/Desktop/Stuff/Smash-Stuff/SMASH-ULTIMATE-MODS-BABY/50xx-the-mod/acmd-edits/code-mod-framework/lib/libnx_min/nx/lib\libnx_min.a(svc.o)
                0x0000000000013340                svcQueryDebugProcessMemory
 .text.svcReadDebugProcessMemory
                0x0000000000013354        0x8 C:/Users/RNG/Desktop/Stuff/Smash-Stuff/SMASH-ULTIMATE-MODS-BABY/50xx-the-mod/acmd-edits/code-mod-framework/lib/libnx_min/nx/lib\libnx_min.a(svc.o)
                0x0000000000013354                svcReadDebugProcessMemory
 .text.svcWriteDebugProcessMemory
                0x000000000001335c        0x8 C:/Users/RNG/Desktop/Stuff/Smash-Stuff/SMASH-ULTIMATE-MODS-BABY/50xx-the-mod/acmd-edits/code-mod-framework/lib/libnx_min/nx/lib\libnx_min.a(svc.o)
                0x000000000001335c                svcWriteDebugProcessMemory
 .text.svcGetDebugThreadParam
                0x0000000000013364       0x18 C:/Users/RNG/Desktop/Stuff/Smash-Stuff/SMASH-ULTIMATE-MODS-BABY/50xx-the-mod/acmd-edits/code-mod-framework/lib/libnx_min/nx/lib\libnx_min.a(svc.o)
                0x0000000000013364                svcGetDebugThreadParam
 .text.svcGetSystemInfo
                0x000000000001337c       0x14 C:/Users/RNG/Desktop/Stuff/Smash-Stuff/SMASH-ULTIMATE-MODS-BABY/50xx-the-mod/acmd-edits/code-mod-framework/lib/libnx_min/nx/lib\libnx_min.a(svc.o)
                0x000000000001337c                svcGetSystemInfo
 .text.svcCreatePort
                0x0000000000013390       0x18 C:/Users/RNG/Desktop/Stuff/Smash-Stuff/SMASH-ULTIMATE-MODS-BABY/50xx-the-mod/acmd-edits/code-mod-framework/lib/libnx_min/nx/lib\libnx_min.a(svc.o)
                0x0000000000013390                svcCreatePort
 .text.svcManageNamedPort
                0x00000000000133a8       0x14 C:/Users/RNG/Desktop/Stuff/Smash-Stuff/SMASH-ULTIMATE-MODS-BABY/50xx-the-mod/acmd-edits/code-mod-framework/lib/libnx_min/nx/lib\libnx_min.a(svc.o)
                0x00000000000133a8                svcManageNamedPort
 .text.svcConnectToPort
                0x00000000000133bc       0x14 C:/Users/RNG/Desktop/Stuff/Smash-Stuff/SMASH-ULTIMATE-MODS-BABY/50xx-the-mod/acmd-edits/code-mod-framework/lib/libnx_min/nx/lib\libnx_min.a(svc.o)
                0x00000000000133bc                svcConnectToPort
 .text.svcSetProcessMemoryPermission
                0x00000000000133d0        0x8 C:/Users/RNG/Desktop/Stuff/Smash-Stuff/SMASH-ULTIMATE-MODS-BABY/50xx-the-mod/acmd-edits/code-mod-framework/lib/libnx_min/nx/lib\libnx_min.a(svc.o)
                0x00000000000133d0                svcSetProcessMemoryPermission
 .text.svcMapProcessMemory
                0x00000000000133d8        0x8 C:/Users/RNG/Desktop/Stuff/Smash-Stuff/SMASH-ULTIMATE-MODS-BABY/50xx-the-mod/acmd-edits/code-mod-framework/lib/libnx_min/nx/lib\libnx_min.a(svc.o)
                0x00000000000133d8                svcMapProcessMemory
 .text.svcUnmapProcessMemory
                0x00000000000133e0        0x8 C:/Users/RNG/Desktop/Stuff/Smash-Stuff/SMASH-ULTIMATE-MODS-BABY/50xx-the-mod/acmd-edits/code-mod-framework/lib/libnx_min/nx/lib\libnx_min.a(svc.o)
                0x00000000000133e0                svcUnmapProcessMemory
 .text.svcQueryProcessMemory
                0x00000000000133e8       0x14 C:/Users/RNG/Desktop/Stuff/Smash-Stuff/SMASH-ULTIMATE-MODS-BABY/50xx-the-mod/acmd-edits/code-mod-framework/lib/libnx_min/nx/lib\libnx_min.a(svc.o)
                0x00000000000133e8                svcQueryProcessMemory
 .text.svcMapProcessCodeMemory
                0x00000000000133fc        0x8 C:/Users/RNG/Desktop/Stuff/Smash-Stuff/SMASH-ULTIMATE-MODS-BABY/50xx-the-mod/acmd-edits/code-mod-framework/lib/libnx_min/nx/lib\libnx_min.a(svc.o)
                0x00000000000133fc                svcMapProcessCodeMemory
 .text.svcUnmapProcessCodeMemory
                0x0000000000013404        0x8 C:/Users/RNG/Desktop/Stuff/Smash-Stuff/SMASH-ULTIMATE-MODS-BABY/50xx-the-mod/acmd-edits/code-mod-framework/lib/libnx_min/nx/lib\libnx_min.a(svc.o)
                0x0000000000013404                svcUnmapProcessCodeMemory
 .text.svcCreateProcess
                0x000000000001340c       0x14 C:/Users/RNG/Desktop/Stuff/Smash-Stuff/SMASH-ULTIMATE-MODS-BABY/50xx-the-mod/acmd-edits/code-mod-framework/lib/libnx_min/nx/lib\libnx_min.a(svc.o)
                0x000000000001340c                svcCreateProcess
 .text.svcStartProcess
                0x0000000000013420        0x8 C:/Users/RNG/Desktop/Stuff/Smash-Stuff/SMASH-ULTIMATE-MODS-BABY/50xx-the-mod/acmd-edits/code-mod-framework/lib/libnx_min/nx/lib\libnx_min.a(svc.o)
                0x0000000000013420                svcStartProcess
 .text.svcTerminateProcess
                0x0000000000013428        0x8 C:/Users/RNG/Desktop/Stuff/Smash-Stuff/SMASH-ULTIMATE-MODS-BABY/50xx-the-mod/acmd-edits/code-mod-framework/lib/libnx_min/nx/lib\libnx_min.a(svc.o)
                0x0000000000013428                svcTerminateProcess
 .text.svcGetProcessInfo
                0x0000000000013430       0x14 C:/Users/RNG/Desktop/Stuff/Smash-Stuff/SMASH-ULTIMATE-MODS-BABY/50xx-the-mod/acmd-edits/code-mod-framework/lib/libnx_min/nx/lib\libnx_min.a(svc.o)
                0x0000000000013430                svcGetProcessInfo
 .text.svcCreateResourceLimit
                0x0000000000013444       0x14 C:/Users/RNG/Desktop/Stuff/Smash-Stuff/SMASH-ULTIMATE-MODS-BABY/50xx-the-mod/acmd-edits/code-mod-framework/lib/libnx_min/nx/lib\libnx_min.a(svc.o)
                0x0000000000013444                svcCreateResourceLimit
 .text.svcSetResourceLimitLimitValue
                0x0000000000013458        0x8 C:/Users/RNG/Desktop/Stuff/Smash-Stuff/SMASH-ULTIMATE-MODS-BABY/50xx-the-mod/acmd-edits/code-mod-framework/lib/libnx_min/nx/lib\libnx_min.a(svc.o)
                0x0000000000013458                svcSetResourceLimitLimitValue
 .text.svcCallSecureMonitor
                0x0000000000013460       0x34 C:/Users/RNG/Desktop/Stuff/Smash-Stuff/SMASH-ULTIMATE-MODS-BABY/50xx-the-mod/acmd-edits/code-mod-framework/lib/libnx_min/nx/lib\libnx_min.a(svc.o)
                0x0000000000013460                svcCallSecureMonitor
 .text.__aarch64_read_tp
                0x0000000000013494        0xc C:/Users/RNG/Desktop/Stuff/Smash-Stuff/SMASH-ULTIMATE-MODS-BABY/50xx-the-mod/acmd-edits/code-mod-framework/lib/libnx_min/nx/lib\libnx_min.a(readtp.o)
                0x0000000000013494                __aarch64_read_tp
 .text._GetRegionFromInfo.isra.1
                0x00000000000134a0       0x7c C:/Users/RNG/Desktop/Stuff/Smash-Stuff/SMASH-ULTIMATE-MODS-BABY/50xx-the-mod/acmd-edits/code-mod-framework/lib/libnx_min/nx/lib\libnx_min.a(virtmem.o)
 *fill*         0x000000000001351c        0x4 
 .text.virtmemSetup
                0x0000000000013520      0x114 C:/Users/RNG/Desktop/Stuff/Smash-Stuff/SMASH-ULTIMATE-MODS-BABY/50xx-the-mod/acmd-edits/code-mod-framework/lib/libnx_min/nx/lib\libnx_min.a(virtmem.o)
                0x0000000000013520                virtmemSetup
 *fill*         0x0000000000013634        0xc 
 .text.virtmemReserve
                0x0000000000013640      0x13c C:/Users/RNG/Desktop/Stuff/Smash-Stuff/SMASH-ULTIMATE-MODS-BABY/50xx-the-mod/acmd-edits/code-mod-framework/lib/libnx_min/nx/lib\libnx_min.a(virtmem.o)
                0x0000000000013640                virtmemReserve
 *fill*         0x000000000001377c        0x4 
 .text.virtmemFree
                0x0000000000013780        0x4 C:/Users/RNG/Desktop/Stuff/Smash-Stuff/SMASH-ULTIMATE-MODS-BABY/50xx-the-mod/acmd-edits/code-mod-framework/lib/libnx_min/nx/lib\libnx_min.a(virtmem.o)
                0x0000000000013780                virtmemFree
 *fill*         0x0000000000013784        0xc 
 .text.virtmemReserveStack
                0x0000000000013790       0xc8 C:/Users/RNG/Desktop/Stuff/Smash-Stuff/SMASH-ULTIMATE-MODS-BABY/50xx-the-mod/acmd-edits/code-mod-framework/lib/libnx_min/nx/lib\libnx_min.a(virtmem.o)
                0x0000000000013790                virtmemReserveStack
 *fill*         0x0000000000013858        0x8 
 .text.virtmemFreeStack
                0x0000000000013860        0x4 C:/Users/RNG/Desktop/Stuff/Smash-Stuff/SMASH-ULTIMATE-MODS-BABY/50xx-the-mod/acmd-edits/code-mod-framework/lib/libnx_min/nx/lib\libnx_min.a(virtmem.o)
                0x0000000000013860                virtmemFreeStack
 *fill*         0x0000000000013864        0xc 
 .text.mutexLock
                0x0000000000013870       0x8c C:/Users/RNG/Desktop/Stuff/Smash-Stuff/SMASH-ULTIMATE-MODS-BABY/50xx-the-mod/acmd-edits/code-mod-framework/lib/libnx_min/nx/lib\libnx_min.a(mutex.o)
                0x0000000000013870                mutexLock
 *fill*         0x00000000000138fc        0x4 
 .text.mutexTryLock
                0x0000000000013900       0x34 C:/Users/RNG/Desktop/Stuff/Smash-Stuff/SMASH-ULTIMATE-MODS-BABY/50xx-the-mod/acmd-edits/code-mod-framework/lib/libnx_min/nx/lib\libnx_min.a(mutex.o)
                0x0000000000013900                mutexTryLock
 *fill*         0x0000000000013934        0xc 
 .text.mutexUnlock
                0x0000000000013940       0x30 C:/Users/RNG/Desktop/Stuff/Smash-Stuff/SMASH-ULTIMATE-MODS-BABY/50xx-the-mod/acmd-edits/code-mod-framework/lib/libnx_min/nx/lib\libnx_min.a(mutex.o)
                0x0000000000013940                mutexUnlock
 .text.rmutexLock
                0x0000000000013970       0x4c C:/Users/RNG/Desktop/Stuff/Smash-Stuff/SMASH-ULTIMATE-MODS-BABY/50xx-the-mod/acmd-edits/code-mod-framework/lib/libnx_min/nx/lib\libnx_min.a(mutex.o)
                0x0000000000013970                rmutexLock
 *fill*         0x00000000000139bc        0x4 
 .text.rmutexTryLock
                0x00000000000139c0       0x5c C:/Users/RNG/Desktop/Stuff/Smash-Stuff/SMASH-ULTIMATE-MODS-BABY/50xx-the-mod/acmd-edits/code-mod-framework/lib/libnx_min/nx/lib\libnx_min.a(mutex.o)
                0x00000000000139c0                rmutexTryLock
 *fill*         0x0000000000013a1c        0x4 
 .text.rmutexUnlock
                0x0000000000013a20       0x1c C:/Users/RNG/Desktop/Stuff/Smash-Stuff/SMASH-ULTIMATE-MODS-BABY/50xx-the-mod/acmd-edits/code-mod-framework/lib/libnx_min/nx/lib\libnx_min.a(mutex.o)
                0x0000000000013a20                rmutexUnlock
 *fill*         0x0000000000013a3c        0x4 
 .text.ipcPrepareHeader
                0x0000000000013a40      0x220 C:/Users/RNG/Desktop/Stuff/Smash-Stuff/SMASH-ULTIMATE-MODS-BABY/50xx-the-mod/acmd-edits/code-mod-framework/lib/libnx_min/nx/lib\libnx_min.a(fs.o)
 .text.ipcParse
                0x0000000000013c60      0x22c C:/Users/RNG/Desktop/Stuff/Smash-Stuff/SMASH-ULTIMATE-MODS-BABY/50xx-the-mod/acmd-edits/code-mod-framework/lib/libnx_min/nx/lib\libnx_min.a(fs.o)
 *fill*         0x0000000000013e8c        0x4 
 .text.serviceIpcParse
                0x0000000000013e90       0xb0 C:/Users/RNG/Desktop/Stuff/Smash-Stuff/SMASH-ULTIMATE-MODS-BABY/50xx-the-mod/acmd-edits/code-mod-framework/lib/libnx_min/nx/lib\libnx_min.a(fs.o)
 .text.ipcCloseObjectById
                0x0000000000013f40       0x34 C:/Users/RNG/Desktop/Stuff/Smash-Stuff/SMASH-ULTIMATE-MODS-BABY/50xx-the-mod/acmd-edits/code-mod-framework/lib/libnx_min/nx/lib\libnx_min.a(fs.o)
 *fill*         0x0000000000013f74        0xc 
 .text._fsDeviceOperatorCheckInserted
                0x0000000000013f80      0x19c C:/Users/RNG/Desktop/Stuff/Smash-Stuff/SMASH-ULTIMATE-MODS-BABY/50xx-the-mod/acmd-edits/code-mod-framework/lib/libnx_min/nx/lib\libnx_min.a(fs.o)
 *fill*         0x000000000001411c        0x4 
 .text.fsFsQueryEntry.part.12
                0x0000000000014120      0x274 C:/Users/RNG/Desktop/Stuff/Smash-Stuff/SMASH-ULTIMATE-MODS-BABY/50xx-the-mod/acmd-edits/code-mod-framework/lib/libnx_min/nx/lib\libnx_min.a(fs.o)
 *fill*         0x0000000000014394        0xc 
 .text.fsInitialize
                0x00000000000143a0      0x200 C:/Users/RNG/Desktop/Stuff/Smash-Stuff/SMASH-ULTIMATE-MODS-BABY/50xx-the-mod/acmd-edits/code-mod-framework/lib/libnx_min/nx/lib\libnx_min.a(fs.o)
                0x00000000000143a0                fsInitialize
 .text.fsExit   0x00000000000145a0       0x9c C:/Users/RNG/Desktop/Stuff/Smash-Stuff/SMASH-ULTIMATE-MODS-BABY/50xx-the-mod/acmd-edits/code-mod-framework/lib/libnx_min/nx/lib\libnx_min.a(fs.o)
                0x00000000000145a0                fsExit
 *fill*         0x000000000001463c        0x4 
 .text.fsGetServiceSession
                0x0000000000014640        0xc C:/Users/RNG/Desktop/Stuff/Smash-Stuff/SMASH-ULTIMATE-MODS-BABY/50xx-the-mod/acmd-edits/code-mod-framework/lib/libnx_min/nx/lib\libnx_min.a(fs.o)
                0x0000000000014640                fsGetServiceSession
 *fill*         0x000000000001464c        0x4 
 .text.fsOpenBisStorage
                0x0000000000014650      0x1ec C:/Users/RNG/Desktop/Stuff/Smash-Stuff/SMASH-ULTIMATE-MODS-BABY/50xx-the-mod/acmd-edits/code-mod-framework/lib/libnx_min/nx/lib\libnx_min.a(fs.o)
                0x0000000000014650                fsOpenBisStorage
 *fill*         0x000000000001483c        0x4 
 .text.fsOpenBisFileSystem
                0x0000000000014840      0x170 C:/Users/RNG/Desktop/Stuff/Smash-Stuff/SMASH-ULTIMATE-MODS-BABY/50xx-the-mod/acmd-edits/code-mod-framework/lib/libnx_min/nx/lib\libnx_min.a(fs.o)
                0x0000000000014840                fsOpenBisFileSystem
 .text.fsMountSdcard
                0x00000000000149b0      0x1cc C:/Users/RNG/Desktop/Stuff/Smash-Stuff/SMASH-ULTIMATE-MODS-BABY/50xx-the-mod/acmd-edits/code-mod-framework/lib/libnx_min/nx/lib\libnx_min.a(fs.o)
                0x00000000000149b0                fsMountSdcard
 *fill*         0x0000000000014b7c        0x4 
 .text.fsMountSaveData
                0x0000000000014b80      0x208 C:/Users/RNG/Desktop/Stuff/Smash-Stuff/SMASH-ULTIMATE-MODS-BABY/50xx-the-mod/acmd-edits/code-mod-framework/lib/libnx_min/nx/lib\libnx_min.a(fs.o)
                0x0000000000014b80                fsMountSaveData
 *fill*         0x0000000000014d88        0x8 
 .text.fsMountSystemSaveData
                0x0000000000014d90      0x208 C:/Users/RNG/Desktop/Stuff/Smash-Stuff/SMASH-ULTIMATE-MODS-BABY/50xx-the-mod/acmd-edits/code-mod-framework/lib/libnx_min/nx/lib\libnx_min.a(fs.o)
                0x0000000000014d90                fsMountSystemSaveData
 *fill*         0x0000000000014f98        0x8 
 .text.fsOpenSaveDataIterator
                0x0000000000014fa0      0x1e0 C:/Users/RNG/Desktop/Stuff/Smash-Stuff/SMASH-ULTIMATE-MODS-BABY/50xx-the-mod/acmd-edits/code-mod-framework/lib/libnx_min/nx/lib\libnx_min.a(fs.o)
                0x0000000000014fa0                fsOpenSaveDataIterator
 .text.fsOpenContentStorageFileSystem
                0x0000000000015180      0x1d4 C:/Users/RNG/Desktop/Stuff/Smash-Stuff/SMASH-ULTIMATE-MODS-BABY/50xx-the-mod/acmd-edits/code-mod-framework/lib/libnx_min/nx/lib\libnx_min.a(fs.o)
                0x0000000000015180                fsOpenContentStorageFileSystem
 *fill*         0x0000000000015354        0xc 
 .text.fsOpenDataStorageByCurrentProcess
                0x0000000000015360      0x1cc C:/Users/RNG/Desktop/Stuff/Smash-Stuff/SMASH-ULTIMATE-MODS-BABY/50xx-the-mod/acmd-edits/code-mod-framework/lib/libnx_min/nx/lib\libnx_min.a(fs.o)
                0x0000000000015360                fsOpenDataStorageByCurrentProcess
 *fill*         0x000000000001552c        0x4 
 .text.fsOpenDataStorageByDataId
                0x0000000000015530      0x200 C:/Users/RNG/Desktop/Stuff/Smash-Stuff/SMASH-ULTIMATE-MODS-BABY/50xx-the-mod/acmd-edits/code-mod-framework/lib/libnx_min/nx/lib\libnx_min.a(fs.o)
                0x0000000000015530                fsOpenDataStorageByDataId
 .text.fsOpenDeviceOperator
                0x0000000000015730      0x1cc C:/Users/RNG/Desktop/Stuff/Smash-Stuff/SMASH-ULTIMATE-MODS-BABY/50xx-the-mod/acmd-edits/code-mod-framework/lib/libnx_min/nx/lib\libnx_min.a(fs.o)
                0x0000000000015730                fsOpenDeviceOperator
 *fill*         0x00000000000158fc        0x4 
 .text.fsOpenSdCardDetectionEventNotifier
                0x0000000000015900      0x1cc C:/Users/RNG/Desktop/Stuff/Smash-Stuff/SMASH-ULTIMATE-MODS-BABY/50xx-the-mod/acmd-edits/code-mod-framework/lib/libnx_min/nx/lib\libnx_min.a(fs.o)
                0x0000000000015900                fsOpenSdCardDetectionEventNotifier
 *fill*         0x0000000000015acc        0x4 
 .text.fsGetRightsIdByPath
                0x0000000000015ad0      0x174 C:/Users/RNG/Desktop/Stuff/Smash-Stuff/SMASH-ULTIMATE-MODS-BABY/50xx-the-mod/acmd-edits/code-mod-framework/lib/libnx_min/nx/lib\libnx_min.a(fs.o)
                0x0000000000015ad0                fsGetRightsIdByPath
 *fill*         0x0000000000015c44        0xc 
 .text.fsGetRightsIdAndKeyGenerationByPath
                0x0000000000015c50      0x184 C:/Users/RNG/Desktop/Stuff/Smash-Stuff/SMASH-ULTIMATE-MODS-BABY/50xx-the-mod/acmd-edits/code-mod-framework/lib/libnx_min/nx/lib\libnx_min.a(fs.o)
                0x0000000000015c50                fsGetRightsIdAndKeyGenerationByPath
 *fill*         0x0000000000015dd4        0xc 
 .text.fsIsExFatSupported
                0x0000000000015de0      0x138 C:/Users/RNG/Desktop/Stuff/Smash-Stuff/SMASH-ULTIMATE-MODS-BABY/50xx-the-mod/acmd-edits/code-mod-framework/lib/libnx_min/nx/lib\libnx_min.a(fs.o)
                0x0000000000015de0                fsIsExFatSupported
 *fill*         0x0000000000015f18        0x8 
 .text.fsMount_SaveData
                0x0000000000015f20       0x3c C:/Users/RNG/Desktop/Stuff/Smash-Stuff/SMASH-ULTIMATE-MODS-BABY/50xx-the-mod/acmd-edits/code-mod-framework/lib/libnx_min/nx/lib\libnx_min.a(fs.o)
                0x0000000000015f20                fsMount_SaveData
 *fill*         0x0000000000015f5c        0x4 
 .text.fsMount_SystemSaveData
                0x0000000000015f60       0x30 C:/Users/RNG/Desktop/Stuff/Smash-Stuff/SMASH-ULTIMATE-MODS-BABY/50xx-the-mod/acmd-edits/code-mod-framework/lib/libnx_min/nx/lib\libnx_min.a(fs.o)
                0x0000000000015f60                fsMount_SystemSaveData
 .text.fsOpenFileSystemWithId
                0x0000000000015f90      0x248 C:/Users/RNG/Desktop/Stuff/Smash-Stuff/SMASH-ULTIMATE-MODS-BABY/50xx-the-mod/acmd-edits/code-mod-framework/lib/libnx_min/nx/lib\libnx_min.a(fs.o)
                0x0000000000015f90                fsOpenFileSystemWithId
 *fill*         0x00000000000161d8        0x8 
 .text.fsOpenFileSystem
                0x00000000000161e0       0x10 C:/Users/RNG/Desktop/Stuff/Smash-Stuff/SMASH-ULTIMATE-MODS-BABY/50xx-the-mod/acmd-edits/code-mod-framework/lib/libnx_min/nx/lib\libnx_min.a(fs.o)
                0x00000000000161e0                fsOpenFileSystem
 .text.fsOpenFileSystemWithPatch
                0x00000000000161f0      0x184 C:/Users/RNG/Desktop/Stuff/Smash-Stuff/SMASH-ULTIMATE-MODS-BABY/50xx-the-mod/acmd-edits/code-mod-framework/lib/libnx_min/nx/lib\libnx_min.a(fs.o)
                0x00000000000161f0                fsOpenFileSystemWithPatch
 *fill*         0x0000000000016374        0xc 
 .text.fsFsCreateFile
                0x0000000000016380      0x1a4 C:/Users/RNG/Desktop/Stuff/Smash-Stuff/SMASH-ULTIMATE-MODS-BABY/50xx-the-mod/acmd-edits/code-mod-framework/lib/libnx_min/nx/lib\libnx_min.a(fs.o)
                0x0000000000016380                fsFsCreateFile
 *fill*         0x0000000000016524        0xc 
 .text.fsFsDeleteFile
                0x0000000000016530      0x19c C:/Users/RNG/Desktop/Stuff/Smash-Stuff/SMASH-ULTIMATE-MODS-BABY/50xx-the-mod/acmd-edits/code-mod-framework/lib/libnx_min/nx/lib\libnx_min.a(fs.o)
                0x0000000000016530                fsFsDeleteFile
 *fill*         0x00000000000166cc        0x4 
 .text.fsFsCreateDirectory
                0x00000000000166d0      0x19c C:/Users/RNG/Desktop/Stuff/Smash-Stuff/SMASH-ULTIMATE-MODS-BABY/50xx-the-mod/acmd-edits/code-mod-framework/lib/libnx_min/nx/lib\libnx_min.a(fs.o)
                0x00000000000166d0                fsFsCreateDirectory
 *fill*         0x000000000001686c        0x4 
 .text.fsFsDeleteDirectory
                0x0000000000016870      0x19c C:/Users/RNG/Desktop/Stuff/Smash-Stuff/SMASH-ULTIMATE-MODS-BABY/50xx-the-mod/acmd-edits/code-mod-framework/lib/libnx_min/nx/lib\libnx_min.a(fs.o)
                0x0000000000016870                fsFsDeleteDirectory
 *fill*         0x0000000000016a0c        0x4 
 .text.fsFsDeleteDirectoryRecursively
                0x0000000000016a10      0x19c C:/Users/RNG/Desktop/Stuff/Smash-Stuff/SMASH-ULTIMATE-MODS-BABY/50xx-the-mod/acmd-edits/code-mod-framework/lib/libnx_min/nx/lib\libnx_min.a(fs.o)
                0x0000000000016a10                fsFsDeleteDirectoryRecursively
 *fill*         0x0000000000016bac        0x4 
 .text.fsFsRenameFile
                0x0000000000016bb0      0x214 C:/Users/RNG/Desktop/Stuff/Smash-Stuff/SMASH-ULTIMATE-MODS-BABY/50xx-the-mod/acmd-edits/code-mod-framework/lib/libnx_min/nx/lib\libnx_min.a(fs.o)
                0x0000000000016bb0                fsFsRenameFile
 *fill*         0x0000000000016dc4        0xc 
 .text.fsFsRenameDirectory
                0x0000000000016dd0      0x214 C:/Users/RNG/Desktop/Stuff/Smash-Stuff/SMASH-ULTIMATE-MODS-BABY/50xx-the-mod/acmd-edits/code-mod-framework/lib/libnx_min/nx/lib\libnx_min.a(fs.o)
                0x0000000000016dd0                fsFsRenameDirectory
 *fill*         0x0000000000016fe4        0xc 
 .text.fsFsGetEntryType
                0x0000000000016ff0      0x1b0 C:/Users/RNG/Desktop/Stuff/Smash-Stuff/SMASH-ULTIMATE-MODS-BABY/50xx-the-mod/acmd-edits/code-mod-framework/lib/libnx_min/nx/lib\libnx_min.a(fs.o)
                0x0000000000016ff0                fsFsGetEntryType
 .text.fsFsOpenFile
                0x00000000000171a0      0x1e4 C:/Users/RNG/Desktop/Stuff/Smash-Stuff/SMASH-ULTIMATE-MODS-BABY/50xx-the-mod/acmd-edits/code-mod-framework/lib/libnx_min/nx/lib\libnx_min.a(fs.o)
                0x00000000000171a0                fsFsOpenFile
 *fill*         0x0000000000017384        0xc 
 .text.fsFsOpenDirectory
                0x0000000000017390      0x1f8 C:/Users/RNG/Desktop/Stuff/Smash-Stuff/SMASH-ULTIMATE-MODS-BABY/50xx-the-mod/acmd-edits/code-mod-framework/lib/libnx_min/nx/lib\libnx_min.a(fs.o)
                0x0000000000017390                fsFsOpenDirectory
 *fill*         0x0000000000017588        0x8 
 .text.fsFsCommit
                0x0000000000017590      0x17c C:/Users/RNG/Desktop/Stuff/Smash-Stuff/SMASH-ULTIMATE-MODS-BABY/50xx-the-mod/acmd-edits/code-mod-framework/lib/libnx_min/nx/lib\libnx_min.a(fs.o)
                0x0000000000017590                fsFsCommit
 *fill*         0x000000000001770c        0x4 
 .text.fsFsGetFreeSpace
                0x0000000000017710      0x1b0 C:/Users/RNG/Desktop/Stuff/Smash-Stuff/SMASH-ULTIMATE-MODS-BABY/50xx-the-mod/acmd-edits/code-mod-framework/lib/libnx_min/nx/lib\libnx_min.a(fs.o)
                0x0000000000017710                fsFsGetFreeSpace
 .text.fsFsGetTotalSpace
                0x00000000000178c0      0x1b0 C:/Users/RNG/Desktop/Stuff/Smash-Stuff/SMASH-ULTIMATE-MODS-BABY/50xx-the-mod/acmd-edits/code-mod-framework/lib/libnx_min/nx/lib\libnx_min.a(fs.o)
                0x00000000000178c0                fsFsGetTotalSpace
 .text.fsFsCleanDirectoryRecursively
                0x0000000000017a70      0x140 C:/Users/RNG/Desktop/Stuff/Smash-Stuff/SMASH-ULTIMATE-MODS-BABY/50xx-the-mod/acmd-edits/code-mod-framework/lib/libnx_min/nx/lib\libnx_min.a(fs.o)
                0x0000000000017a70                fsFsCleanDirectoryRecursively
 .text.fsFsGetFileTimeStampRaw
                0x0000000000017bb0      0x194 C:/Users/RNG/Desktop/Stuff/Smash-Stuff/SMASH-ULTIMATE-MODS-BABY/50xx-the-mod/acmd-edits/code-mod-framework/lib/libnx_min/nx/lib\libnx_min.a(fs.o)
                0x0000000000017bb0                fsFsGetFileTimeStampRaw
 *fill*         0x0000000000017d44        0xc 
 .text.fsFsQueryEntry
                0x0000000000017d50       0x60 C:/Users/RNG/Desktop/Stuff/Smash-Stuff/SMASH-ULTIMATE-MODS-BABY/50xx-the-mod/acmd-edits/code-mod-framework/lib/libnx_min/nx/lib\libnx_min.a(fs.o)
                0x0000000000017d50                fsFsQueryEntry
 .text.fsFsSetArchiveBit
                0x0000000000017db0       0x1c C:/Users/RNG/Desktop/Stuff/Smash-Stuff/SMASH-ULTIMATE-MODS-BABY/50xx-the-mod/acmd-edits/code-mod-framework/lib/libnx_min/nx/lib\libnx_min.a(fs.o)
                0x0000000000017db0                fsFsSetArchiveBit
 *fill*         0x0000000000017dcc        0x4 
 .text.fsFsClose
                0x0000000000017dd0       0x6c C:/Users/RNG/Desktop/Stuff/Smash-Stuff/SMASH-ULTIMATE-MODS-BABY/50xx-the-mod/acmd-edits/code-mod-framework/lib/libnx_min/nx/lib\libnx_min.a(fs.o)
                0x0000000000017dd0                fsFsClose
 *fill*         0x0000000000017e3c        0x4 
 .text.fsFileRead
                0x0000000000017e40      0x1f8 C:/Users/RNG/Desktop/Stuff/Smash-Stuff/SMASH-ULTIMATE-MODS-BABY/50xx-the-mod/acmd-edits/code-mod-framework/lib/libnx_min/nx/lib\libnx_min.a(fs.o)
                0x0000000000017e40                fsFileRead
 *fill*         0x0000000000018038        0x8 
 .text.fsFileWrite
                0x0000000000018040      0x1cc C:/Users/RNG/Desktop/Stuff/Smash-Stuff/SMASH-ULTIMATE-MODS-BABY/50xx-the-mod/acmd-edits/code-mod-framework/lib/libnx_min/nx/lib\libnx_min.a(fs.o)
                0x0000000000018040                fsFileWrite
 *fill*         0x000000000001820c        0x4 
 .text.fsFileFlush
                0x0000000000018210      0x17c C:/Users/RNG/Desktop/Stuff/Smash-Stuff/SMASH-ULTIMATE-MODS-BABY/50xx-the-mod/acmd-edits/code-mod-framework/lib/libnx_min/nx/lib\libnx_min.a(fs.o)
                0x0000000000018210                fsFileFlush
 *fill*         0x000000000001838c        0x4 
 .text.fsFileSetSize
                0x0000000000018390      0x18c C:/Users/RNG/Desktop/Stuff/Smash-Stuff/SMASH-ULTIMATE-MODS-BABY/50xx-the-mod/acmd-edits/code-mod-framework/lib/libnx_min/nx/lib\libnx_min.a(fs.o)
                0x0000000000018390                fsFileSetSize
 *fill*         0x000000000001851c        0x4 
 .text.fsFileGetSize
                0x0000000000018520      0x194 C:/Users/RNG/Desktop/Stuff/Smash-Stuff/SMASH-ULTIMATE-MODS-BABY/50xx-the-mod/acmd-edits/code-mod-framework/lib/libnx_min/nx/lib\libnx_min.a(fs.o)
                0x0000000000018520                fsFileGetSize
 *fill*         0x00000000000186b4        0xc 
 .text.fsFileOperateRange
                0x00000000000186c0      0x180 C:/Users/RNG/Desktop/Stuff/Smash-Stuff/SMASH-ULTIMATE-MODS-BABY/50xx-the-mod/acmd-edits/code-mod-framework/lib/libnx_min/nx/lib\libnx_min.a(fs.o)
                0x00000000000186c0                fsFileOperateRange
 .text.fsFileClose
                0x0000000000018840       0x6c C:/Users/RNG/Desktop/Stuff/Smash-Stuff/SMASH-ULTIMATE-MODS-BABY/50xx-the-mod/acmd-edits/code-mod-framework/lib/libnx_min/nx/lib\libnx_min.a(fs.o)
                0x0000000000018840                fsFileClose
 *fill*         0x00000000000188ac        0x4 
 .text.fsDirClose
                0x00000000000188b0       0x6c C:/Users/RNG/Desktop/Stuff/Smash-Stuff/SMASH-ULTIMATE-MODS-BABY/50xx-the-mod/acmd-edits/code-mod-framework/lib/libnx_min/nx/lib\libnx_min.a(fs.o)
                0x00000000000188b0                fsDirClose
 *fill*         0x000000000001891c        0x4 
 .text.fsDirRead
                0x0000000000018920      0x1ec C:/Users/RNG/Desktop/Stuff/Smash-Stuff/SMASH-ULTIMATE-MODS-BABY/50xx-the-mod/acmd-edits/code-mod-framework/lib/libnx_min/nx/lib\libnx_min.a(fs.o)
                0x0000000000018920                fsDirRead
 *fill*         0x0000000000018b0c        0x4 
 .text.fsDirGetEntryCount
                0x0000000000018b10      0x198 C:/Users/RNG/Desktop/Stuff/Smash-Stuff/SMASH-ULTIMATE-MODS-BABY/50xx-the-mod/acmd-edits/code-mod-framework/lib/libnx_min/nx/lib\libnx_min.a(fs.o)
                0x0000000000018b10                fsDirGetEntryCount
 *fill*         0x0000000000018ca8        0x8 
 .text.fsStorageRead
                0x0000000000018cb0      0x1d0 C:/Users/RNG/Desktop/Stuff/Smash-Stuff/SMASH-ULTIMATE-MODS-BABY/50xx-the-mod/acmd-edits/code-mod-framework/lib/libnx_min/nx/lib\libnx_min.a(fs.o)
                0x0000000000018cb0                fsStorageRead
 .text.fsStorageWrite
                0x0000000000018e80      0x1d0 C:/Users/RNG/Desktop/Stuff/Smash-Stuff/SMASH-ULTIMATE-MODS-BABY/50xx-the-mod/acmd-edits/code-mod-framework/lib/libnx_min/nx/lib\libnx_min.a(fs.o)
                0x0000000000018e80                fsStorageWrite
 .text.fsStorageFlush
                0x0000000000019050      0x17c C:/Users/RNG/Desktop/Stuff/Smash-Stuff/SMASH-ULTIMATE-MODS-BABY/50xx-the-mod/acmd-edits/code-mod-framework/lib/libnx_min/nx/lib\libnx_min.a(fs.o)
                0x0000000000019050                fsStorageFlush
 *fill*         0x00000000000191cc        0x4 
 .text.fsStorageSetSize
                0x00000000000191d0      0x18c C:/Users/RNG/Desktop/Stuff/Smash-Stuff/SMASH-ULTIMATE-MODS-BABY/50xx-the-mod/acmd-edits/code-mod-framework/lib/libnx_min/nx/lib\libnx_min.a(fs.o)
                0x00000000000191d0                fsStorageSetSize
 *fill*         0x000000000001935c        0x4 
 .text.fsStorageGetSize
                0x0000000000019360      0x194 C:/Users/RNG/Desktop/Stuff/Smash-Stuff/SMASH-ULTIMATE-MODS-BABY/50xx-the-mod/acmd-edits/code-mod-framework/lib/libnx_min/nx/lib\libnx_min.a(fs.o)
                0x0000000000019360                fsStorageGetSize
 *fill*         0x00000000000194f4        0xc 
 .text.fsStorageOperateRange
                0x0000000000019500      0x180 C:/Users/RNG/Desktop/Stuff/Smash-Stuff/SMASH-ULTIMATE-MODS-BABY/50xx-the-mod/acmd-edits/code-mod-framework/lib/libnx_min/nx/lib\libnx_min.a(fs.o)
                0x0000000000019500                fsStorageOperateRange
 .text.fsStorageClose
                0x0000000000019680       0x6c C:/Users/RNG/Desktop/Stuff/Smash-Stuff/SMASH-ULTIMATE-MODS-BABY/50xx-the-mod/acmd-edits/code-mod-framework/lib/libnx_min/nx/lib\libnx_min.a(fs.o)
                0x0000000000019680                fsStorageClose
 *fill*         0x00000000000196ec        0x4 
 .text.fsSaveDataIteratorRead
                0x00000000000196f0      0x1d0 C:/Users/RNG/Desktop/Stuff/Smash-Stuff/SMASH-ULTIMATE-MODS-BABY/50xx-the-mod/acmd-edits/code-mod-framework/lib/libnx_min/nx/lib\libnx_min.a(fs.o)
                0x00000000000196f0                fsSaveDataIteratorRead
 .text.fsSaveDataIteratorClose
                0x00000000000198c0       0x6c C:/Users/RNG/Desktop/Stuff/Smash-Stuff/SMASH-ULTIMATE-MODS-BABY/50xx-the-mod/acmd-edits/code-mod-framework/lib/libnx_min/nx/lib\libnx_min.a(fs.o)
                0x00000000000198c0                fsSaveDataIteratorClose
 *fill*         0x000000000001992c        0x4 
 .text.fsEventNotifierGetEventHandle
                0x0000000000019930      0x188 C:/Users/RNG/Desktop/Stuff/Smash-Stuff/SMASH-ULTIMATE-MODS-BABY/50xx-the-mod/acmd-edits/code-mod-framework/lib/libnx_min/nx/lib\libnx_min.a(fs.o)
                0x0000000000019930                fsEventNotifierGetEventHandle
 *fill*         0x0000000000019ab8        0x8 
 .text.fsEventNotifierClose
                0x0000000000019ac0       0x6c C:/Users/RNG/Desktop/Stuff/Smash-Stuff/SMASH-ULTIMATE-MODS-BABY/50xx-the-mod/acmd-edits/code-mod-framework/lib/libnx_min/nx/lib\libnx_min.a(fs.o)
                0x0000000000019ac0                fsEventNotifierClose
 *fill*         0x0000000000019b2c        0x4 
 .text.fsDeviceOperatorIsSdCardInserted
                0x0000000000019b30        0xc C:/Users/RNG/Desktop/Stuff/Smash-Stuff/SMASH-ULTIMATE-MODS-BABY/50xx-the-mod/acmd-edits/code-mod-framework/lib/libnx_min/nx/lib\libnx_min.a(fs.o)
                0x0000000000019b30                fsDeviceOperatorIsSdCardInserted
 *fill*         0x0000000000019b3c        0x4 
 .text.fsDeviceOperatorIsGameCardInserted
                0x0000000000019b40        0xc C:/Users/RNG/Desktop/Stuff/Smash-Stuff/SMASH-ULTIMATE-MODS-BABY/50xx-the-mod/acmd-edits/code-mod-framework/lib/libnx_min/nx/lib\libnx_min.a(fs.o)
                0x0000000000019b40                fsDeviceOperatorIsGameCardInserted
 *fill*         0x0000000000019b4c        0x4 
 .text.fsDeviceOperatorGetGameCardHandle
                0x0000000000019b50      0x190 C:/Users/RNG/Desktop/Stuff/Smash-Stuff/SMASH-ULTIMATE-MODS-BABY/50xx-the-mod/acmd-edits/code-mod-framework/lib/libnx_min/nx/lib\libnx_min.a(fs.o)
                0x0000000000019b50                fsDeviceOperatorGetGameCardHandle
 .text.fsDeviceOperatorGetGameCardAttribute
                0x0000000000019ce0      0x18c C:/Users/RNG/Desktop/Stuff/Smash-Stuff/SMASH-ULTIMATE-MODS-BABY/50xx-the-mod/acmd-edits/code-mod-framework/lib/libnx_min/nx/lib\libnx_min.a(fs.o)
                0x0000000000019ce0                fsDeviceOperatorGetGameCardAttribute
 *fill*         0x0000000000019e6c        0x4 
 .text.fsDeviceOperatorClose
                0x0000000000019e70       0x6c C:/Users/RNG/Desktop/Stuff/Smash-Stuff/SMASH-ULTIMATE-MODS-BABY/50xx-the-mod/acmd-edits/code-mod-framework/lib/libnx_min/nx/lib\libnx_min.a(fs.o)
                0x0000000000019e70                fsDeviceOperatorClose
 *fill*         0x0000000000019edc        0x4 
 .text.ipcCloseObjectById
                0x0000000000019ee0       0x34 C:/Users/RNG/Desktop/Stuff/Smash-Stuff/SMASH-ULTIMATE-MODS-BABY/50xx-the-mod/acmd-edits/code-mod-framework/lib/libnx_min/nx/lib\libnx_min.a(set.o)
 *fill*         0x0000000000019f14        0xc 
 .text._setMakeLanguageCode
                0x0000000000019f20       0xf4 C:/Users/RNG/Desktop/Stuff/Smash-Stuff/SMASH-ULTIMATE-MODS-BABY/50xx-the-mod/acmd-edits/code-mod-framework/lib/libnx_min/nx/lib\libnx_min.a(set.o)
 *fill*         0x000000000001a014        0xc 
 .text._setsysGetFirmwareVersionImpl
                0x000000000001a020      0x1d4 C:/Users/RNG/Desktop/Stuff/Smash-Stuff/SMASH-ULTIMATE-MODS-BABY/50xx-the-mod/acmd-edits/code-mod-framework/lib/libnx_min/nx/lib\libnx_min.a(set.o)
 *fill*         0x000000000001a1f4        0xc 
 .text.setInitialize
                0x000000000001a200       0x44 C:/Users/RNG/Desktop/Stuff/Smash-Stuff/SMASH-ULTIMATE-MODS-BABY/50xx-the-mod/acmd-edits/code-mod-framework/lib/libnx_min/nx/lib\libnx_min.a(set.o)
                0x000000000001a200                setInitialize
 *fill*         0x000000000001a244        0xc 
 .text.setExit  0x000000000001a250       0x9c C:/Users/RNG/Desktop/Stuff/Smash-Stuff/SMASH-ULTIMATE-MODS-BABY/50xx-the-mod/acmd-edits/code-mod-framework/lib/libnx_min/nx/lib\libnx_min.a(set.o)
                0x000000000001a250                setExit
 *fill*         0x000000000001a2ec        0x4 
 .text.setsysInitialize
                0x000000000001a2f0       0x3c C:/Users/RNG/Desktop/Stuff/Smash-Stuff/SMASH-ULTIMATE-MODS-BABY/50xx-the-mod/acmd-edits/code-mod-framework/lib/libnx_min/nx/lib\libnx_min.a(set.o)
                0x000000000001a2f0                setsysInitialize
 *fill*         0x000000000001a32c        0x4 
 .text.setsysExit
                0x000000000001a330       0x9c C:/Users/RNG/Desktop/Stuff/Smash-Stuff/SMASH-ULTIMATE-MODS-BABY/50xx-the-mod/acmd-edits/code-mod-framework/lib/libnx_min/nx/lib\libnx_min.a(set.o)
                0x000000000001a330                setsysExit
 *fill*         0x000000000001a3cc        0x4 
 .text.setGetLanguageCode
                0x000000000001a3d0       0xec C:/Users/RNG/Desktop/Stuff/Smash-Stuff/SMASH-ULTIMATE-MODS-BABY/50xx-the-mod/acmd-edits/code-mod-framework/lib/libnx_min/nx/lib\libnx_min.a(set.o)
                0x000000000001a3d0                setGetLanguageCode
 *fill*         0x000000000001a4bc        0x4 
 .text.setGetSystemLanguage
                0x000000000001a4c0        0x4 C:/Users/RNG/Desktop/Stuff/Smash-Stuff/SMASH-ULTIMATE-MODS-BABY/50xx-the-mod/acmd-edits/code-mod-framework/lib/libnx_min/nx/lib\libnx_min.a(set.o)
                0x000000000001a4c0                setGetSystemLanguage
 *fill*         0x000000000001a4c4        0xc 
 .text.setGetAvailableLanguageCodeCount
                0x000000000001a4d0      0x10c C:/Users/RNG/Desktop/Stuff/Smash-Stuff/SMASH-ULTIMATE-MODS-BABY/50xx-the-mod/acmd-edits/code-mod-framework/lib/libnx_min/nx/lib\libnx_min.a(set.o)
                0x000000000001a4d0                setGetAvailableLanguageCodeCount
 *fill*         0x000000000001a5dc        0x4 
 .text.setGetAvailableLanguageCodes
                0x000000000001a5e0      0x1b4 C:/Users/RNG/Desktop/Stuff/Smash-Stuff/SMASH-ULTIMATE-MODS-BABY/50xx-the-mod/acmd-edits/code-mod-framework/lib/libnx_min/nx/lib\libnx_min.a(set.o)
                0x000000000001a5e0                setGetAvailableLanguageCodes
 *fill*         0x000000000001a794        0xc 
 .text.setInitializeLanguageCodesCache
                0x000000000001a7a0       0x70 C:/Users/RNG/Desktop/Stuff/Smash-Stuff/SMASH-ULTIMATE-MODS-BABY/50xx-the-mod/acmd-edits/code-mod-framework/lib/libnx_min/nx/lib\libnx_min.a(set.o)
 .text.setMakeLanguage
                0x000000000001a810       0x8c C:/Users/RNG/Desktop/Stuff/Smash-Stuff/SMASH-ULTIMATE-MODS-BABY/50xx-the-mod/acmd-edits/code-mod-framework/lib/libnx_min/nx/lib\libnx_min.a(set.o)
                0x000000000001a810                setMakeLanguage
 *fill*         0x000000000001a89c        0x4 
 .text.setMakeLanguageCode
                0x000000000001a8a0       0x80 C:/Users/RNG/Desktop/Stuff/Smash-Stuff/SMASH-ULTIMATE-MODS-BABY/50xx-the-mod/acmd-edits/code-mod-framework/lib/libnx_min/nx/lib\libnx_min.a(set.o)
                0x000000000001a8a0                setMakeLanguageCode
 .text.setGetRegionCode
                0x000000000001a920       0xf0 C:/Users/RNG/Desktop/Stuff/Smash-Stuff/SMASH-ULTIMATE-MODS-BABY/50xx-the-mod/acmd-edits/code-mod-framework/lib/libnx_min/nx/lib\libnx_min.a(set.o)
                0x000000000001a920                setGetRegionCode
 .text.setsysGetColorSetId
                0x000000000001aa10       0xe4 C:/Users/RNG/Desktop/Stuff/Smash-Stuff/SMASH-ULTIMATE-MODS-BABY/50xx-the-mod/acmd-edits/code-mod-framework/lib/libnx_min/nx/lib\libnx_min.a(set.o)
                0x000000000001aa10                setsysGetColorSetId
 *fill*         0x000000000001aaf4        0xc 
 .text.setsysSetColorSetId
                0x000000000001ab00       0xd0 C:/Users/RNG/Desktop/Stuff/Smash-Stuff/SMASH-ULTIMATE-MODS-BABY/50xx-the-mod/acmd-edits/code-mod-framework/lib/libnx_min/nx/lib\libnx_min.a(set.o)
                0x000000000001ab00                setsysSetColorSetId
 .text.setsysGetSettingsItemValue
                0x000000000001abd0      0x19c C:/Users/RNG/Desktop/Stuff/Smash-Stuff/SMASH-ULTIMATE-MODS-BABY/50xx-the-mod/acmd-edits/code-mod-framework/lib/libnx_min/nx/lib\libnx_min.a(set.o)
                0x000000000001abd0                setsysGetSettingsItemValue
 *fill*         0x000000000001ad6c        0x4 
 .text.setsysGetSettingsItemValueSize
                0x000000000001ad70      0x198 C:/Users/RNG/Desktop/Stuff/Smash-Stuff/SMASH-ULTIMATE-MODS-BABY/50xx-the-mod/acmd-edits/code-mod-framework/lib/libnx_min/nx/lib\libnx_min.a(set.o)
                0x000000000001ad70                setsysGetSettingsItemValueSize
 *fill*         0x000000000001af08        0x8 
 .text.setsysGetSerialNumber
                0x000000000001af10      0x108 C:/Users/RNG/Desktop/Stuff/Smash-Stuff/SMASH-ULTIMATE-MODS-BABY/50xx-the-mod/acmd-edits/code-mod-framework/lib/libnx_min/nx/lib\libnx_min.a(set.o)
                0x000000000001af10                setsysGetSerialNumber
 *fill*         0x000000000001b018        0x8 
 .text.setsysGetFlag
                0x000000000001b020       0xec C:/Users/RNG/Desktop/Stuff/Smash-Stuff/SMASH-ULTIMATE-MODS-BABY/50xx-the-mod/acmd-edits/code-mod-framework/lib/libnx_min/nx/lib\libnx_min.a(set.o)
                0x000000000001b020                setsysGetFlag
 *fill*         0x000000000001b10c        0x4 
 .text.setsysSetFlag
                0x000000000001b110       0xd0 C:/Users/RNG/Desktop/Stuff/Smash-Stuff/SMASH-ULTIMATE-MODS-BABY/50xx-the-mod/acmd-edits/code-mod-framework/lib/libnx_min/nx/lib\libnx_min.a(set.o)
                0x000000000001b110                setsysSetFlag
 .text.setsysGetFirmwareVersion
                0x000000000001b1e0       0x44 C:/Users/RNG/Desktop/Stuff/Smash-Stuff/SMASH-ULTIMATE-MODS-BABY/50xx-the-mod/acmd-edits/code-mod-framework/lib/libnx_min/nx/lib\libnx_min.a(set.o)
                0x000000000001b1e0                setsysGetFirmwareVersion
 *fill*         0x000000000001b224        0xc 
 .text.setsysBindFatalDirtyFlagEvent
                0x000000000001b230      0x13c C:/Users/RNG/Desktop/Stuff/Smash-Stuff/SMASH-ULTIMATE-MODS-BABY/50xx-the-mod/acmd-edits/code-mod-framework/lib/libnx_min/nx/lib\libnx_min.a(set.o)
                0x000000000001b230                setsysBindFatalDirtyFlagEvent
 *fill*         0x000000000001b36c        0x4 
 .text.setsysGetFatalDirtyFlags
                0x000000000001b370       0xf8 C:/Users/RNG/Desktop/Stuff/Smash-Stuff/SMASH-ULTIMATE-MODS-BABY/50xx-the-mod/acmd-edits/code-mod-framework/lib/libnx_min/nx/lib\libnx_min.a(set.o)
                0x000000000001b370                setsysGetFatalDirtyFlags
 *fill*         0x000000000001b468        0x8 
 .text.setsysGetDeviceNickname
                0x000000000001b470       0xf8 C:/Users/RNG/Desktop/Stuff/Smash-Stuff/SMASH-ULTIMATE-MODS-BABY/50xx-the-mod/acmd-edits/code-mod-framework/lib/libnx_min/nx/lib\libnx_min.a(set.o)
                0x000000000001b470                setsysGetDeviceNickname
 *fill*         0x000000000001b568        0x8 
 .text.setsysSetDeviceNickname
                0x000000000001b570      0x134 C:/Users/RNG/Desktop/Stuff/Smash-Stuff/SMASH-ULTIMATE-MODS-BABY/50xx-the-mod/acmd-edits/code-mod-framework/lib/libnx_min/nx/lib\libnx_min.a(set.o)
                0x000000000001b570                setsysSetDeviceNickname
 *fill*         0x000000000001b6a4        0xc 
 .text._fatalImpl
                0x000000000001b6b0      0x140 C:/Users/RNG/Desktop/Stuff/Smash-Stuff/SMASH-ULTIMATE-MODS-BABY/50xx-the-mod/acmd-edits/code-mod-framework/lib/libnx_min/nx/lib\libnx_min.a(fatal.o)
 .text.fatalWithType
                0x000000000001b7f0       0x14 C:/Users/RNG/Desktop/Stuff/Smash-Stuff/SMASH-ULTIMATE-MODS-BABY/50xx-the-mod/acmd-edits/code-mod-framework/lib/libnx_min/nx/lib\libnx_min.a(fatal.o)
                0x000000000001b7f0                fatalWithType
 *fill*         0x000000000001b804        0xc 
 .text.fatalSimple
                0x000000000001b810       0x14 C:/Users/RNG/Desktop/Stuff/Smash-Stuff/SMASH-ULTIMATE-MODS-BABY/50xx-the-mod/acmd-edits/code-mod-framework/lib/libnx_min/nx/lib\libnx_min.a(fatal.o)
                0x000000000001b810                fatalSimple
 *fill*         0x000000000001b824        0xc 
 .text.fatalWithContext
                0x000000000001b830       0x14 C:/Users/RNG/Desktop/Stuff/Smash-Stuff/SMASH-ULTIMATE-MODS-BABY/50xx-the-mod/acmd-edits/code-mod-framework/lib/libnx_min/nx/lib\libnx_min.a(fatal.o)
                0x000000000001b830                fatalWithContext
 *fill*         0x000000000001b844        0xc 
 .text.ipcCloseObjectById