Archive member included to satisfy reference by file (symbol)

C:/Users/RNG/Desktop/Stuff/Smash-Stuff/SMASH-ULTIMATE-MODS-BABY/50xx-the-mod/acmd-edits/code-mod-framework/lib/libnx_min/nx/lib\libnx_min.a(switch_crt0.o)
                              (_start)
C:/Users/RNG/Desktop/Stuff/Smash-Stuff/SMASH-ULTIMATE-MODS-BABY/50xx-the-mod/acmd-edits/code-mod-framework/lib/libnx_min/nx/lib\libnx_min.a(exception.o)
                              C:/Users/RNG/Desktop/Stuff/Smash-Stuff/SMASH-ULTIMATE-MODS-BABY/50xx-the-mod/acmd-edits/code-mod-framework/lib/libnx_min/nx/lib\libnx_min.a(switch_crt0.o) (__libnx_exception_entry)
C:/Users/RNG/Desktop/Stuff/Smash-Stuff/SMASH-ULTIMATE-MODS-BABY/50xx-the-mod/acmd-edits/code-mod-framework/lib/libnx_min/nx/lib\libnx_min.a(argv.o)
                              C:/Users/RNG/Desktop/Stuff/Smash-Stuff/SMASH-ULTIMATE-MODS-BABY/50xx-the-mod/acmd-edits/code-mod-framework/lib/libnx_min/nx/lib\libnx_min.a(switch_crt0.o) (__system_argv)
C:/Users/RNG/Desktop/Stuff/Smash-Stuff/SMASH-ULTIMATE-MODS-BABY/50xx-the-mod/acmd-edits/code-mod-framework/lib/libnx_min/nx/lib\libnx_min.a(env.o)
                              C:/Users/RNG/Desktop/Stuff/Smash-Stuff/SMASH-ULTIMATE-MODS-BABY/50xx-the-mod/acmd-edits/code-mod-framework/lib/libnx_min/nx/lib\libnx_min.a(argv.o) (envIsNso)
C:/Users/RNG/Desktop/Stuff/Smash-Stuff/SMASH-ULTIMATE-MODS-BABY/50xx-the-mod/acmd-edits/code-mod-framework/lib/libnx_min/nx/lib\libnx_min.a(init.o)
                              C:/Users/RNG/Desktop/Stuff/Smash-Stuff/SMASH-ULTIMATE-MODS-BABY/50xx-the-mod/acmd-edits/code-mod-framework/lib/libnx_min/nx/lib\libnx_min.a(exception.o) (__nx_exceptiondump)
C:/Users/RNG/Desktop/Stuff/Smash-Stuff/SMASH-ULTIMATE-MODS-BABY/50xx-the-mod/acmd-edits/code-mod-framework/lib/libnx_min/nx/lib\libnx_min.a(hosversion.o)
                              C:/Users/RNG/Desktop/Stuff/Smash-Stuff/SMASH-ULTIMATE-MODS-BABY/50xx-the-mod/acmd-edits/code-mod-framework/lib/libnx_min/nx/lib\libnx_min.a(init.o) (hosversionSet)
C:/Users/RNG/Desktop/Stuff/Smash-Stuff/SMASH-ULTIMATE-MODS-BABY/50xx-the-mod/acmd-edits/code-mod-framework/lib/libnx_min/nx/lib\libnx_min.a(dynamic.o)
                              C:/Users/RNG/Desktop/Stuff/Smash-Stuff/SMASH-ULTIMATE-MODS-BABY/50xx-the-mod/acmd-edits/code-mod-framework/lib/libnx_min/nx/lib\libnx_min.a(switch_crt0.o) (__nx_dynamic)
C:/Users/RNG/Desktop/Stuff/Smash-Stuff/SMASH-ULTIMATE-MODS-BABY/50xx-the-mod/acmd-edits/code-mod-framework/lib/libnx_min/nx/lib\libnx_min.a(fs_dev.o)
                              C:/Users/RNG/Desktop/Stuff/Smash-Stuff/SMASH-ULTIMATE-MODS-BABY/50xx-the-mod/acmd-edits/code-mod-framework/lib/libnx_min/nx/lib\libnx_min.a(init.o) (fsdevMountSdmc)
C:/Users/RNG/Desktop/Stuff/Smash-Stuff/SMASH-ULTIMATE-MODS-BABY/50xx-the-mod/acmd-edits/code-mod-framework/lib/libnx_min/nx/lib\libnx_min.a(decode_utf8.o)
                              C:/Users/RNG/Desktop/Stuff/Smash-Stuff/SMASH-ULTIMATE-MODS-BABY/50xx-the-mod/acmd-edits/code-mod-framework/lib/libnx_min/nx/lib\libnx_min.a(fs_dev.o) (decode_utf8)
C:/Users/RNG/Desktop/Stuff/Smash-Stuff/SMASH-ULTIMATE-MODS-BABY/50xx-the-mod/acmd-edits/code-mod-framework/lib/libnx_min/nx/lib\libnx_min.a(svc.o)
                              C:/Users/RNG/Desktop/Stuff/Smash-Stuff/SMASH-ULTIMATE-MODS-BABY/50xx-the-mod/acmd-edits/code-mod-framework/lib/libnx_min/nx/lib\libnx_min.a(init.o) (svcSetHeapSize)
C:/Users/RNG/Desktop/Stuff/Smash-Stuff/SMASH-ULTIMATE-MODS-BABY/50xx-the-mod/acmd-edits/code-mod-framework/lib/libnx_min/nx/lib\libnx_min.a(readtp.o)
                              C:/Users/RNG/Desktop/Stuff/Smash-Stuff/SMASH-ULTIMATE-MODS-BABY/50xx-the-mod/acmd-edits/code-mod-framework/lib/libnx_min/nx/lib\libnx_min.a(fs_dev.o) (__aarch64_read_tp)
C:/Users/RNG/Desktop/Stuff/Smash-Stuff/SMASH-ULTIMATE-MODS-BABY/50xx-the-mod/acmd-edits/code-mod-framework/lib/libnx_min/nx/lib\libnx_min.a(virtmem.o)
                              C:/Users/RNG/Desktop/Stuff/Smash-Stuff/SMASH-ULTIMATE-MODS-BABY/50xx-the-mod/acmd-edits/code-mod-framework/lib/libnx_min/nx/lib\libnx_min.a(init.o) (virtmemSetup)
C:/Users/RNG/Desktop/Stuff/Smash-Stuff/SMASH-ULTIMATE-MODS-BABY/50xx-the-mod/acmd-edits/code-mod-framework/lib/libnx_min/nx/lib\libnx_min.a(mutex.o)
                              C:/Users/RNG/Desktop/Stuff/Smash-Stuff/SMASH-ULTIMATE-MODS-BABY/50xx-the-mod/acmd-edits/code-mod-framework/lib/libnx_min/nx/lib\libnx_min.a(virtmem.o) (mutexLock)
C:/Users/RNG/Desktop/Stuff/Smash-Stuff/SMASH-ULTIMATE-MODS-BABY/50xx-the-mod/acmd-edits/code-mod-framework/lib/libnx_min/nx/lib\libnx_min.a(fs.o)
                              C:/Users/RNG/Desktop/Stuff/Smash-Stuff/SMASH-ULTIMATE-MODS-BABY/50xx-the-mod/acmd-edits/code-mod-framework/lib/libnx_min/nx/lib\libnx_min.a(init.o) (fsInitialize)
C:/Users/RNG/Desktop/Stuff/Smash-Stuff/SMASH-ULTIMATE-MODS-BABY/50xx-the-mod/acmd-edits/code-mod-framework/lib/libnx_min/nx/lib\libnx_min.a(set.o)
[...]
Memory Configuration

Name             Origin             Length             Attributes
*default*        0x0000000000000000 0xffffffffffffffff

Linker script and memory map

                0x0000000000000000                PROVIDE (__start__ = 0x0)
                0x0000000000000000                . = __start__

.crt0           0x0000000000000000      0x158
 *(.crt0)
 .crt0          0x0000000000000000      0x158 C:/Users/RNG/Desktop/Stuff/Smash-Stuff/SMASH-ULTIMATE-MODS-BABY/50xx-the-mod/acmd-edits/code-mod-framework/lib/libnx_min/nx/lib\libnx_min.a(switch_crt0.o)
                0x0000000000000000                _start
                0x0000000000000120                __nx_exit
                0x0000000000000130                __nx_mod0
                0x0000000000000158                . = ALIGN (0x8)

.init           0x0000000000000158       0x38
 *(.init)
 .init          0x0000000000000158       0x18 c:/devkitpro/devkita64/bin/../lib/gcc/aarch64-none-elf/8.3.0/pic/crti.o
                0x0000000000000158                _init
 .init          0x0000000000000170       0x1c c:/devkitpro/devkita64/bin/../lib/gcc/aarch64-none-elf/8.3.0/pic/crtn.o
                0x0000000000000190                . = ALIGN (0x8)
 *fill*         0x000000000000018c        0x4 

.plt            0x0000000000000190       0xa0
 *(.plt)
 .plt           0x0000000000000190       0xa0 c:/devkitpro/devkita64/bin/../lib/gcc/aarch64-none-elf/8.3.0/pic/crti.o
 *(.iplt)
                0x0000000000000230                . = ALIGN (0x8)

.text           0x0000000000000240    0x4c9c0
 *(.text.unlikely .text.*_unlikely .text.unlikely.*)
 *(.text.exit .text.exit.*)
 .text.exit     0x0000000000000240       0x38 c:/devkitpro/devkita64/bin/../lib/gcc/aarch64-none-elf/8.3.0/../../../../aarch64-none-elf/lib/pic\libg.a(lib_a-exit.o)
                0x0000000000000240                exit
 *(.text.startup .text.startup.*)
 *fill*         0x0000000000000278        0x8 
 .text.startup  0x0000000000000280      0xb90 main.o
                0x0000000000000280                main
 *(.text.hot .text.hot.*)
 *(.text .stub .text.* .gnu.linkonce.t.*)
 .text.deregister_tm_clones
                0x0000000000000e10       0x2c c:/devkitpro/devkita64/bin/../lib/gcc/aarch64-none-elf/8.3.0/pic/crtbegin.o
 *fill*         0x0000000000000e3c        0x4 
 .text.register_tm_clones
                0x0000000000000e40       0x38 c:/devkitpro/devkita64/bin/../lib/gcc/aarch64-none-elf/8.3.0/pic/crtbegin.o
 .text.__do_global_dtors_aux
                0x0000000000000e78       0x48 c:/devkitpro/devkita64/bin/../lib/gcc/aarch64-none-elf/8.3.0/pic/crtbegin.o
 .text.frame_dummy
                0x0000000000000ec0       0x34 c:/devkitpro/devkita64/bin/../lib/gcc/aarch64-none-elf/8.3.0/pic/crtbegin.o
 *fill*         0x0000000000000ef4        0xc 
 .text          0x0000000000000f00    0x22c30 main.o
                0x0000000000000f10                get_command_flag_cat_replace(unsigned long, int)
                0x00000000000010f0                clear_lua_stack_replace(lib::L2CAgent*)
                0x0000000000023950                replace_scripts(lib::L2CAgent*, unsigned char, int)
                0x00000000000239a0                sv_get_status_func(unsigned long, int, unsigned long)
                0x00000000000239f0                sv_replace_status_func(unsigned long, int, unsigned long, void*)
                0x0000000000023a30                script_replacement()
                0x0000000000023a90                __libnx_init
                0x0000000000023ae0                __libnx_exit
 .text._ZN6Hash40C2EPKc
                0x0000000000023b30       0x90 main.o
                0x0000000000023b30                Hash40::Hash40(char const*)
                0x0000000000023b30                Hash40::Hash40(char const*)
 .text          0x0000000000023bc0      0xbb8 acmd_wrapper.o
                0x0000000000023bc0                is_before_frame(unsigned long, float)
                0x0000000000023bf0                null_acmd_func(lib::L2CAgent*, void*)
                0x0000000000023c00                load_module(unsigned long, unsigned long)
                0x0000000000023c10                load_module_impl(unsigned long, unsigned long)
                0x0000000000023c20                ACMD::ACMD()
                0x0000000000023c20                ACMD::ACMD()
                0x0000000000023c30                ACMD::ACMD(char const*, char const*, char const*, char const*, void (*)(ACMD*))
                0x0000000000023c30                ACMD::ACMD(char const*, char const*, char const*, char const*, void (*)(ACMD*))
                0x0000000000023c50                ACMD::match()
                0x0000000000023cd0                ACMD::nullify_original(lib::L2CAgent*)
                0x0000000000023da0                ACMD::run(lib::L2CAgent*)
                0x0000000000023e90                ACMD::frame(float)
                0x0000000000023eb0                ACMD::wait(float)
                0x0000000000023ec0                ACMD::is_excute()
                0x0000000000023f40                ACMD::_frame(float)
                0x0000000000023fd0                ACMD::_frame_reimpl(float)
                0x00000000000240c0                ACMD::_wait(float)
                0x0000000000024150                ACMD::_is_excute()
                0x00000000000241f0                ACMD::wrap(void (*)(unsigned long), std::initializer_list<lib::L2CValue>)
                0x0000000000024290                ACMD::ATTACK(unsigned long, unsigned long, unsigned long, float, unsigned long, unsigned long, unsigned long, unsigned long, float, float, float, float, float, float, unsigned long, unsigned long, unsigned long, unsigned long, float, unsigned long, unsigned long, unsigned long, unsigned long, unsigned long, unsigned long, unsigned long, unsigned long, unsigned long, unsigned long, unsigned long, unsigned long, unsigned long, unsigned long)
                0x0000000000024510                ACMD::ATTACK(unsigned long, unsigned long, unsigned long, float, unsigned long, unsigned long, unsigned long, unsigned long, float, float, float, float, float, float, float, float, float, unsigned long, unsigned long, unsigned long, unsigned long, float, unsigned long, unsigned long, unsigned long, unsigned long, unsigned long, unsigned long, unsigned long, unsigned long, unsigned long, unsigned long, unsigned long, unsigned long, unsigned long, unsigned long)
 *fill*         0x0000000000024778        0x8 
 .text          0x0000000000024780      0x124 saltysd_helper.o
                0x0000000000024780                SaltySD_function_replace(unsigned long, unsigned long)
                0x00000000000247f0                SaltySD_function_replace_sym(char*, unsigned long)
                0x0000000000024820                SaltySD_function_replace_sym_check_prev(char*, unsigned long, unsigned long&)
 *fill*         0x00000000000248a4        0xc 
 .text          0x00000000000248b0      0x128 l2c_imports.o
                0x00000000000248b0                lib::lua_const(char const*)
                0x00000000000248f0                lib::L2CValue::L2CValue()
                0x00000000000248f0                lib::L2CValue::L2CValue()
                0x0000000000024900                lib::L2CValue::L2CValue(bool)
                0x0000000000024900                lib::L2CValue::L2CValue(bool)
                0x0000000000024920                lib::L2CValue::L2CValue(int)
                0x0000000000024920                lib::L2CValue::L2CValue(int)
                0x0000000000024940                lib::L2CValue::L2CValue(unsigned long)
                0x0000000000024940                lib::L2CValue::L2CValue(unsigned long)
                0x0000000000024950                lib::L2CValue::L2CValue(float)
                0x0000000000024950                lib::L2CValue::L2CValue(float)
                0x0000000000024960                lib::L2CValue::L2CValue(double)
                0x0000000000024960                lib::L2CValue::L2CValue(double)
                0x0000000000024980                lib::L2CValue::L2CValue(char const*)
                0x0000000000024980                lib::L2CValue::L2CValue(char const*)
                0x0000000000024990                lib::L2CAgent::get_lua_stack(int, lib::L2CValue*)
                0x00000000000249a0                lib::L2CAgent::_clear_lua_stack()
 *fill*         0x00000000000249d8        0x8 
 .text          0x00000000000249e0      0x350 lua_bind_hash.o
                0x00000000000249e0                lua_bind_hash(void const*, unsigned long)
                0x0000000000024d00                lua_bind_hash_str(char const*)
 .text          0x0000000000024d30      0x500 raygun_printer.o
                0x0000000000024d30                show_segment(unsigned long, float, float, float, float, float)
                0x0000000000024e00                alphabet_index(char)
                0x0000000000024e70                print_char(unsigned long, char, int, float, float)
                0x0000000000024fd0                print_string(unsigned long, char const*, ...)
 .text.__libnx_exception_entry
                0x0000000000025230      0x1c0 C:/Users/RNG/Desktop/Stuff/Smash-Stuff/SMASH-ULTIMATE-MODS-BABY/50xx-the-mod/acmd-edits/code-mod-framework/lib/libnx_min/nx/lib\libnx_min.a(exception.o)
                0x0000000000025230                __libnx_exception_entry
 .text.__libnx_exception_returnentry
                0x00000000000253f0       0x18 C:/Users/RNG/Desktop/Stuff/Smash-Stuff/SMASH-ULTIMATE-MODS-BABY/50xx-the-mod/acmd-edits/code-mod-framework/lib/libnx_min/nx/lib\libnx_min.a(exception.o)
                0x00000000000253f0                __libnx_exception_returnentry
 *fill*         0x0000000000025408        0x8 
 .text.argvSetup
                0x0000000000025410      0x318 C:/Users/RNG/Desktop/Stuff/Smash-Stuff/SMASH-ULTIMATE-MODS-BABY/50xx-the-mod/acmd-edits/code-mod-framework/lib/libnx_min/nx/lib\libnx_min.a(argv.o)
                0x0000000000025410                argvSetup
 *fill*         0x0000000000025728        0x8 
 .text.envSetup
                0x0000000000025730      0x208 C:/Users/RNG/Desktop/Stuff/Smash-Stuff/SMASH-ULTIMATE-MODS-BABY/50xx-the-mod/acmd-edits/code-mod-framework/lib/libnx_min/nx/lib\libnx_min.a(env.o)
                0x0000000000025730                envSetup
 *fill*         0x0000000000025938        0x8 
 .text.envGetMainThreadHandle
                0x0000000000025940       0x20 C:/Users/RNG/Desktop/Stuff/Smash-Stuff/SMASH-ULTIMATE-MODS-BABY/50xx-the-mod/acmd-edits/code-mod-framework/lib/libnx_min/nx/lib\libnx_min.a(env.o)
                0x0000000000025940                envGetMainThreadHandle
 .text.envIsNso
                0x0000000000025960        0xc C:/Users/RNG/Desktop/Stuff/Smash-Stuff/SMASH-ULTIMATE-MODS-BABY/50xx-the-mod/acmd-edits/code-mod-framework/lib/libnx_min/nx/lib\libnx_min.a(env.o)
                0x0000000000025960                envIsNso
 *fill*         0x000000000002596c        0x4 
 .text.envHasHeapOverride
                0x0000000000025970       0x14 C:/Users/RNG/Desktop/Stuff/Smash-Stuff/SMASH-ULTIMATE-MODS-BABY/50xx-the-mod/acmd-edits/code-mod-framework/lib/libnx_min/nx/lib\libnx_min.a(env.o)
                0x0000000000025970                envHasHeapOverride
 *fill*         0x0000000000025984        0xc 
 .text.envGetHeapOverrideAddr
                0x0000000000025990        0xc C:/Users/RNG/Desktop/Stuff/Smash-Stuff/SMASH-ULTIMATE-MODS-BABY/50xx-the-mod/acmd-edits/code-mod-framework/lib/libnx_min/nx/lib\libnx_min.a(env.o)
                0x0000000000025990                envGetHeapOverrideAddr
 *fill*         0x000000000002599c        0x4 
 .text.envGetHeapOverrideSize
                0x00000000000259a0        0xc C:/Users/RNG/Desktop/Stuff/Smash-Stuff/SMASH-ULTIMATE-MODS-BABY/50xx-the-mod/acmd-edits/code-mod-framework/lib/libnx_min/nx/lib\libnx_min.a(env.o)
                0x00000000000259a0                envGetHeapOverrideSize
 *fill*         0x00000000000259ac        0x4 
 .text.envHasArgv
                0x00000000000259b0       0x14 C:/Users/RNG/Desktop/Stuff/Smash-Stuff/SMASH-ULTIMATE-MODS-BABY/50xx-the-mod/acmd-edits/code-mod-framework/lib/libnx_min/nx/lib\libnx_min.a(env.o)
                0x00000000000259b0                envHasArgv
 *fill*         0x00000000000259c4        0xc 
 .text.envGetArgv
                0x00000000000259d0        0xc C:/Users/RNG/Desktop/Stuff/Smash-Stuff/SMASH-ULTIMATE-MODS-BABY/50xx-the-mod/acmd-edits/code-mod-framework/lib/libnx_min/nx/lib\libnx_min.a(env.o)
                0x00000000000259d0                envGetArgv
 *fill*         0x00000000000259dc        0x4 
 .text.envIsSyscallHinted
                0x00000000000259e0       0x20 C:/Users/RNG/Desktop/Stuff/Smash-Stuff/SMASH-ULTIMATE-MODS-BABY/50xx-the-mod/acmd-edits/code-mod-framework/lib/libnx_min/nx/lib\libnx_min.a(env.o)
                0x00000000000259e0                envIsSyscallHinted
 .text.envGetOwnProcessHandle
                0x0000000000025a00        0xc C:/Users/RNG/Desktop/Stuff/Smash-Stuff/SMASH-ULTIMATE-MODS-BABY/50xx-the-mod/acmd-edits/code-mod-framework/lib/libnx_min/nx/lib\libnx_min.a(env.o)
                0x0000000000025a00                envGetOwnProcessHandle
 *fill*         0x0000000000025a0c        0x4 
 .text.envGetExitFuncPtr
                0x0000000000025a10        0xc C:/Users/RNG/Desktop/Stuff/Smash-Stuff/SMASH-ULTIMATE-MODS-BABY/50xx-the-mod/acmd-edits/code-mod-framework/lib/libnx_min/nx/lib\libnx_min.a(env.o)
                0x0000000000025a10                envGetExitFuncPtr
 *fill*         0x0000000000025a1c        0x4 
 .text.envSetExitFuncPtr
                0x0000000000025a20        0xc C:/Users/RNG/Desktop/Stuff/Smash-Stuff/SMASH-ULTIMATE-MODS-BABY/50xx-the-mod/acmd-edits/code-mod-framework/lib/libnx_min/nx/lib\libnx_min.a(env.o)
                0x0000000000025a20                envSetExitFuncPtr
 *fill*         0x0000000000025a2c        0x4 
 .text.envSetNextLoad
                0x0000000000025a30       0x7c C:/Users/RNG/Desktop/Stuff/Smash-Stuff/SMASH-ULTIMATE-MODS-BABY/50xx-the-mod/acmd-edits/code-mod-framework/lib/libnx_min/nx/lib\libnx_min.a(env.o)
                0x0000000000025a30                envSetNextLoad
 *fill*         0x0000000000025aac        0x4 
 .text.envHasNextLoad
                0x0000000000025ab0       0x14 C:/Users/RNG/Desktop/Stuff/Smash-Stuff/SMASH-ULTIMATE-MODS-BABY/50xx-the-mod/acmd-edits/code-mod-framework/lib/libnx_min/nx/lib\libnx_min.a(env.o)
                0x0000000000025ab0                envHasNextLoad
 *fill*         0x0000000000025ac4        0xc 
 .text.envGetLastLoadResult
                0x0000000000025ad0        0xc C:/Users/RNG/Desktop/Stuff/Smash-Stuff/SMASH-ULTIMATE-MODS-BABY/50xx-the-mod/acmd-edits/code-mod-framework/lib/libnx_min/nx/lib\libnx_min.a(env.o)
                0x0000000000025ad0                envGetLastLoadResult
 *fill*         0x0000000000025adc        0x4 
 .text.envHasRandomSeed
                0x0000000000025ae0        0xc C:/Users/RNG/Desktop/Stuff/Smash-Stuff/SMASH-ULTIMATE-MODS-BABY/50xx-the-mod/acmd-edits/code-mod-framework/lib/libnx_min/nx/lib\libnx_min.a(env.o)
                0x0000000000025ae0                envHasRandomSeed
 *fill*         0x0000000000025aec        0x4 
 .text.envGetRandomSeed
                0x0000000000025af0       0x18 C:/Users/RNG/Desktop/Stuff/Smash-Stuff/SMASH-ULTIMATE-MODS-BABY/50xx-the-mod/acmd-edits/code-mod-framework/lib/libnx_min/nx/lib\libnx_min.a(env.o)
                0x0000000000025af0                envGetRandomSeed
 *fill*         0x0000000000025b08        0x8 
 .text.__libnx_initheap
                0x0000000000025b10       0xd8 C:/Users/RNG/Desktop/Stuff/Smash-Stuff/SMASH-ULTIMATE-MODS-BABY/50xx-the-mod/acmd-edits/code-mod-framework/lib/libnx_min/nx/lib\libnx_min.a(init.o)
                0x0000000000025b10                __libnx_initheap
 *fill*         0x0000000000025be8        0x8 
 .text.__appInit
                0x0000000000025bf0       0xdc C:/Users/RNG/Desktop/Stuff/Smash-Stuff/SMASH-ULTIMATE-MODS-BABY/50xx-the-mod/acmd-edits/code-mod-framework/lib/libnx_min/nx/lib\libnx_min.a(init.o)
                0x0000000000025bf0                __appInit
 *fill*         0x0000000000025ccc        0x4 
 .text.__appExit
                0x0000000000025cd0       0x44 C:/Users/RNG/Desktop/Stuff/Smash-Stuff/SMASH-ULTIMATE-MODS-BABY/50xx-the-mod/acmd-edits/code-mod-framework/lib/libnx_min/nx/lib\libnx_min.a(init.o)
                0x0000000000025cd0                __appExit
 *fill*         0x0000000000025d14        0xc 
 .text.hosversionGet
                0x0000000000025d20       0x10 C:/Users/RNG/Desktop/Stuff/Smash-Stuff/SMASH-ULTIMATE-MODS-BABY/50xx-the-mod/acmd-edits/code-mod-framework/lib/libnx_min/nx/lib\libnx_min.a(hosversion.o)
                0x0000000000025d20                hosversionGet
 .text.hosversionSet
                0x0000000000025d30       0x10 C:/Users/RNG/Desktop/Stuff/Smash-Stuff/SMASH-ULTIMATE-MODS-BABY/50xx-the-mod/acmd-edits/code-mod-framework/lib/libnx_min/nx/lib\libnx_min.a(hosversion.o)
                0x0000000000025d30                hosversionSet
 .text.__nx_dynamic
                0x0000000000025d40       0xa0 C:/Users/RNG/Desktop/Stuff/Smash-Stuff/SMASH-ULTIMATE-MODS-BABY/50xx-the-mod/acmd-edits/code-mod-framework/lib/libnx_min/nx/lib\libnx_min.a(dynamic.o)
                0x0000000000025d40                __nx_dynamic
 .text.fsdev_link
                0x0000000000025de0       0x10 C:/Users/RNG/Desktop/Stuff/Smash-Stuff/SMASH-ULTIMATE-MODS-BABY/50xx-the-mod/acmd-edits/code-mod-framework/lib/libnx_min/nx/lib\libnx_min.a(fs_dev.o)
 .text.fsdev_dirreset
                0x0000000000025df0       0x10 C:/Users/RNG/Desktop/Stuff/Smash-Stuff/SMASH-ULTIMATE-MODS-BABY/50xx-the-mod/acmd-edits/code-mod-framework/lib/libnx_min/nx/lib\libnx_min.a(fs_dev.o)
 .text.fsdev_chmod
                0x0000000000025e00       0x10 C:/Users/RNG/Desktop/Stuff/Smash-Stuff/SMASH-ULTIMATE-MODS-BABY/50xx-the-mod/acmd-edits/code-mod-framework/lib/libnx_min/nx/lib\libnx_min.a(fs_dev.o)
 .text.error_cmp
                0x0000000000025e10       0x1c C:/Users/RNG/Desktop/Stuff/Smash-Stuff/SMASH-ULTIMATE-MODS-BABY/50xx-the-mod/acmd-edits/code-mod-framework/lib/libnx_min/nx/lib\libnx_min.a(fs_dev.o)
 *fill*         0x0000000000025e2c        0x4 
 .text.fsdev_translate_error
                0x0000000000025e30       0x5c C:/Users/RNG/Desktop/Stuff/Smash-Stuff/SMASH-ULTIMATE-MODS-BABY/50xx-the-mod/acmd-edits/code-mod-framework/lib/libnx_min/nx/lib\libnx_min.a(fs_dev.o)
 *fill*         0x0000000000025e8c        0x4 
 .text.fsdev_fsync
                0x0000000000025e90       0x40 C:/Users/RNG/Desktop/Stuff/Smash-Stuff/SMASH-ULTIMATE-MODS-BABY/50xx-the-mod/acmd-edits/code-mod-framework/lib/libnx_min/nx/lib\libnx_min.a(fs_dev.o)
 .text.fsdev_ftruncate
                0x0000000000025ed0       0x60 C:/Users/RNG/Desktop/Stuff/Smash-Stuff/SMASH-ULTIMATE-MODS-BABY/50xx-the-mod/acmd-edits/code-mod-framework/lib/libnx_min/nx/lib\libnx_min.a(fs_dev.o)
 .text.fsdev_dirclose
                0x0000000000025f30       0x20 C:/Users/RNG/Desktop/Stuff/Smash-Stuff/SMASH-ULTIMATE-MODS-BABY/50xx-the-mod/acmd-edits/code-mod-framework/lib/libnx_min/nx/lib\libnx_min.a(fs_dev.o)
 .text.fsdev_dirnext
                0x0000000000025f50      0x16c C:/Users/RNG/Desktop/Stuff/Smash-Stuff/SMASH-ULTIMATE-MODS-BABY/50xx-the-mod/acmd-edits/code-mod-framework/lib/libnx_min/nx/lib\libnx_min.a(fs_dev.o)
 *fill*         0x00000000000260bc        0x4 
 .text.fsdev_close
                0x00000000000260c0       0x1c C:/Users/RNG/Desktop/Stuff/Smash-Stuff/SMASH-ULTIMATE-MODS-BABY/50xx-the-mod/acmd-edits/code-mod-framework/lib/libnx_min/nx/lib\libnx_min.a(fs_dev.o)
 *fill*         0x00000000000260dc        0x4 
 .text.fsdev_fstat
                0x00000000000260e0       0xa4 C:/Users/RNG/Desktop/Stuff/Smash-Stuff/SMASH-ULTIMATE-MODS-BABY/50xx-the-mod/acmd-edits/code-mod-framework/lib/libnx_min/nx/lib\libnx_min.a(fs_dev.o)
 *fill*         0x0000000000026184        0xc 
 .text.fsdev_seek
                0x0000000000026190       0xb0 C:/Users/RNG/Desktop/Stuff/Smash-Stuff/SMASH-ULTIMATE-MODS-BABY/50xx-the-mod/acmd-edits/code-mod-framework/lib/libnx_min/nx/lib\libnx_min.a(fs_dev.o)
 .text.fsdev_read
                0x0000000000026240      0x1a0 C:/Users/RNG/Desktop/Stuff/Smash-Stuff/SMASH-ULTIMATE-MODS-BABY/50xx-the-mod/acmd-edits/code-mod-framework/lib/libnx_min/nx/lib\libnx_min.a(fs_dev.o)
 .text.fsdev_write
                0x00000000000263e0      0x1a8 C:/Users/RNG/Desktop/Stuff/Smash-Stuff/SMASH-ULTIMATE-MODS-BABY/50xx-the-mod/acmd-edits/code-mod-framework/lib/libnx_min/nx/lib\libnx_min.a(fs_dev.o)
 *fill*         0x0000000000026588        0x8 
 .text.fsdevFindDevice
                0x0000000000026590      0x120 C:/Users/RNG/Desktop/Stuff/Smash-Stuff/SMASH-ULTIMATE-MODS-BABY/50xx-the-mod/acmd-edits/code-mod-framework/lib/libnx_min/nx/lib\libnx_min.a(fs_dev.o)
 .text._fsdevMountDevice
                0x00000000000266b0      0x140 C:/Users/RNG/Desktop/Stuff/Smash-Stuff/SMASH-ULTIMATE-MODS-BABY/50xx-the-mod/acmd-edits/code-mod-framework/lib/libnx_min/nx/lib\libnx_min.a(fs_dev.o)
 .text.fsdev_getfspath
                0x00000000000267f0      0x1fc C:/Users/RNG/Desktop/Stuff/Smash-Stuff/SMASH-ULTIMATE-MODS-BABY/50xx-the-mod/acmd-edits/code-mod-framework/lib/libnx_min/nx/lib\libnx_min.a(fs_dev.o)
 *fill*         0x00000000000269ec        0x4 
 .text.fsdev_rmdir
                0x00000000000269f0       0x70 C:/Users/RNG/Desktop/Stuff/Smash-Stuff/SMASH-ULTIMATE-MODS-BABY/50xx-the-mod/acmd-edits/code-mod-framework/lib/libnx_min/nx/lib\libnx_min.a(fs_dev.o)
 .text.fsdev_statvfs
                0x0000000000026a60       0xd4 C:/Users/RNG/Desktop/Stuff/Smash-Stuff/SMASH-ULTIMATE-MODS-BABY/50xx-the-mod/acmd-edits/code-mod-framework/lib/libnx_min/nx/lib\libnx_min.a(fs_dev.o)
 *fill*         0x0000000000026b34        0xc 
 .text.fsdev_diropen
                0x0000000000026b40       0xec C:/Users/RNG/Desktop/Stuff/Smash-Stuff/SMASH-ULTIMATE-MODS-BABY/50xx-the-mod/acmd-edits/code-mod-framework/lib/libnx_min/nx/lib\libnx_min.a(fs_dev.o)
 *fill*         0x0000000000026c2c        0x4 
 .text.fsdev_mkdir
                0x0000000000026c30       0x70 C:/Users/RNG/Desktop/Stuff/Smash-Stuff/SMASH-ULTIMATE-MODS-BABY/50xx-the-mod/acmd-edits/code-mod-framework/lib/libnx_min/nx/lib\libnx_min.a(fs_dev.o)
 .text.fsdev_rename
                0x0000000000026ca0      0x114 C:/Users/RNG/Desktop/Stuff/Smash-Stuff/SMASH-ULTIMATE-MODS-BABY/50xx-the-mod/acmd-edits/code-mod-framework/lib/libnx_min/nx/lib\libnx_min.a(fs_dev.o)
 *fill*         0x0000000000026db4        0xc 
 .text.fsdev_chdir
                0x0000000000026dc0       0xe8 C:/Users/RNG/Desktop/Stuff/Smash-Stuff/SMASH-ULTIMATE-MODS-BABY/50xx-the-mod/acmd-edits/code-mod-framework/lib/libnx_min/nx/lib\libnx_min.a(fs_dev.o)
 *fill*         0x0000000000026ea8        0x8 
 .text.fsdev_unlink
                0x0000000000026eb0       0x70 C:/Users/RNG/Desktop/Stuff/Smash-Stuff/SMASH-ULTIMATE-MODS-BABY/50xx-the-mod/acmd-edits/code-mod-framework/lib/libnx_min/nx/lib\libnx_min.a(fs_dev.o)
 .text.fsdev_stat
                0x0000000000026f20      0x1bc C:/Users/RNG/Desktop/Stuff/Smash-Stuff/SMASH-ULTIMATE-MODS-BABY/50xx-the-mod/acmd-edits/code-mod-framework/lib/libnx_min/nx/lib\libnx_min.a(fs_dev.o)
 *fill*         0x00000000000270dc        0x4 
 .text.fsdev_open
                0x00000000000270e0      0x19c C:/Users/RNG/Desktop/Stuff/Smash-Stuff/SMASH-ULTIMATE-MODS-BABY/50xx-the-mod/acmd-edits/code-mod-framework/lib/libnx_min/nx/lib\libnx_min.a(fs_dev.o)
 *fill*         0x000000000002727c        0x4 
 .text._fsdevUnmountDeviceStruct.part.4
                0x0000000000027280       0xb8 C:/Users/RNG/Desktop/Stuff/Smash-Stuff/SMASH-ULTIMATE-MODS-BABY/50xx-the-mod/acmd-edits/code-mod-framework/lib/libnx_min/nx/lib\libnx_min.a(fs_dev.o)
 *fill*         0x0000000000027338        0x8 
 .text.fsdev_fchmod
                0x0000000000027340       0x10 C:/Users/RNG/Desktop/Stuff/Smash-Stuff/SMASH-ULTIMATE-MODS-BABY/50xx-the-mod/acmd-edits/code-mod-framework/lib/libnx_min/nx/lib\libnx_min.a(fs_dev.o)
 .text.fsdevMountDevice
                0x0000000000027350       0x14 C:/Users/RNG/Desktop/Stuff/Smash-Stuff/SMASH-ULTIMATE-MODS-BABY/50xx-the-mod/acmd-edits/code-mod-framework/lib/libnx_min/nx/lib\libnx_min.a(fs_dev.o)
                0x0000000000027350                fsdevMountDevice
 *fill*         0x0000000000027364        0xc 
 .text.fsdevUnmountDevice
                0x0000000000027370       0x3c C:/Users/RNG/Desktop/Stuff/Smash-Stuff/SMASH-ULTIMATE-MODS-BABY/50xx-the-mod/acmd-edits/code-mod-framework/lib/libnx_min/nx/lib\libnx_min.a(fs_dev.o)
                0x0000000000027370                fsdevUnmountDevice
 *fill*         0x00000000000273ac        0x4 
 .text.fsdevCommitDevice
                0x00000000000273b0       0x28 C:/Users/RNG/Desktop/Stuff/Smash-Stuff/SMASH-ULTIMATE-MODS-BABY/50xx-the-mod/acmd-edits/code-mod-framework/lib/libnx_min/nx/lib\libnx_min.a(fs_dev.o)
                0x00000000000273b0                fsdevCommitDevice
 *fill*         0x00000000000273d8        0x8 
 .text.fsdevSetArchiveBit
                0x00000000000273e0       0x68 C:/Users/RNG/Desktop/Stuff/Smash-Stuff/SMASH-ULTIMATE-MODS-BABY/50xx-the-mod/acmd-edits/code-mod-framework/lib/libnx_min/nx/lib\libnx_min.a(fs_dev.o)
                0x00000000000273e0                fsdevSetArchiveBit
 *fill*         0x0000000000027448        0x8 
 .text.fsdevCreateFile
                0x0000000000027450       0x88 C:/Users/RNG/Desktop/Stuff/Smash-Stuff/SMASH-ULTIMATE-MODS-BABY/50xx-the-mod/acmd-edits/code-mod-framework/lib/libnx_min/nx/lib\libnx_min.a(fs_dev.o)
                0x0000000000027450                fsdevCreateFile
 *fill*         0x00000000000274d8        0x8 
 .text.fsdevDeleteDirectoryRecursively
                0x00000000000274e0       0x68 C:/Users/RNG/Desktop/Stuff/Smash-Stuff/SMASH-ULTIMATE-MODS-BABY/50xx-the-mod/acmd-edits/code-mod-framework/lib/libnx_min/nx/lib\libnx_min.a(fs_dev.o)
                0x00000000000274e0                fsdevDeleteDirectoryRecursively
 *fill*         0x0000000000027548        0x8 
 .text.fsdevMountSdmc
                0x0000000000027550      0x170 C:/Users/RNG/Desktop/Stuff/Smash-Stuff/SMASH-ULTIMATE-MODS-BABY/50xx-the-mod/acmd-edits/code-mod-framework/lib/libnx_min/nx/lib\libnx_min.a(fs_dev.o)
                0x0000000000027550                fsdevMountSdmc
 .text.fsdevUnmountAll
                0x00000000000276c0       0x64 C:/Users/RNG/Desktop/Stuff/Smash-Stuff/SMASH-ULTIMATE-MODS-BABY/50xx-the-mod/acmd-edits/code-mod-framework/lib/libnx_min/nx/lib\libnx_min.a(fs_dev.o)
                0x00000000000276c0                fsdevUnmountAll
 *fill*         0x0000000000027724        0xc 
 .text.fsdevGetDeviceFileSystem
                0x0000000000027730       0x20 C:/Users/RNG/Desktop/Stuff/Smash-Stuff/SMASH-ULTIMATE-MODS-BABY/50xx-the-mod/acmd-edits/code-mod-framework/lib/libnx_min/nx/lib\libnx_min.a(fs_dev.o)
                0x0000000000027730                fsdevGetDeviceFileSystem
 .text.fsdevGetDefaultFileSystem
                0x0000000000027750       0x40 C:/Users/RNG/Desktop/Stuff/Smash-Stuff/SMASH-ULTIMATE-MODS-BABY/50xx-the-mod/acmd-edits/code-mod-framework/lib/libnx_min/nx/lib\libnx_min.a(fs_dev.o)
                0x0000000000027750                fsdevGetDefaultFileSystem
 .text.fsdevTranslatePath
                0x0000000000027790       0x58 C:/Users/RNG/Desktop/Stuff/Smash-Stuff/SMASH-ULTIMATE-MODS-BABY/50xx-the-mod/acmd-edits/code-mod-framework/lib/libnx_min/nx/lib\libnx_min.a(fs_dev.o)
                0x0000000000027790                fsdevTranslatePath
 *fill*         0x00000000000277e8        0x8 
 .text.fsdev_getmtime
                0x00000000000277f0       0x20 C:/Users/RNG/Desktop/Stuff/Smash-Stuff/SMASH-ULTIMATE-MODS-BABY/50xx-the-mod/acmd-edits/code-mod-framework/lib/libnx_min/nx/lib\libnx_min.a(fs_dev.o)
                0x00000000000277f0                fsdev_getmtime
 .text.fsdevGetLastResult
                0x0000000000027810       0x20 C:/Users/RNG/Desktop/Stuff/Smash-Stuff/SMASH-ULTIMATE-MODS-BABY/50xx-the-mod/acmd-edits/code-mod-framework/lib/libnx_min/nx/lib\libnx_min.a(fs_dev.o)
                0x0000000000027810                fsdevGetLastResult
 .text.decode_utf8
                0x0000000000027830      0x12c C:/Users/RNG/Desktop/Stuff/Smash-Stuff/SMASH-ULTIMATE-MODS-BABY/50xx-the-mod/acmd-edits/code-mod-framework/lib/libnx_min/nx/lib\libnx_min.a(decode_utf8.o)
                0x0000000000027830                decode_utf8
 .text.svcSetHeapSize
                0x000000000002795c       0x14 C:/Users/RNG/Desktop/Stuff/Smash-Stuff/SMASH-ULTIMATE-MODS-BABY/50xx-the-mod/acmd-edits/code-mod-framework/lib/libnx_min/nx/lib\libnx_min.a(svc.o)
                0x000000000002795c                svcSetHeapSize
 .text.svcSetMemoryPermission
                0x0000000000027970        0x8 C:/Users/RNG/Desktop/Stuff/Smash-Stuff/SMASH-ULTIMATE-MODS-BABY/50xx-the-mod/acmd-edits/code-mod-framework/lib/libnx_min/nx/lib\libnx_min.a(svc.o)
                0x0000000000027970                svcSetMemoryPermission
 .text.svcSetMemoryAttribute
                0x0000000000027978        0x8 C:/Users/RNG/Desktop/Stuff/Smash-Stuff/SMASH-ULTIMATE-MODS-BABY/50xx-the-mod/acmd-edits/code-mod-framework/lib/libnx_min/nx/lib\libnx_min.a(svc.o)
                0x0000000000027978                svcSetMemoryAttribute
 .text.svcMapMemory
                0x0000000000027980        0x8 C:/Users/RNG/Desktop/Stuff/Smash-Stuff/SMASH-ULTIMATE-MODS-BABY/50xx-the-mod/acmd-edits/code-mod-framework/lib/libnx_min/nx/lib\libnx_min.a(svc.o)
                0x0000000000027980                svcMapMemory
 .text.svcUnmapMemory
                0x0000000000027988        0x8 C:/Users/RNG/Desktop/Stuff/Smash-Stuff/SMASH-ULTIMATE-MODS-BABY/50xx-the-mod/acmd-edits/code-mod-framework/lib/libnx_min/nx/lib\libnx_min.a(svc.o)
                0x0000000000027988                svcUnmapMemory
 .text.svcQueryMemory
                0x0000000000027990       0x14 C:/Users/RNG/Desktop/Stuff/Smash-Stuff/SMASH-ULTIMATE-MODS-BABY/50xx-the-mod/acmd-edits/code-mod-framework/lib/libnx_min/nx/lib\libnx_min.a(svc.o)
                0x0000000000027990                svcQueryMemory
 .text.svcExitProcess
                0x00000000000279a4        0x8 C:/Users/RNG/Desktop/Stuff/Smash-Stuff/SMASH-ULTIMATE-MODS-BABY/50xx-the-mod/acmd-edits/code-mod-framework/lib/libnx_min/nx/lib\libnx_min.a(svc.o)
                0x00000000000279a4                svcExitProcess
 .text.svcCreateThread
                0x00000000000279ac       0x14 C:/Users/RNG/Desktop/Stuff/Smash-Stuff/SMASH-ULTIMATE-MODS-BABY/50xx-the-mod/acmd-edits/code-mod-framework/lib/libnx_min/nx/lib\libnx_min.a(svc.o)
                0x00000000000279ac                svcCreateThread
 .text.svcStartThread
                0x00000000000279c0        0x8 C:/Users/RNG/Desktop/Stuff/Smash-Stuff/SMASH-ULTIMATE-MODS-BABY/50xx-the-mod/acmd-edits/code-mod-framework/lib/libnx_min/nx/lib\libnx_min.a(svc.o)
                0x00000000000279c0                svcStartThread
 .text.svcExitThread
                0x00000000000279c8        0x8 C:/Users/RNG/Desktop/Stuff/Smash-Stuff/SMASH-ULTIMATE-MODS-BABY/50xx-the-mod/acmd-edits/code-mod-framework/lib/libnx_min/nx/lib\libnx_min.a(svc.o)
                0x00000000000279c8                svcExitThread
 .text.svcSleepThread
                0x00000000000279d0        0x8 C:/Users/RNG/Desktop/Stuff/Smash-Stuff/SMASH-ULTIMATE-MODS-BABY/50xx-the-mod/acmd-edits/code-mod-framework/lib/libnx_min/nx/lib\libnx_min.a(svc.o)
                0x00000000000279d0                svcSleepThread
 .text.svcGetThreadPriority
                0x00000000000279d8       0x14 C:/Users/RNG/Desktop/Stuff/Smash-Stuff/SMASH-ULTIMATE-MODS-BABY/50xx-the-mod/acmd-edits/code-mod-framework/lib/libnx_min/nx/lib\libnx_min.a(svc.o)
                0x00000000000279d8                svcGetThreadPriority
 .text.svcSetThreadPriority
                0x00000000000279ec        0x8 C:/Users/RNG/Desktop/Stuff/Smash-Stuff/SMASH-ULTIMATE-MODS-BABY/50xx-the-mod/acmd-edits/code-mod-framework/lib/libnx_min/nx/lib\libnx_min.a(svc.o)
                0x00000000000279ec                svcSetThreadPriority
 .text.svcGetThreadCoreMask
                0x00000000000279f4       0x18 C:/Users/RNG/Desktop/Stuff/Smash-Stuff/SMASH-ULTIMATE-MODS-BABY/50xx-the-mod/acmd-edits/code-mod-framework/lib/libnx_min/nx/lib\libnx_min.a(svc.o)
                0x00000000000279f4                svcGetThreadCoreMask
 .text.svcSetThreadCoreMask
                0x0000000000027a0c        0x8 C:/Users/RNG/Desktop/Stuff/Smash-Stuff/SMASH-ULTIMATE-MODS-BABY/50xx-the-mod/acmd-edits/code-mod-framework/lib/libnx_min/nx/lib\libnx_min.a(svc.o)
                0x0000000000027a0c                svcSetThreadCoreMask
 .text.svcGetCurrentProcessorNumber
                0x0000000000027a14        0x8 C:/Users/RNG/Desktop/Stuff/Smash-Stuff/SMASH-ULTIMATE-MODS-BABY/50xx-the-mod/acmd-edits/code-mod-framework/lib/libnx_min/nx/lib\libnx_min.a(svc.o)
                0x0000000000027a14                svcGetCurrentProcessorNumber
 .text.svcSignalEvent
                0x0000000000027a1c        0x8 C:/Users/RNG/Desktop/Stuff/Smash-Stuff/SMASH-ULTIMATE-MODS-BABY/50xx-the-mod/acmd-edits/code-mod-framework/lib/libnx_min/nx/lib\libnx_min.a(svc.o)
                0x0000000000027a1c                svcSignalEvent
 .text.svcClearEvent
                0x0000000000027a24        0x8 C:/Users/RNG/Desktop/Stuff/Smash-Stuff/SMASH-ULTIMATE-MODS-BABY/50xx-the-mod/acmd-edits/code-mod-framework/lib/libnx_min/nx/lib\libnx_min.a(svc.o)
                0x0000000000027a24                svcClearEvent
 .text.svcMapSharedMemory
                0x0000000000027a2c        0x8 C:/Users/RNG/Desktop/Stuff/Smash-Stuff/SMASH-ULTIMATE-MODS-BABY/50xx-the-mod/acmd-edits/code-mod-framework/lib/libnx_min/nx/lib\libnx_min.a(svc.o)
                0x0000000000027a2c                svcMapSharedMemory
 .text.svcUnmapSharedMemory
                0x0000000000027a34        0x8 C:/Users/RNG/Desktop/Stuff/Smash-Stuff/SMASH-ULTIMATE-MODS-BABY/50xx-the-mod/acmd-edits/code-mod-framework/lib/libnx_min/nx/lib\libnx_min.a(svc.o)
                0x0000000000027a34                svcUnmapSharedMemory
 .text.svcCreateTransferMemory
                0x0000000000027a3c       0x14 C:/Users/RNG/Desktop/Stuff/Smash-Stuff/SMASH-ULTIMATE-MODS-BABY/50xx-the-mod/acmd-edits/code-mod-framework/lib/libnx_min/nx/lib\libnx_min.a(svc.o)
                0x0000000000027a3c                svcCreateTransferMemory
 .text.svcCloseHandle
                0x0000000000027a50        0x8 C:/Users/RNG/Desktop/Stuff/Smash-Stuff/SMASH-ULTIMATE-MODS-BABY/50xx-the-mod/acmd-edits/code-mod-framework/lib/libnx_min/nx/lib\libnx_min.a(svc.o)
                0x0000000000027a50                svcCloseHandle
 .text.svcResetSignal
                0x0000000000027a58        0x8 C:/Users/RNG/Desktop/Stuff/Smash-Stuff/SMASH-ULTIMATE-MODS-BABY/50xx-the-mod/acmd-edits/code-mod-framework/lib/libnx_min/nx/lib\libnx_min.a(svc.o)
                0x0000000000027a58                svcResetSignal
 .text.svcWaitSynchronization
                0x0000000000027a60       0x14 C:/Users/RNG/Desktop/Stuff/Smash-Stuff/SMASH-ULTIMATE-MODS-BABY/50xx-the-mod/acmd-edits/code-mod-framework/lib/libnx_min/nx/lib\libnx_min.a(svc.o)
                0x0000000000027a60                svcWaitSynchronization
 .text.svcCancelSynchronization
                0x0000000000027a74        0x8 C:/Users/RNG/Desktop/Stuff/Smash-Stuff/SMASH-ULTIMATE-MODS-BABY/50xx-the-mod/acmd-edits/code-mod-framework/lib/libnx_min/nx/lib\libnx_min.a(svc.o)
                0x0000000000027a74                svcCancelSynchronization
 .text.svcArbitrateLock
                0x0000000000027a7c        0x8 C:/Users/RNG/Desktop/Stuff/Smash-Stuff/SMASH-ULTIMATE-MODS-BABY/50xx-the-mod/acmd-edits/code-mod-framework/lib/libnx_min/nx/lib\libnx_min.a(svc.o)
                0x0000000000027a7c                svcArbitrateLock
 .text.svcArbitrateUnlock
                0x0000000000027a84        0x8 C:/Users/RNG/Desktop/Stuff/Smash-Stuff/SMASH-ULTIMATE-MODS-BABY/50xx-the-mod/acmd-edits/code-mod-framework/lib/libnx_min/nx/lib\libnx_min.a(svc.o)
                0x0000000000027a84                svcArbitrateUnlock
 .text.svcWaitProcessWideKeyAtomic
                0x0000000000027a8c        0x8 C:/Users/RNG/Desktop/Stuff/Smash-Stuff/SMASH-ULTIMATE-MODS-BABY/50xx-the-mod/acmd-edits/code-mod-framework/lib/libnx_min/nx/lib\libnx_min.a(svc.o)
                0x0000000000027a8c                svcWaitProcessWideKeyAtomic
 .text.svcSignalProcessWideKey
                0x0000000000027a94        0x8 C:/Users/RNG/Desktop/Stuff/Smash-Stuff/SMASH-ULTIMATE-MODS-BABY/50xx-the-mod/acmd-edits/code-mod-framework/lib/libnx_min/nx/lib\libnx_min.a(svc.o)
                0x0000000000027a94                svcSignalProcessWideKey
 .text.svcGetSystemTick
                0x0000000000027a9c        0x8 C:/Users/RNG/Desktop/Stuff/Smash-Stuff/SMASH-ULTIMATE-MODS-BABY/50xx-the-mod/acmd-edits/code-mod-framework/lib/libnx_min/nx/lib\libnx_min.a(svc.o)
                0x0000000000027a9c                svcGetSystemTick
 .text.svcConnectToNamedPort
                0x0000000000027aa4       0x14 C:/Users/RNG/Desktop/Stuff/Smash-Stuff/SMASH-ULTIMATE-MODS-BABY/50xx-the-mod/acmd-edits/code-mod-framework/lib/libnx_min/nx/lib\libnx_min.a(svc.o)
                0x0000000000027aa4                svcConnectToNamedPort
 .text.svcSendSyncRequest
                0x0000000000027ab8        0x8 C:/Users/RNG/Desktop/Stuff/Smash-Stuff/SMASH-ULTIMATE-MODS-BABY/50xx-the-mod/acmd-edits/code-mod-framework/lib/libnx_min/nx/lib\libnx_min.a(svc.o)
                0x0000000000027ab8                svcSendSyncRequest
 .text.svcSendSyncRequestWithUserBuffer
                0x0000000000027ac0        0x8 C:/Users/RNG/Desktop/Stuff/Smash-Stuff/SMASH-ULTIMATE-MODS-BABY/50xx-the-mod/acmd-edits/code-mod-framework/lib/libnx_min/nx/lib\libnx_min.a(svc.o)
                0x0000000000027ac0                svcSendSyncRequestWithUserBuffer
 .text.svcSendAsyncRequestWithUserBuffer
                0x0000000000027ac8       0x14 C:/Users/RNG/Desktop/Stuff/Smash-Stuff/SMASH-ULTIMATE-MODS-BABY/50xx-the-mod/acmd-edits/code-mod-framework/lib/libnx_min/nx/lib\libnx_min.a(svc.o)
                0x0000000000027ac8                svcSendAsyncRequestWithUserBuffer
 .text.svcGetProcessId
                0x0000000000027adc       0x14 C:/Users/RNG/Desktop/Stuff/Smash-Stuff/SMASH-ULTIMATE-MODS-BABY/50xx-the-mod/acmd-edits/code-mod-framework/lib/libnx_min/nx/lib\libnx_min.a(svc.o)
                0x0000000000027adc                svcGetProcessId
 .text.svcGetThreadId
                0x0000000000027af0       0x14 C:/Users/RNG/Desktop/Stuff/Smash-Stuff/SMASH-ULTIMATE-MODS-BABY/50xx-the-mod/acmd-edits/code-mod-framework/lib/libnx_min/nx/lib\libnx_min.a(svc.o)
                0x0000000000027af0                svcGetThreadId
 .text.svcBreak
                0x0000000000027b04        0x8 C:/Users/RNG/Desktop/Stuff/Smash-Stuff/SMASH-ULTIMATE-MODS-BABY/50xx-the-mod/acmd-edits/code-mod-framework/lib/libnx_min/nx/lib\libnx_min.a(svc.o)
                0x0000000000027b04                svcBreak
 .text.svcOutputDebugString
                0x0000000000027b0c        0x8 C:/Users/RNG/Desktop/Stuff/Smash-Stuff/SMASH-ULTIMATE-MODS-BABY/50xx-the-mod/acmd-edits/code-mod-framework/lib/libnx_min/nx/lib\libnx_min.a(svc.o)
                0x0000000000027b0c                svcOutputDebugString
 .text.svcReturnFromException
                0x0000000000027b14        0x8 C:/Users/RNG/Desktop/Stuff/Smash-Stuff/SMASH-ULTIMATE-MODS-BABY/50xx-the-mod/acmd-edits/code-mod-framework/lib/libnx_min/nx/lib\libnx_min.a(svc.o)
                0x0000000000027b14                svcReturnFromException
 .text.svcGetInfo
                0x0000000000027b1c       0x14 C:/Users/RNG/Desktop/Stuff/Smash-Stuff/SMASH-ULTIMATE-MODS-BABY/50xx-the-mod/acmd-edits/code-mod-framework/lib/libnx_min/nx/lib\libnx_min.a(svc.o)
                0x0000000000027b1c                svcGetInfo
 .text.svcMapPhysicalMemory
                0x0000000000027b30        0x8 C:/Users/RNG/Desktop/Stuff/Smash-Stuff/SMASH-ULTIMATE-MODS-BABY/50xx-the-mod/acmd-edits/code-mod-framework/lib/libnx_min/nx/lib\libnx_min.a(svc.o)
                0x0000000000027b30                svcMapPhysicalMemory
 .text.svcUnmapPhysicalMemory
                0x0000000000027b38        0x8 C:/Users/RNG/Desktop/Stuff/Smash-Stuff/SMASH-ULTIMATE-MODS-BABY/50xx-the-mod/acmd-edits/code-mod-framework/lib/libnx_min/nx/lib\libnx_min.a(svc.o)
                0x0000000000027b38                svcUnmapPhysicalMemory
 .text.svcGetResourceLimitLimitValue
                0x0000000000027b40       0x14 C:/Users/RNG/Desktop/Stuff/Smash-Stuff/SMASH-ULTIMATE-MODS-BABY/50xx-the-mod/acmd-edits/code-mod-framework/lib/libnx_min/nx/lib\libnx_min.a(svc.o)
                0x0000000000027b40                svcGetResourceLimitLimitValue
 .text.svcGetResourceLimitCurrentValue
                0x0000000000027b54       0x14 C:/Users/RNG/Desktop/Stuff/Smash-Stuff/SMASH-ULTIMATE-MODS-BABY/50xx-the-mod/acmd-edits/code-mod-framework/lib/libnx_min/nx/lib\libnx_min.a(svc.o)
                0x0000000000027b54                svcGetResourceLimitCurrentValue
 .text.svcSetThreadActivity
                0x0000000000027b68        0x8 C:/Users/RNG/Desktop/Stuff/Smash-Stuff/SMASH-ULTIMATE-MODS-BABY/50xx-the-mod/acmd-edits/code-mod-framework/lib/libnx_min/nx/lib\libnx_min.a(svc.o)
                0x0000000000027b68                svcSetThreadActivity
 .text.svcGetThreadContext3
                0x0000000000027b70        0x8 C:/Users/RNG/Desktop/Stuff/Smash-Stuff/SMASH-ULTIMATE-MODS-BABY/50xx-the-mod/acmd-edits/code-mod-framework/lib/libnx_min/nx/lib\libnx_min.a(svc.o)
                0x0000000000027b70                svcGetThreadContext3
 .text.svcCreateSession
                0x0000000000027b78       0x18 C:/Users/RNG/Desktop/Stuff/Smash-Stuff/SMASH-ULTIMATE-MODS-BABY/50xx-the-mod/acmd-edits/code-mod-framework/lib/libnx_min/nx/lib\libnx_min.a(svc.o)
                0x0000000000027b78                svcCreateSession
 .text.svcAcceptSession
                0x0000000000027b90       0x14 C:/Users/RNG/Desktop/Stuff/Smash-Stuff/SMASH-ULTIMATE-MODS-BABY/50xx-the-mod/acmd-edits/code-mod-framework/lib/libnx_min/nx/lib\libnx_min.a(svc.o)
                0x0000000000027b90                svcAcceptSession
 .text.svcReplyAndReceive
                0x0000000000027ba4       0x14 C:/Users/RNG/Desktop/Stuff/Smash-Stuff/SMASH-ULTIMATE-MODS-BABY/50xx-the-mod/acmd-edits/code-mod-framework/lib/libnx_min/nx/lib\libnx_min.a(svc.o)
                0x0000000000027ba4                svcReplyAndReceive
 .text.svcReplyAndReceiveWithUserBuffer
                0x0000000000027bb8       0x14 C:/Users/RNG/Desktop/Stuff/Smash-Stuff/SMASH-ULTIMATE-MODS-BABY/50xx-the-mod/acmd-edits/code-mod-framework/lib/libnx_min/nx/lib\libnx_min.a(svc.o)
                0x0000000000027bb8                svcReplyAndReceiveWithUserBuffer
 .text.svcCreateEvent
                0x0000000000027bcc       0x18 C:/Users/RNG/Desktop/Stuff/Smash-Stuff/SMASH-ULTIMATE-MODS-BABY/50xx-the-mod/acmd-edits/code-mod-framework/lib/libnx_min/nx/lib\libnx_min.a(svc.o)
                0x0000000000027bcc                svcCreateEvent
 .text.svcMapPhysicalMemoryUnsafe
                0x0000000000027be4        0x8 C:/Users/RNG/Desktop/Stuff/Smash-Stuff/SMASH-ULTIMATE-MODS-BABY/50xx-the-mod/acmd-edits/code-mod-framework/lib/libnx_min/nx/lib\libnx_min.a(svc.o)
                0x0000000000027be4                svcMapPhysicalMemoryUnsafe
 .text.svcUnmapPhysicalMemoryUnsafe
                0x0000000000027bec        0x8 C:/Users/RNG/Desktop/Stuff/Smash-Stuff/SMASH-ULTIMATE-MODS-BABY/50xx-the-mod/acmd-edits/code-mod-framework/lib/libnx_min/nx/lib\libnx_min.a(svc.o)
                0x0000000000027bec                svcUnmapPhysicalMemoryUnsafe
 .text.svcSetUnsafeLimit
                0x0000000000027bf4        0x8 C:/Users/RNG/Desktop/Stuff/Smash-Stuff/SMASH-ULTIMATE-MODS-BABY/50xx-the-mod/acmd-edits/code-mod-framework/lib/libnx_min/nx/lib\libnx_min.a(svc.o)
                0x0000000000027bf4                svcSetUnsafeLimit
 .text.svcCreateCodeMemory
                0x0000000000027bfc       0x14 C:/Users/RNG/Desktop/Stuff/Smash-Stuff/SMASH-ULTIMATE-MODS-BABY/50xx-the-mod/acmd-edits/code-mod-framework/lib/libnx_min/nx/lib\libnx_min.a(svc.o)
                0x0000000000027bfc                svcCreateCodeMemory
 .text.svcControlCodeMemory
                0x0000000000027c10        0x8 C:/Users/RNG/Desktop/Stuff/Smash-Stuff/SMASH-ULTIMATE-MODS-BABY/50xx-the-mod/acmd-edits/code-mod-framework/lib/libnx_min/nx/lib\libnx_min.a(svc.o)
                0x0000000000027c10                svcControlCodeMemory
 .text.svcReadWriteRegister
                0x0000000000027c18       0x14 C:/Users/RNG/Desktop/Stuff/Smash-Stuff/SMASH-ULTIMATE-MODS-BABY/50xx-the-mod/acmd-edits/code-mod-framework/lib/libnx_min/nx/lib\libnx_min.a(svc.o)
                0x0000000000027c18                svcReadWriteRegister
 .text.svcCreateSharedMemory
                0x0000000000027c2c       0x14 C:/Users/RNG/Desktop/Stuff/Smash-Stuff/SMASH-ULTIMATE-MODS-BABY/50xx-the-mod/acmd-edits/code-mod-framework/lib/libnx_min/nx/lib\libnx_min.a(svc.o)
                0x0000000000027c2c                svcCreateSharedMemory
 .text.svcMapTransferMemory
                0x0000000000027c40        0x8 C:/Users/RNG/Desktop/Stuff/Smash-Stuff/SMASH-ULTIMATE-MODS-BABY/50xx-the-mod/acmd-edits/code-mod-framework/lib/libnx_min/nx/lib\libnx_min.a(svc.o)
                0x0000000000027c40                svcMapTransferMemory
 .text.svcUnmapTransferMemory
                0x0000000000027c48        0x8 C:/Users/RNG/Desktop/Stuff/Smash-Stuff/SMASH-ULTIMATE-MODS-BABY/50xx-the-mod/acmd-edits/code-mod-framework/lib/libnx_min/nx/lib\libnx_min.a(svc.o)
                0x0000000000027c48                svcUnmapTransferMemory
 .text.svcCreateInterruptEvent
                0x0000000000027c50       0x14 C:/Users/RNG/Desktop/Stuff/Smash-Stuff/SMASH-ULTIMATE-MODS-BABY/50xx-the-mod/acmd-edits/code-mod-framework/lib/libnx_min/nx/lib\libnx_min.a(svc.o)
                0x0000000000027c50                svcCreateInterruptEvent
 .text.svcQueryPhysicalAddress
                0x0000000000027c64       0x18 C:/Users/RNG/Desktop/Stuff/Smash-Stuff/SMASH-ULTIMATE-MODS-BABY/50xx-the-mod/acmd-edits/code-mod-framework/lib/libnx_min/nx/lib\libnx_min.a(svc.o)
                0x0000000000027c64                svcQueryPhysicalAddress
 .text.svcQueryIoMapping
                0x0000000000027c7c       0x14 C:/Users/RNG/Desktop/Stuff/Smash-Stuff/SMASH-ULTIMATE-MODS-BABY/50xx-the-mod/acmd-edits/code-mod-framework/lib/libnx_min/nx/lib\libnx_min.a(svc.o)
                0x0000000000027c7c                svcQueryIoMapping
 .text.svcCreateDeviceAddressSpace
                0x0000000000027c90       0x14 C:/Users/RNG/Desktop/Stuff/Smash-Stuff/SMASH-ULTIMATE-MODS-BABY/50xx-the-mod/acmd-edits/code-mod-framework/lib/libnx_min/nx/lib\libnx_min.a(svc.o)
                0x0000000000027c90                svcCreateDeviceAddressSpace
 .text.svcAttachDeviceAddressSpace
                0x0000000000027ca4        0x8 C:/Users/RNG/Desktop/Stuff/Smash-Stuff/SMASH-ULTIMATE-MODS-BABY/50xx-the-mod/acmd-edits/code-mod-framework/lib/libnx_min/nx/lib\libnx_min.a(svc.o)
                0x0000000000027ca4                svcAttachDeviceAddressSpace
 .text.svcDetachDeviceAddressSpace
                0x0000000000027cac        0x8 C:/Users/RNG/Desktop/Stuff/Smash-Stuff/SMASH-ULTIMATE-MODS-BABY/50xx-the-mod/acmd-edits/code-mod-framework/lib/libnx_min/nx/lib\libnx_min.a(svc.o)
                0x0000000000027cac                svcDetachDeviceAddressSpace
 .text.svcMapDeviceAddressSpaceByForce
                0x0000000000027cb4        0x8 C:/Users/RNG/Desktop/Stuff/Smash-Stuff/SMASH-ULTIMATE-MODS-BABY/50xx-the-mod/acmd-edits/code-mod-framework/lib/libnx_min/nx/lib\libnx_min.a(svc.o)
                0x0000000000027cb4                svcMapDeviceAddressSpaceByForce
 .text.svcMapDeviceAddressSpaceAligned
                0x0000000000027cbc        0x8 C:/Users/RNG/Desktop/Stuff/Smash-Stuff/SMASH-ULTIMATE-MODS-BABY/50xx-the-mod/acmd-edits/code-mod-framework/lib/libnx_min/nx/lib\libnx_min.a(svc.o)
                0x0000000000027cbc                svcMapDeviceAddressSpaceAligned
 .text.svcUnmapDeviceAddressSpace
                0x0000000000027cc4        0x8 C:/Users/RNG/Desktop/Stuff/Smash-Stuff/SMASH-ULTIMATE-MODS-BABY/50xx-the-mod/acmd-edits/code-mod-framework/lib/libnx_min/nx/lib\libnx_min.a(svc.o)
                0x0000000000027cc4                svcUnmapDeviceAddressSpace
 .text.svcDebugActiveProcess
                0x0000000000027ccc       0x14 C:/Users/RNG/Desktop/Stuff/Smash-Stuff/SMASH-ULTIMATE-MODS-BABY/50xx-the-mod/acmd-edits/code-mod-framework/lib/libnx_min/nx/lib\libnx_min.a(svc.o)
                0x0000000000027ccc                svcDebugActiveProcess
 .text.svcBreakDebugProcess
                0x0000000000027ce0        0x8 C:/Users/RNG/Desktop/Stuff/Smash-Stuff/SMASH-ULTIMATE-MODS-BABY/50xx-the-mod/acmd-edits/code-mod-framework/lib/libnx_min/nx/lib\libnx_min.a(svc.o)
                0x0000000000027ce0                svcBreakDebugProcess
 .text.svcTerminateDebugProcess
                0x0000000000027ce8        0x8 C:/Users/RNG/Desktop/Stuff/Smash-Stuff/SMASH-ULTIMATE-MODS-BABY/50xx-the-mod/acmd-edits/code-mod-framework/lib/libnx_min/nx/lib\libnx_min.a(svc.o)
                0x0000000000027ce8                svcTerminateDebugProcess
 .text.svcGetDebugEvent
                0x0000000000027cf0        0x8 C:/Users/RNG/Desktop/Stuff/Smash-Stuff/SMASH-ULTIMATE-MODS-BABY/50xx-the-mod/acmd-edits/code-mod-framework/lib/libnx_min/nx/lib\libnx_min.a(svc.o)
                0x0000000000027cf0                svcGetDebugEvent
 .text.svcLegacyContinueDebugEvent
                0x0000000000027cf8        0x8 C:/Users/RNG/Desktop/Stuff/Smash-Stuff/SMASH-ULTIMATE-MODS-BABY/50xx-the-mod/acmd-edits/code-mod-framework/lib/libnx_min/nx/lib\libnx_min.a(svc.o)
                0x0000000000027cf8                svcLegacyContinueDebugEvent
 .text.svcContinueDebugEvent
                0x0000000000027d00        0x8 C:/Users/RNG/Desktop/Stuff/Smash-Stuff/SMASH-ULTIMATE-MODS-BABY/50xx-the-mod/acmd-edits/code-mod-framework/lib/libnx_min/nx/lib\libnx_min.a(svc.o)
                0x0000000000027d00                svcContinueDebugEvent
 .text.svcGetProcessList
                0x0000000000027d08       0x14 C:/Users/RNG/Desktop/Stuff/Smash-Stuff/SMASH-ULTIMATE-MODS-BABY/50xx-the-mod/acmd-edits/code-mod-framework/lib/libnx_min/nx/lib\libnx_min.a(svc.o)
                0x0000000000027d08                svcGetProcessList
 .text.svcGetThreadList
                0x0000000000027d1c       0x14 C:/Users/RNG/Desktop/Stuff/Smash-Stuff/SMASH-ULTIMATE-MODS-BABY/50xx-the-mod/acmd-edits/code-mod-framework/lib/libnx_min/nx/lib\libnx_min.a(svc.o)
                0x0000000000027d1c                svcGetThreadList
 .text.svcGetDebugThreadContext
                0x0000000000027d30        0x8 C:/Users/RNG/Desktop/Stuff/Smash-Stuff/SMASH-ULTIMATE-MODS-BABY/50xx-the-mod/acmd-edits/code-mod-framework/lib/libnx_min/nx/lib\libnx_min.a(svc.o)
                0x0000000000027d30                svcGetDebugThreadContext
 .text.svcSetDebugThreadContext
                0x0000000000027d38        0x8 C:/Users/RNG/Desktop/Stuff/Smash-Stuff/SMASH-ULTIMATE-MODS-BABY/50xx-the-mod/acmd-edits/code-mod-framework/lib/libnx_min/nx/lib\libnx_min.a(svc.o)
                0x0000000000027d38                svcSetDebugThreadContext
 .text.svcQueryDebugProcessMemory
                0x0000000000027d40       0x14 C:/Users/RNG/Desktop/Stuff/Smash-Stuff/SMASH-ULTIMATE-MODS-BABY/50xx-the-mod/acmd-edits/code-mod-framework/lib/libnx_min/nx/lib\libnx_min.a(svc.o)
                0x0000000000027d40                svcQueryDebugProcessMemory
 .text.svcReadDebugProcessMemory
                0x0000000000027d54        0x8 C:/Users/RNG/Desktop/Stuff/Smash-Stuff/SMASH-ULTIMATE-MODS-BABY/50xx-the-mod/acmd-edits/code-mod-framework/lib/libnx_min/nx/lib\libnx_min.a(svc.o)
                0x0000000000027d54                svcReadDebugProcessMemory
 .text.svcWriteDebugProcessMemory
                0x0000000000027d5c        0x8 C:/Users/RNG/Desktop/Stuff/Smash-Stuff/SMASH-ULTIMATE-MODS-BABY/50xx-the-mod/acmd-edits/code-mod-framework/lib/libnx_min/nx/lib\libnx_min.a(svc.o)
                0x0000000000027d5c                svcWriteDebugProcessMemory
 .text.svcGetDebugThreadParam
                0x0000000000027d64       0x18 C:/Users/RNG/Desktop/Stuff/Smash-Stuff/SMASH-ULTIMATE-MODS-BABY/50xx-the-mod/acmd-edits/code-mod-framework/lib/libnx_min/nx/lib\libnx_min.a(svc.o)
                0x0000000000027d64                svcGetDebugThreadParam
 .text.svcGetSystemInfo
                0x0000000000027d7c       0x14 C:/Users/RNG/Desktop/Stuff/Smash-Stuff/SMASH-ULTIMATE-MODS-BABY/50xx-the-mod/acmd-edits/code-mod-framework/lib/libnx_min/nx/lib\libnx_min.a(svc.o)
                0x0000000000027d7c                svcGetSystemInfo
 .text.svcCreatePort
                0x0000000000027d90       0x18 C:/Users/RNG/Desktop/Stuff/Smash-Stuff/SMASH-ULTIMATE-MODS-BABY/50xx-the-mod/acmd-edits/code-mod-framework/lib/libnx_min/nx/lib\libnx_min.a(svc.o)
                0x0000000000027d90                svcCreatePort
 .text.svcManageNamedPort
                0x0000000000027da8       0x14 C:/Users/RNG/Desktop/Stuff/Smash-Stuff/SMASH-ULTIMATE-MODS-BABY/50xx-the-mod/acmd-edits/code-mod-framework/lib/libnx_min/nx/lib\libnx_min.a(svc.o)
                0x0000000000027da8                svcManageNamedPort
 .text.svcConnectToPort
                0x0000000000027dbc       0x14 C:/Users/RNG/Desktop/Stuff/Smash-Stuff/SMASH-ULTIMATE-MODS-BABY/50xx-the-mod/acmd-edits/code-mod-framework/lib/libnx_min/nx/lib\libnx_min.a(svc.o)
                0x0000000000027dbc                svcConnectToPort
 .text.svcSetProcessMemoryPermission
                0x0000000000027dd0        0x8 C:/Users/RNG/Desktop/Stuff/Smash-Stuff/SMASH-ULTIMATE-MODS-BABY/50xx-the-mod/acmd-edits/code-mod-framework/lib/libnx_min/nx/lib\libnx_min.a(svc.o)
                0x0000000000027dd0                svcSetProcessMemoryPermission
 .text.svcMapProcessMemory
                0x0000000000027dd8        0x8 C:/Users/RNG/Desktop/Stuff/Smash-Stuff/SMASH-ULTIMATE-MODS-BABY/50xx-the-mod/acmd-edits/code-mod-framework/lib/libnx_min/nx/lib\libnx_min.a(svc.o)
                0x0000000000027dd8                svcMapProcessMemory
 .text.svcUnmapProcessMemory
                0x0000000000027de0        0x8 C:/Users/RNG/Desktop/Stuff/Smash-Stuff/SMASH-ULTIMATE-MODS-BABY/50xx-the-mod/acmd-edits/code-mod-framework/lib/libnx_min/nx/lib\libnx_min.a(svc.o)
                0x0000000000027de0                svcUnmapProcessMemory
 .text.svcQueryProcessMemory
                0x0000000000027de8       0x14 C:/Users/RNG/Desktop/Stuff/Smash-Stuff/SMASH-ULTIMATE-MODS-BABY/50xx-the-mod/acmd-edits/code-mod-framework/lib/libnx_min/nx/lib\libnx_min.a(svc.o)
                0x0000000000027de8                svcQueryProcessMemory
 .text.svcMapProcessCodeMemory
                0x0000000000027dfc        0x8 C:/Users/RNG/Desktop/Stuff/Smash-Stuff/SMASH-ULTIMATE-MODS-BABY/50xx-the-mod/acmd-edits/code-mod-framework/lib/libnx_min/nx/lib\libnx_min.a(svc.o)
                0x0000000000027dfc                svcMapProcessCodeMemory
 .text.svcUnmapProcessCodeMemory
                0x0000000000027e04        0x8 C:/Users/RNG/Desktop/Stuff/Smash-Stuff/SMASH-ULTIMATE-MODS-BABY/50xx-the-mod/acmd-edits/code-mod-framework/lib/libnx_min/nx/lib\libnx_min.a(svc.o)
                0x0000000000027e04                svcUnmapProcessCodeMemory
 .text.svcCreateProcess
                0x0000000000027e0c       0x14 C:/Users/RNG/Desktop/Stuff/Smash-Stuff/SMASH-ULTIMATE-MODS-BABY/50xx-the-mod/acmd-edits/code-mod-framework/lib/libnx_min/nx/lib\libnx_min.a(svc.o)
                0x0000000000027e0c                svcCreateProcess
 .text.svcStartProcess
                0x0000000000027e20        0x8 C:/Users/RNG/Desktop/Stuff/Smash-Stuff/SMASH-ULTIMATE-MODS-BABY/50xx-the-mod/acmd-edits/code-mod-framework/lib/libnx_min/nx/lib\libnx_min.a(svc.o)
                0x0000000000027e20                svcStartProcess
 .text.svcTerminateProcess
                0x0000000000027e28        0x8 C:/Users/RNG/Desktop/Stuff/Smash-Stuff/SMASH-ULTIMATE-MODS-BABY/50xx-the-mod/acmd-edits/code-mod-framework/lib/libnx_min/nx/lib\libnx_min.a(svc.o)
                0x0000000000027e28                svcTerminateProcess
 .text.svcGetProcessInfo
                0x0000000000027e30       0x14 C:/Users/RNG/Desktop/Stuff/Smash-Stuff/SMASH-ULTIMATE-MODS-BABY/50xx-the-mod/acmd-edits/code-mod-framework/lib/libnx_min/nx/lib\libnx_min.a(svc.o)
                0x0000000000027e30                svcGetProcessInfo
 .text.svcCreateResourceLimit
                0x0000000000027e44       0x14 C:/Users/RNG/Desktop/Stuff/Smash-Stuff/SMASH-ULTIMATE-MODS-BABY/50xx-the-mod/acmd-edits/code-mod-framework/lib/libnx_min/nx/lib\libnx_min.a(svc.o)
                0x0000000000027e44                svcCreateResourceLimit
 .text.svcSetResourceLimitLimitValue
                0x0000000000027e58        0x8 C:/Users/RNG/Desktop/Stuff/Smash-Stuff/SMASH-ULTIMATE-MODS-BABY/50xx-the-mod/acmd-edits/code-mod-framework/lib/libnx_min/nx/lib\libnx_min.a(svc.o)
                0x0000000000027e58                svcSetResourceLimitLimitValue
 .text.svcCallSecureMonitor
                0x0000000000027e60       0x34 C:/Users/RNG/Desktop/Stuff/Smash-Stuff/SMASH-ULTIMATE-MODS-BABY/50xx-the-mod/acmd-edits/code-mod-framework/lib/libnx_min/nx/lib\libnx_min.a(svc.o)
                0x0000000000027e60                svcCallSecureMonitor
 .text.__aarch64_read_tp
                0x0000000000027e94        0xc C:/Users/RNG/Desktop/Stuff/Smash-Stuff/SMASH-ULTIMATE-MODS-BABY/50xx-the-mod/acmd-edits/code-mod-framework/lib/libnx_min/nx/lib\libnx_min.a(readtp.o)
                0x0000000000027e94                __aarch64_read_tp
 .text._GetRegionFromInfo.isra.1
                0x0000000000027ea0       0x7c C:/Users/RNG/Desktop/Stuff/Smash-Stuff/SMASH-ULTIMATE-MODS-BABY/50xx-the-mod/acmd-edits/code-mod-framework/lib/libnx_min/nx/lib\libnx_min.a(virtmem.o)
 *fill*         0x0000000000027f1c        0x4 
 .text.virtmemSetup
                0x0000000000027f20      0x114 C:/Users/RNG/Desktop/Stuff/Smash-Stuff/SMASH-ULTIMATE-MODS-BABY/50xx-the-mod/acmd-edits/code-mod-framework/lib/libnx_min/nx/lib\libnx_min.a(virtmem.o)
                0x0000000000027f20                virtmemSetup
 *fill*         0x0000000000028034        0xc 
 .text.virtmemReserve
                0x0000000000028040      0x13c C:/Users/RNG/Desktop/Stuff/Smash-Stuff/SMASH-ULTIMATE-MODS-BABY/50xx-the-mod/acmd-edits/code-mod-framework/lib/libnx_min/nx/lib\libnx_min.a(virtmem.o)
                0x0000000000028040                virtmemReserve
 *fill*         0x000000000002817c        0x4 
 .text.virtmemFree
                0x0000000000028180        0x4 C:/Users/RNG/Desktop/Stuff/Smash-Stuff/SMASH-ULTIMATE-MODS-BABY/50xx-the-mod/acmd-edits/code-mod-framework/lib/libnx_min/nx/lib\libnx_min.a(virtmem.o)
                0x0000000000028180                virtmemFree
 *fill*         0x0000000000028184        0xc 
 .text.virtmemReserveStack
                0x0000000000028190       0xc8 C:/Users/RNG/Desktop/Stuff/Smash-Stuff/SMASH-ULTIMATE-MODS-BABY/50xx-the-mod/acmd-edits/code-mod-framework/lib/libnx_min/nx/lib\libnx_min.a(virtmem.o)
                0x0000000000028190                virtmemReserveStack
 *fill*         0x0000000000028258        0x8 
 .text.virtmemFreeStack
                0x0000000000028260        0x4 C:/Users/RNG/Desktop/Stuff/Smash-Stuff/SMASH-ULTIMATE-MODS-BABY/50xx-the-mod/acmd-edits/code-mod-framework/lib/libnx_min/nx/lib\libnx_min.a(virtmem.o)
                0x0000000000028260                virtmemFreeStack
 *fill*         0x0000000000028264        0xc 
 .text.mutexLock
                0x0000000000028270       0x8c C:/Users/RNG/Desktop/Stuff/Smash-Stuff/SMASH-ULTIMATE-MODS-BABY/50xx-the-mod/acmd-edits/code-mod-framework/lib/libnx_min/nx/lib\libnx_min.a(mutex.o)
                0x0000000000028270                mutexLock
 *fill*         0x00000000000282fc        0x4 
 .text.mutexTryLock
                0x0000000000028300       0x34 C:/Users/RNG/Desktop/Stuff/Smash-Stuff/SMASH-ULTIMATE-MODS-BABY/50xx-the-mod/acmd-edits/code-mod-framework/lib/libnx_min/nx/lib\libnx_min.a(mutex.o)
                0x0000000000028300                mutexTryLock
 *fill*         0x0000000000028334        0xc 
 .text.mutexUnlock
                0x0000000000028340       0x30 C:/Users/RNG/Desktop/Stuff/Smash-Stuff/SMASH-ULTIMATE-MODS-BABY/50xx-the-mod/acmd-edits/code-mod-framework/lib/libnx_min/nx/lib\libnx_min.a(mutex.o)
                0x0000000000028340                mutexUnlock
 .text.rmutexLock
                0x0000000000028370       0x4c C:/Users/RNG/Desktop/Stuff/Smash-Stuff/SMASH-ULTIMATE-MODS-BABY/50xx-the-mod/acmd-edits/code-mod-framework/lib/libnx_min/nx/lib\libnx_min.a(mutex.o)
                0x0000000000028370                rmutexLock
 *fill*         0x00000000000283bc        0x4 
 .text.rmutexTryLock
                0x00000000000283c0       0x5c C:/Users/RNG/Desktop/Stuff/Smash-Stuff/SMASH-ULTIMATE-MODS-BABY/50xx-the-mod/acmd-edits/code-mod-framework/lib/libnx_min/nx/lib\libnx_min.a(mutex.o)
                0x00000000000283c0                rmutexTryLock
 *fill*         0x000000000002841c        0x4 
 .text.rmutexUnlock
                0x0000000000028420       0x1c C:/Users/RNG/Desktop/Stuff/Smash-Stuff/SMASH-ULTIMATE-MODS-BABY/50xx-the-mod/acmd-edits/code-mod-framework/lib/libnx_min/nx/lib\libnx_min.a(mutex.o)
                0x0000000000028420                rmutexUnlock
 *fill*         0x000000000002843c        0x4 
 .text.ipcPrepareHeader
                0x0000000000028440      0x220 C:/Users/RNG/Desktop/Stuff/Smash-Stuff/SMASH-ULTIMATE-MODS-BABY/50xx-the-mod/acmd-edits/code-mod-framework/lib/libnx_min/nx/lib\libnx_min.a(fs.o)
 .text.ipcParse
                0x0000000000028660      0x22c C:/Users/RNG/Desktop/Stuff/Smash-Stuff/SMASH-ULTIMATE-MODS-BABY/50xx-the-mod/acmd-edits/code-mod-framework/lib/libnx_min/nx/lib\libnx_min.a(fs.o)
 *fill*         0x000000000002888c        0x4 
 .text.serviceIpcParse
                0x0000000000028890       0xb0 C:/Users/RNG/Desktop/Stuff/Smash-Stuff/SMASH-ULTIMATE-MODS-BABY/50xx-the-mod/acmd-edits/code-mod-framework/lib/libnx_min/nx/lib\libnx_min.a(fs.o)
 .text.ipcCloseObjectById
                0x0000000000028940       0x34 C:/Users/RNG/Desktop/Stuff/Smash-Stuff/SMASH-ULTIMATE-MODS-BABY/50xx-the-mod/acmd-edits/code-mod-framework/lib/libnx_min/nx/lib\libnx_min.a(fs.o)
 *fill*         0x0000000000028974        0xc 
 .text._fsDeviceOperatorCheckInserted
                0x0000000000028980      0x19c C:/Users/RNG/Desktop/Stuff/Smash-Stuff/SMASH-ULTIMATE-MODS-BABY/50xx-the-mod/acmd-edits/code-mod-framework/lib/libnx_min/nx/lib\libnx_min.a(fs.o)
 *fill*         0x0000000000028b1c        0x4 
 .text.fsFsQueryEntry.part.12
                0x0000000000028b20      0x274 C:/Users/RNG/Desktop/Stuff/Smash-Stuff/SMASH-ULTIMATE-MODS-BABY/50xx-the-mod/acmd-edits/code-mod-framework/lib/libnx_min/nx/lib\libnx_min.a(fs.o)
 *fill*         0x0000000000028d94        0xc 
 .text.fsInitialize
                0x0000000000028da0      0x200 C:/Users/RNG/Desktop/Stuff/Smash-Stuff/SMASH-ULTIMATE-MODS-BABY/50xx-the-mod/acmd-edits/code-mod-framework/lib/libnx_min/nx/lib\libnx_min.a(fs.o)
                0x0000000000028da0                fsInitialize
 .text.fsExit   0x0000000000028fa0       0x9c C:/Users/RNG/Desktop/Stuff/Smash-Stuff/SMASH-ULTIMATE-MODS-BABY/50xx-the-mod/acmd-edits/code-mod-framework/lib/libnx_min/nx/lib\libnx_min.a(fs.o)
                0x0000000000028fa0                fsExit
 *fill*         0x000000000002903c        0x4 
 .text.fsGetServiceSession
                0x0000000000029040        0xc C:/Users/RNG/Desktop/Stuff/Smash-Stuff/SMASH-ULTIMATE-MODS-BABY/50xx-the-mod/acmd-edits/code-mod-framework/lib/libnx_min/nx/lib\libnx_min.a(fs.o)
                0x0000000000029040                fsGetServiceSession
 *fill*         0x000000000002904c        0x4 
 .text.fsOpenBisStorage
                0x0000000000029050      0x1ec C:/Users/RNG/Desktop/Stuff/Smash-Stuff/SMASH-ULTIMATE-MODS-BABY/50xx-the-mod/acmd-edits/code-mod-framework/lib/libnx_min/nx/lib\libnx_min.a(fs.o)
                0x0000000000029050                fsOpenBisStorage
 *fill*         0x000000000002923c        0x4 
 .text.fsOpenBisFileSystem
                0x0000000000029240      0x170 C:/Users/RNG/Desktop/Stuff/Smash-Stuff/SMASH-ULTIMATE-MODS-BABY/50xx-the-mod/acmd-edits/code-mod-framework/lib/libnx_min/nx/lib\libnx_min.a(fs.o)
                0x0000000000029240                fsOpenBisFileSystem
 .text.fsMountSdcard
                0x00000000000293b0      0x1cc C:/Users/RNG/Desktop/Stuff/Smash-Stuff/SMASH-ULTIMATE-MODS-BABY/50xx-the-mod/acmd-edits/code-mod-framework/lib/libnx_min/nx/lib\libnx_min.a(fs.o)
                0x00000000000293b0                fsMountSdcard
 *fill*         0x000000000002957c        0x4 
 .text.fsMountSaveData
                0x0000000000029580      0x208 C:/Users/RNG/Desktop/Stuff/Smash-Stuff/SMASH-ULTIMATE-MODS-BABY/50xx-the-mod/acmd-edits/code-mod-framework/lib/libnx_min/nx/lib\libnx_min.a(fs.o)
                0x0000000000029580                fsMountSaveData
 *fill*         0x0000000000029788        0x8 
 .text.fsMountSystemSaveData
                0x0000000000029790      0x208 C:/Users/RNG/Desktop/Stuff/Smash-Stuff/SMASH-ULTIMATE-MODS-BABY/50xx-the-mod/acmd-edits/code-mod-framework/lib/libnx_min/nx/lib\libnx_min.a(fs.o)
                0x0000000000029790                fsMountSystemSaveData
 *fill*         0x0000000000029998        0x8 
 .text.fsOpenSaveDataIterator
                0x00000000000299a0      0x1e0 C:/Users/RNG/Desktop/Stuff/Smash-Stuff/SMASH-ULTIMATE-MODS-BABY/50xx-the-mod/acmd-edits/code-mod-framework/lib/libnx_min/nx/lib\libnx_min.a(fs.o)
                0x00000000000299a0                fsOpenSaveDataIterator
 .text.fsOpenContentStorageFileSystem
                0x0000000000029b80      0x1d4 C:/Users/RNG/Desktop/Stuff/Smash-Stuff/SMASH-ULTIMATE-MODS-BABY/50xx-the-mod/acmd-edits/code-mod-framework/lib/libnx_min/nx/lib\libnx_min.a(fs.o)
                0x0000000000029b80                fsOpenContentStorageFileSystem
 *fill*         0x0000000000029d54        0xc 
 .text.fsOpenDataStorageByCurrentProcess
                0x0000000000029d60      0x1cc C:/Users/RNG/Desktop/Stuff/Smash-Stuff/SMASH-ULTIMATE-MODS-BABY/50xx-the-mod/acmd-edits/code-mod-framework/lib/libnx_min/nx/lib\libnx_min.a(fs.o)
                0x0000000000029d60                fsOpenDataStorageByCurrentProcess
 *fill*         0x0000000000029f2c        0x4 
 .text.fsOpenDataStorageByDataId
                0x0000000000029f30      0x200 C:/Users/RNG/Desktop/Stuff/Smash-Stuff/SMASH-ULTIMATE-MODS-BABY/50xx-the-mod/acmd-edits/code-mod-framework/lib/libnx_min/nx/lib\libnx_min.a(fs.o)
                0x0000000000029f30                fsOpenDataStorageByDataId
 .text.fsOpenDeviceOperator
                0x000000000002a130      0x1cc C:/Users/RNG/Desktop/Stuff/Smash-Stuff/SMASH-ULTIMATE-MODS-BABY/50xx-the-mod/acmd-edits/code-mod-framework/lib/libnx_min/nx/lib\libnx_min.a(fs.o)
                0x000000000002a130                fsOpenDeviceOperator
 *fill*         0x000000000002a2fc        0x4 
 .text.fsOpenSdCardDetectionEventNotifier
                0x000000000002a300      0x1cc C:/Users/RNG/Desktop/Stuff/Smash-Stuff/SMASH-ULTIMATE-MODS-BABY/50xx-the-mod/acmd-edits/code-mod-framework/lib/libnx_min/nx/lib\libnx_min.a(fs.o)
                0x000000000002a300                fsOpenSdCardDetectionEventNotifier
 *fill*         0x000000000002a4cc        0x4 
 .text.fsGetRightsIdByPath
                0x000000000002a4d0      0x174 C:/Users/RNG/Desktop/Stuff/Smash-Stuff/SMASH-ULTIMATE-MODS-BABY/50xx-the-mod/acmd-edits/code-mod-framework/lib/libnx_min/nx/lib\libnx_min.a(fs.o)
                0x000000000002a4d0                fsGetRightsIdByPath
 *fill*         0x000000000002a644        0xc 
 .text.fsGetRightsIdAndKeyGenerationByPath
                0x000000000002a650      0x184 C:/Users/RNG/Desktop/Stuff/Smash-Stuff/SMASH-ULTIMATE-MODS-BABY/50xx-the-mod/acmd-edits/code-mod-framework/lib/libnx_min/nx/lib\libnx_min.a(fs.o)
                0x000000000002a650                fsGetRightsIdAndKeyGenerationByPath
 *fill*         0x000000000002a7d4        0xc 
 .text.fsIsExFatSupported
                0x000000000002a7e0      0x138 C:/Users/RNG/Desktop/Stuff/Smash-Stuff/SMASH-ULTIMATE-MODS-BABY/50xx-the-mod/acmd-edits/code-mod-framework/lib/libnx_min/nx/lib\libnx_min.a(fs.o)
                0x000000000002a7e0                fsIsExFatSupported
 *fill*         0x000000000002a918        0x8 
 .text.fsMount_SaveData
                0x000000000002a920       0x3c C:/Users/RNG/Desktop/Stuff/Smash-Stuff/SMASH-ULTIMATE-MODS-BABY/50xx-the-mod/acmd-edits/code-mod-framework/lib/libnx_min/nx/lib\libnx_min.a(fs.o)
                0x000000000002a920                fsMount_SaveData
 *fill*         0x000000000002a95c        0x4 
 .text.fsMount_SystemSaveData
                0x000000000002a960       0x30 C:/Users/RNG/Desktop/Stuff/Smash-Stuff/SMASH-ULTIMATE-MODS-BABY/50xx-the-mod/acmd-edits/code-mod-framework/lib/libnx_min/nx/lib\libnx_min.a(fs.o)
                0x000000000002a960                fsMount_SystemSaveData
 .text.fsOpenFileSystemWithId
                0x000000000002a990      0x248 C:/Users/RNG/Desktop/Stuff/Smash-Stuff/SMASH-ULTIMATE-MODS-BABY/50xx-the-mod/acmd-edits/code-mod-framework/lib/libnx_min/nx/lib\libnx_min.a(fs.o)
                0x000000000002a990                fsOpenFileSystemWithId
 *fill*         0x000000000002abd8        0x8 
 .text.fsOpenFileSystem
                0x000000000002abe0       0x10 C:/Users/RNG/Desktop/Stuff/Smash-Stuff/SMASH-ULTIMATE-MODS-BABY/50xx-the-mod/acmd-edits/code-mod-framework/lib/libnx_min/nx/lib\libnx_min.a(fs.o)
                0x000000000002abe0                fsOpenFileSystem
 .text.fsOpenFileSystemWithPatch
                0x000000000002abf0      0x184 C:/Users/RNG/Desktop/Stuff/Smash-Stuff/SMASH-ULTIMATE-MODS-BABY/50xx-the-mod/acmd-edits/code-mod-framework/lib/libnx_min/nx/lib\libnx_min.a(fs.o)
                0x000000000002abf0                fsOpenFileSystemWithPatch
 *fill*         0x000000000002ad74        0xc 
 .text.fsFsCreateFile
                0x000000000002ad80      0x1a4 C:/Users/RNG/Desktop/Stuff/Smash-Stuff/SMASH-ULTIMATE-MODS-BABY/50xx-the-mod/acmd-edits/code-mod-framework/lib/libnx_min/nx/lib\libnx_min.a(fs.o)
                0x000000000002ad80                fsFsCreateFile
 *fill*         0x000000000002af24        0xc 
 .text.fsFsDeleteFile
                0x000000000002af30      0x19c C:/Users/RNG/Desktop/Stuff/Smash-Stuff/SMASH-ULTIMATE-MODS-BABY/50xx-the-mod/acmd-edits/code-mod-framework/lib/libnx_min/nx/lib\libnx_min.a(fs.o)
                0x000000000002af30                fsFsDeleteFile
 *fill*         0x000000000002b0cc        0x4 
 .text.fsFsCreateDirectory
                0x000000000002b0d0      0x19c C:/Users/RNG/Desktop/Stuff/Smash-Stuff/SMASH-ULTIMATE-MODS-BABY/50xx-the-mod/acmd-edits/code-mod-framework/lib/libnx_min/nx/lib\libnx_min.a(fs.o)
                0x000000000002b0d0                fsFsCreateDirectory
 *fill*         0x000000000002b26c        0x4 
 .text.fsFsDeleteDirectory
                0x000000000002b270      0x19c C:/Users/RNG/Desktop/Stuff/Smash-Stuff/SMASH-ULTIMATE-MODS-BABY/50xx-the-mod/acmd-edits/code-mod-framework/lib/libnx_min/nx/lib\libnx_min.a(fs.o)
                0x000000000002b270                fsFsDeleteDirectory
 *fill*         0x000000000002b40c        0x4 
 .text.fsFsDeleteDirectoryRecursively
                0x000000000002b410      0x19c C:/Users/RNG/Desktop/Stuff/Smash-Stuff/SMASH-ULTIMATE-MODS-BABY/50xx-the-mod/acmd-edits/code-mod-framework/lib/libnx_min/nx/lib\libnx_min.a(fs.o)
                0x000000000002b410                fsFsDeleteDirectoryRecursively
 *fill*         0x000000000002b5ac        0x4 
 .text.fsFsRenameFile
                0x000000000002b5b0      0x214 C:/Users/RNG/Desktop/Stuff/Smash-Stuff/SMASH-ULTIMATE-MODS-BABY/50xx-the-mod/acmd-edits/code-mod-framework/lib/libnx_min/nx/lib\libnx_min.a(fs.o)
                0x000000000002b5b0                fsFsRenameFile
 *fill*         0x000000000002b7c4        0xc 
 .text.fsFsRenameDirectory
                0x000000000002b7d0      0x214 C:/Users/RNG/Desktop/Stuff/Smash-Stuff/SMASH-ULTIMATE-MODS-BABY/50xx-the-mod/acmd-edits/code-mod-framework/lib/libnx_min/nx/lib\libnx_min.a(fs.o)
                0x000000000002b7d0                fsFsRenameDirectory
 *fill*         0x000000000002b9e4        0xc 
 .text.fsFsGetEntryType
                0x000000000002b9f0      0x1b0 C:/Users/RNG/Desktop/Stuff/Smash-Stuff/SMASH-ULTIMATE-MODS-BABY/50xx-the-mod/acmd-edits/code-mod-framework/lib/libnx_min/nx/lib\libnx_min.a(fs.o)
                0x000000000002b9f0                fsFsGetEntryType
 .text.fsFsOpenFile
                0x000000000002bba0      0x1e4 C:/Users/RNG/Desktop/Stuff/Smash-Stuff/SMASH-ULTIMATE-MODS-BABY/50xx-the-mod/acmd-edits/code-mod-framework/lib/libnx_min/nx/lib\libnx_min.a(fs.o)
                0x000000000002bba0                fsFsOpenFile
 *fill*         0x000000000002bd84        0xc 
 .text.fsFsOpenDirectory
                0x000000000002bd90      0x1f8 C:/Users/RNG/Desktop/Stuff/Smash-Stuff/SMASH-ULTIMATE-MODS-BABY/50xx-the-mod/acmd-edits/code-mod-framework/lib/libnx_min/nx/lib\libnx_min.a(fs.o)
                0x000000000002bd90                fsFsOpenDirectory
 *fill*         0x000000000002bf88        0x8 
 .text.fsFsCommit
                0x000000000002bf90      0x17c C:/Users/RNG/Desktop/Stuff/Smash-Stuff/SMASH-ULTIMATE-MODS-BABY/50xx-the-mod/acmd-edits/code-mod-framework/lib/libnx_min/nx/lib\libnx_min.a(fs.o)
                0x000000000002bf90                fsFsCommit
 *fill*         0x000000000002c10c        0x4 
 .text.fsFsGetFreeSpace
                0x000000000002c110      0x1b0 C:/Users/RNG/Desktop/Stuff/Smash-Stuff/SMASH-ULTIMATE-MODS-BABY/50xx-the-mod/acmd-edits/code-mod-framework/lib/libnx_min/nx/lib\libnx_min.a(fs.o)
                0x000000000002c110                fsFsGetFreeSpace
 .text.fsFsGetTotalSpace
                0x000000000002c2c0      0x1b0 C:/Users/RNG/Desktop/Stuff/Smash-Stuff/SMASH-ULTIMATE-MODS-BABY/50xx-the-mod/acmd-edits/code-mod-framework/lib/libnx_min/nx/lib\libnx_min.a(fs.o)
                0x000000000002c2c0                fsFsGetTotalSpace
 .text.fsFsCleanDirectoryRecursively
                0x000000000002c470      0x140 C:/Users/RNG/Desktop/Stuff/Smash-Stuff/SMASH-ULTIMATE-MODS-BABY/50xx-the-mod/acmd-edits/code-mod-framework/lib/libnx_min/nx/lib\libnx_min.a(fs.o)
                0x000000000002c470                fsFsCleanDirectoryRecursively
 .text.fsFsGetFileTimeStampRaw
                0x000000000002c5b0      0x194 C:/Users/RNG/Desktop/Stuff/Smash-Stuff/SMASH-ULTIMATE-MODS-BABY/50xx-the-mod/acmd-edits/code-mod-framework/lib/libnx_min/nx/lib\libnx_min.a(fs.o)
                0x000000000002c5b0                fsFsGetFileTimeStampRaw
 *fill*         0x000000000002c744        0xc 
 .text.fsFsQueryEntry
                0x000000000002c750       0x60 C:/Users/RNG/Desktop/Stuff/Smash-Stuff/SMASH-ULTIMATE-MODS-BABY/50xx-the-mod/acmd-edits/code-mod-framework/lib/libnx_min/nx/lib\libnx_min.a(fs.o)
                0x000000000002c750                fsFsQueryEntry
 .text.fsFsSetArchiveBit
                0x000000000002c7b0       0x1c C:/Users/RNG/Desktop/Stuff/Smash-Stuff/SMASH-ULTIMATE-MODS-BABY/50xx-the-mod/acmd-edits/code-mod-framework/lib/libnx_min/nx/lib\libnx_min.a(fs.o)
                0x000000000002c7b0                fsFsSetArchiveBit
 *fill*         0x000000000002c7cc        0x4 
 .text.fsFsClose
                0x000000000002c7d0       0x6c C:/Users/RNG/Desktop/Stuff/Smash-Stuff/SMASH-ULTIMATE-MODS-BABY/50xx-the-mod/acmd-edits/code-mod-framework/lib/libnx_min/nx/lib\libnx_min.a(fs.o)
                0x000000000002c7d0                fsFsClose
 *fill*         0x000000000002c83c        0x4 
 .text.fsFileRead
                0x000000000002c840      0x1f8 C:/Users/RNG/Desktop/Stuff/Smash-Stuff/SMASH-ULTIMATE-MODS-BABY/50xx-the-mod/acmd-edits/code-mod-framework/lib/libnx_min/nx/lib\libnx_min.a(fs.o)
                0x000000000002c840                fsFileRead
 *fill*         0x000000000002ca38        0x8 
 .text.fsFileWrite
                0x000000000002ca40      0x1cc C:/Users/RNG/Desktop/Stuff/Smash-Stuff/SMASH-ULTIMATE-MODS-BABY/50xx-the-mod/acmd-edits/code-mod-framework/lib/libnx_min/nx/lib\libnx_min.a(fs.o)
                0x000000000002ca40                fsFileWrite
 *fill*         0x000000000002cc0c        0x4 
 .text.fsFileFlush
                0x000000000002cc10      0x17c C:/Users/RNG/Desktop/Stuff/Smash-Stuff/SMASH-ULTIMATE-MODS-BABY/50xx-the-mod/acmd-edits/code-mod-framework/lib/libnx_min/nx/lib\libnx_min.a(fs.o)
                0x000000000002cc10                fsFileFlush
 *fill*         0x000000000002cd8c        0x4 
 .text.fsFileSetSize
                0x000000000002cd90      0x18c C:/Users/RNG/Desktop/Stuff/Smash-Stuff/SMASH-ULTIMATE-MODS-BABY/50xx-the-mod/acmd-edits/code-mod-framework/lib/libnx_min/nx/lib\libnx_min.a(fs.o)
                0x000000000002cd90                fsFileSetSize
 *fill*         0x000000000002cf1c        0x4 
 .text.fsFileGetSize
                0x000000000002cf20      0x194 C:/Users/RNG/Desktop/Stuff/Smash-Stuff/SMASH-ULTIMATE-MODS-BABY/50xx-the-mod/acmd-edits/code-mod-framework/lib/libnx_min/nx/lib\libnx_min.a(fs.o)
                0x000000000002cf20                fsFileGetSize
 *fill*         0x000000000002d0b4        0xc 
 .text.fsFileOperateRange
                0x000000000002d0c0      0x180 C:/Users/RNG/Desktop/Stuff/Smash-Stuff/SMASH-ULTIMATE-MODS-BABY/50xx-the-mod/acmd-edits/code-mod-framework/lib/libnx_min/nx/lib\libnx_min.a(fs.o)
                0x000000000002d0c0                fsFileOperateRange
 .text.fsFileClose
                0x000000000002d240       0x6c C:/Users/RNG/Desktop/Stuff/Smash-Stuff/SMASH-ULTIMATE-MODS-BABY/50xx-the-mod/acmd-edits/code-mod-framework/lib/libnx_min/nx/lib\libnx_min.a(fs.o)
                0x000000000002d240                fsFileClose
 *fill*         0x000000000002d2ac        0x4 
 .text.fsDirClose
                0x000000000002d2b0       0x6c C:/Users/RNG/Desktop/Stuff/Smash-Stuff/SMASH-ULTIMATE-MODS-BABY/50xx-the-mod/acmd-edits/code-mod-framework/lib/libnx_min/nx/lib\libnx_min.a(fs.o)
                0x000000000002d2b0                fsDirClose
 *fill*         0x000000000002d31c        0x4 
 .text.fsDirRead
                0x000000000002d320      0x1ec C:/Users/RNG/Desktop/Stuff/Smash-Stuff/SMASH-ULTIMATE-MODS-BABY/50xx-the-mod/acmd-edits/code-mod-framework/lib/libnx_min/nx/lib\libnx_min.a(fs.o)
                0x000000000002d320                fsDirRead
 *fill*         0x000000000002d50c        0x4 
 .text.fsDirGetEntryCount
                0x000000000002d510      0x198 C:/Users/RNG/Desktop/Stuff/Smash-Stuff/SMASH-ULTIMATE-MODS-BABY/50xx-the-mod/acmd-edits/code-mod-framework/lib/libnx_min/nx/lib\libnx_min.a(fs.o)
                0x000000000002d510                fsDirGetEntryCount
 *fill*         0x000000000002d6a8        0x8 
 .text.fsStorageRead
                0x000000000002d6b0      0x1d0 C:/Users/RNG/Desktop/Stuff/Smash-Stuff/SMASH-ULTIMATE-MODS-BABY/50xx-the-mod/acmd-edits/code-mod-framework/lib/libnx_min/nx/lib\libnx_min.a(fs.o)
                0x000000000002d6b0                fsStorageRead
 .text.fsStorageWrite
                0x000000000002d880      0x1d0 C:/Users/RNG/Desktop/Stuff/Smash-Stuff/SMASH-ULTIMATE-MODS-BABY/50xx-the-mod/acmd-edits/code-mod-framework/lib/libnx_min/nx/lib\libnx_min.a(fs.o)
                0x000000000002d880                fsStorageWrite
 .text.fsStorageFlush
                0x000000000002da50      0x17c C:/Users/RNG/Desktop/Stuff/Smash-Stuff/SMASH-ULTIMATE-MODS-BABY/50xx-the-mod/acmd-edits/code-mod-framework/lib/libnx_min/nx/lib\libnx_min.a(fs.o)
                0x000000000002da50                fsStorageFlush
 *fill*         0x000000000002dbcc        0x4 
 .text.fsStorageSetSize
                0x000000000002dbd0      0x18c C:/Users/RNG/Desktop/Stuff/Smash-Stuff/SMASH-ULTIMATE-MODS-BABY/50xx-the-mod/acmd-edits/code-mod-framework/lib/libnx_min/nx/lib\libnx_min.a(fs.o)
                0x000000000002dbd0                fsStorageSetSize
 *fill*         0x000000000002dd5c        0x4 
 .text.fsStorageGetSize
                0x000000000002dd60      0x194 C:/Users/RNG/Desktop/Stuff/Smash-Stuff/SMASH-ULTIMATE-MODS-BABY/50xx-the-mod/acmd-edits/code-mod-framework/lib/libnx_min/nx/lib\libnx_min.a(fs.o)
                0x000000000002dd60                fsStorageGetSize
 *fill*         0x000000000002def4        0xc 
 .text.fsStorageOperateRange
                0x000000000002df00      0x180 C:/Users/RNG/Desktop/Stuff/Smash-Stuff/SMASH-ULTIMATE-MODS-BABY/50xx-the-mod/acmd-edits/code-mod-framework/lib/libnx_min/nx/lib\libnx_min.a(fs.o)
                0x000000000002df00                fsStorageOperateRange
 .text.fsStorageClose
                0x000000000002e080       0x6c C:/Users/RNG/Desktop/Stuff/Smash-Stuff/SMASH-ULTIMATE-MODS-BABY/50xx-the-mod/acmd-edits/code-mod-framework/lib/libnx_min/nx/lib\libnx_min.a(fs.o)
                0x000000000002e080                fsStorageClose
 *fill*         0x000000000002e0ec        0x4 
 .text.fsSaveDataIteratorRead
                0x000000000002e0f0      0x1d0 C:/Users/RNG/Desktop/Stuff/Smash-Stuff/SMASH-ULTIMATE-MODS-BABY/50xx-the-mod/acmd-edits/code-mod-framework/lib/libnx_min/nx/lib\libnx_min.a(fs.o)
                0x000000000002e0f0                fsSaveDataIteratorRead
 .text.fsSaveDataIteratorClose
                0x000000000002e2c0       0x6c C:/Users/RNG/Desktop/Stuff/Smash-Stuff/SMASH-ULTIMATE-MODS-BABY/50xx-the-mod/acmd-edits/code-mod-framework/lib/libnx_min/nx/lib\libnx_min.a(fs.o)
                0x000000000002e2c0                fsSaveDataIteratorClose
 *fill*         0x000000000002e32c        0x4 
 .text.fsEventNotifierGetEventHandle
                0x000000000002e330      0x188 C:/Users/RNG/Desktop/Stuff/Smash-Stuff/SMASH-ULTIMATE-MODS-BABY/50xx-the-mod/acmd-edits/code-mod-framework/lib/libnx_min/nx/lib\libnx_min.a(fs.o)
                0x000000000002e330                fsEventNotifierGetEventHandle
 *fill*         0x000000000002e4b8        0x8 
 .text.fsEventNotifierClose
                0x000000000002e4c0       0x6c C:/Users/RNG/Desktop/Stuff/Smash-Stuff/SMASH-ULTIMATE-MODS-BABY/50xx-the-mod/acmd-edits/code-mod-framework/lib/libnx_min/nx/lib\libnx_min.a(fs.o)
                0x000000000002e4c0                fsEventNotifierClose
 *fill*         0x000000000002e52c        0x4 
 .text.fsDeviceOperatorIsSdCardInserted
                0x000000000002e530        0xc C:/Users/RNG/Desktop/Stuff/Smash-Stuff/SMASH-ULTIMATE-MODS-BABY/50xx-the-mod/acmd-edits/code-mod-framework/lib/libnx_min/nx/lib\libnx_min.a(fs.o)
                0x000000000002e530                fsDeviceOperatorIsSdCardInserted
 *fill*         0x000000000002e53c        0x4 
 .text.fsDeviceOperatorIsGameCardInserted
                0x000000000002e540        0xc C:/Users/RNG/Desktop/Stuff/Smash-Stuff/SMASH-ULTIMATE-MODS-BABY/50xx-the-mod/acmd-edits/code-mod-framework/lib/libnx_min/nx/lib\libnx_min.a(fs.o)
                0x000000000002e540                fsDeviceOperatorIsGameCardInserted
 *fill*         0x000000000002e54c        0x4 
 .text.fsDeviceOperatorGetGameCardHandle
                0x000000000002e550      0x190 C:/Users/RNG/Desktop/Stuff/Smash-Stuff/SMASH-ULTIMATE-MODS-BABY/50xx-the-mod/acmd-edits/code-mod-framework/lib/libnx_min/nx/lib\libnx_min.a(fs.o)
                0x000000000002e550                fsDeviceOperatorGetGameCardHandle
 .text.fsDeviceOperatorGetGameCardAttribute
                0x000000000002e6e0      0x18c C:/Users/RNG/Desktop/Stuff/Smash-Stuff/SMASH-ULTIMATE-MODS-BABY/50xx-the-mod/acmd-edits/code-mod-framework/lib/libnx_min/nx/lib\libnx_min.a(fs.o)
                0x000000000002e6e0                fsDeviceOperatorGetGameCardAttribute
 *fill*         0x000000000002e86c        0x4 
 .text.fsDeviceOperatorClose
                0x000000000002e870       0x6c C:/Users/RNG/Desktop/Stuff/Smash-Stuff/SMASH-ULTIMATE-MODS-BABY/50xx-the-mod/acmd-edits/code-mod-framework/lib/libnx_min/nx/lib\libnx_min.a(fs.o)
                0x000000000002e870                fsDeviceOperatorClose
 *fill*         0x000000000002e8dc        0x4 
 .text.ipcCloseObjectById
                0x000000000002e8e0       0x34 C:/Users/RNG/Desktop/Stuff/Smash-Stuff/SMASH-ULTIMATE-MODS-BABY/50xx-the-mod/acmd-edits/code-mod-framework/lib/libnx_min/nx/lib\libnx_min.a(set.o)
 *fill*         0x000000000002e914        0xc 
 .text._setMakeLanguageCode
                0x000000000002e920       0xf4 C:/Users/RNG/Desktop/Stuff/Smash-Stuff/SMASH-ULTIMATE-MODS-BABY/50xx-the-mod/acmd-edits/code-mod-framework/lib/libnx_min/nx/lib\libnx_min.a(set.o)
 *fill*         0x000000000002ea14        0xc 
 .text._setsysGetFirmwareVersionImpl
                0x000000000002ea20      0x1d4 C:/Users/RNG/Desktop/Stuff/Smash-Stuff/SMASH-ULTIMATE-MODS-BABY/50xx-the-mod/acmd-edits/code-mod-framework/lib/libnx_min/nx/lib\libnx_min.a(set.o)
 *fill*         0x000000000002ebf4        0xc 
 .text.setInitialize
                0x000000000002ec00       0x44 C:/Users/RNG/Desktop/Stuff/Smash-Stuff/SMASH-ULTIMATE-MODS-BABY/50xx-the-mod/acmd-edits/code-mod-framework/lib/libnx_min/nx/lib\libnx_min.a(set.o)
                0x000000000002ec00                setInitialize
 *fill*         0x000000000002ec44        0xc 
 .text.setExit  0x000000000002ec50       0x9c C:/Users/RNG/Desktop/Stuff/Smash-Stuff/SMASH-ULTIMATE-MODS-BABY/50xx-the-mod/acmd-edits/code-mod-framework/lib/libnx_min/nx/lib\libnx_min.a(set.o)
                0x000000000002ec50                setExit
 *fill*         0x000000000002ecec        0x4 
 .text.setsysInitialize
                0x000000000002ecf0       0x3c C:/Users/RNG/Desktop/Stuff/Smash-Stuff/SMASH-ULTIMATE-MODS-BABY/50xx-the-mod/acmd-edits/code-mod-framework/lib/libnx_min/nx/lib\libnx_min.a(set.o)
                0x000000000002ecf0                setsysInitialize
 *fill*         0x000000000002ed2c        0x4 
 .text.setsysExit
                0x000000000002ed30       0x9c C:/Users/RNG/Desktop/Stuff/Smash-Stuff/SMASH-ULTIMATE-MODS-BABY/50xx-the-mod/acmd-edits/code-mod-framework/lib/libnx_min/nx/lib\libnx_min.a(set.o)
                0x000000000002ed30                setsysExit
 *fill*         0x000000000002edcc        0x4 
 .text.setGetLanguageCode
                0x000000000002edd0       0xec C:/Users/RNG/Desktop/Stuff/Smash-Stuff/SMASH-ULTIMATE-MODS-BABY/50xx-the-mod/acmd-edits/code-mod-framework/lib/libnx_min/nx/lib\libnx_min.a(set.o)
                0x000000000002edd0                setGetLanguageCode
 *fill*         0x000000000002eebc        0x4 
 .text.setGetSystemLanguage
                0x000000000002eec0        0x4 C:/Users/RNG/Desktop/Stuff/Smash-Stuff/SMASH-ULTIMATE-MODS-BABY/50xx-the-mod/acmd-edits/code-mod-framework/lib/libnx_min/nx/lib\libnx_min.a(set.o)
                0x000000000002eec0                setGetSystemLanguage
 *fill*         0x000000000002eec4        0xc 
 .text.setGetAvailableLanguageCodeCount
                0x000000000002eed0      0x10c C:/Users/RNG/Desktop/Stuff/Smash-Stuff/SMASH-ULTIMATE-MODS-BABY/50xx-the-mod/acmd-edits/code-mod-framework/lib/libnx_min/nx/lib\libnx_min.a(set.o)
                0x000000000002eed0                setGetAvailableLanguageCodeCount
 *fill*         0x000000000002efdc        0x4 
 .text.setGetAvailableLanguageCodes
                0x000000000002efe0      0x1b4 C:/Users/RNG/Desktop/Stuff/Smash-Stuff/SMASH-ULTIMATE-MODS-BABY/50xx-the-mod/acmd-edits/code-mod-framework/lib/libnx_min/nx/lib\libnx_min.a(set.o)
                0x000000000002efe0                setGetAvailableLanguageCodes
 *fill*         0x000000000002f194        0xc 
 .text.setInitializeLanguageCodesCache
                0x000000000002f1a0       0x70 C:/Users/RNG/Desktop/Stuff/Smash-Stuff/SMASH-ULTIMATE-MODS-BABY/50xx-the-mod/acmd-edits/code-mod-framework/lib/libnx_min/nx/lib\libnx_min.a(set.o)
 .text.setMakeLanguage
                0x000000000002f210       0x8c C:/Users/RNG/Desktop/Stuff/Smash-Stuff/SMASH-ULTIMATE-MODS-BABY/50xx-the-mod/acmd-edits/code-mod-framework/lib/libnx_min/nx/lib\libnx_min.a(set.o)
                0x000000000002f210                setMakeLanguage
 *fill*         0x000000000002f29c        0x4 
 .text.setMakeLanguageCode
                0x000000000002f2a0       0x80 C:/Users/RNG/Desktop/Stuff/Smash-Stuff/SMASH-ULTIMATE-MODS-BABY/50xx-the-mod/acmd-edits/code-mod-framework/lib/libnx_min/nx/lib\libnx_min.a(set.o)
                0x000000000002f2a0                setMakeLanguageCode
 .text.setGetRegionCode
                0x000000000002f320       0xf0 C:/Users/RNG/Desktop/Stuff/Smash-Stuff/SMASH-ULTIMATE-MODS-BABY/50xx-the-mod/acmd-edits/code-mod-framework/lib/libnx_min/nx/lib\libnx_min.a(set.o)
                0x000000000002f320                setGetRegionCode
 .text.setsysGetColorSetId
                0x000000000002f410       0xe4 C:/Users/RNG/Desktop/Stuff/Smash-Stuff/SMASH-ULTIMATE-MODS-BABY/50xx-the-mod/acmd-edits/code-mod-framework/lib/libnx_min/nx/lib\libnx_min.a(set.o)
                0x000000000002f410                setsysGetColorSetId
 *fill*         0x000000000002f4f4        0xc 
 .text.setsysSetColorSetId
                0x000000000002f500       0xd0 C:/Users/RNG/Desktop/Stuff/Smash-Stuff/SMASH-ULTIMATE-MODS-BABY/50xx-the-mod/acmd-edits/code-mod-framework/lib/libnx_min/nx/lib\libnx_min.a(set.o)
                0x000000000002f500                setsysSetColorSetId
 .text.setsysGetSettingsItemValue
                0x000000000002f5d0      0x19c C:/Users/RNG/Desktop/Stuff/Smash-Stuff/SMASH-ULTIMATE-MODS-BABY/50xx-the-mod/acmd-edits/code-mod-framework/lib/libnx_min/nx/lib\libnx_min.a(set.o)
                0x000000000002f5d0                setsysGetSettingsItemValue
 *fill*         0x000000000002f76c        0x4 
 .text.setsysGetSettingsItemValueSize
                0x000000000002f770      0x198 C:/Users/RNG/Desktop/Stuff/Smash-Stuff/SMASH-ULTIMATE-MODS-BABY/50xx-the-mod/acmd-edits/code-mod-framework/lib/libnx_min/nx/lib\libnx_min.a(set.o)
                0x000000000002f770                setsysGetSettingsItemValueSize
 *fill*         0x000000000002f908        0x8 
 .text.setsysGetSerialNumber
                0x000000000002f910      0x108 C:/Users/RNG/Desktop/Stuff/Smash-Stuff/SMASH-ULTIMATE-MODS-BABY/50xx-the-mod/acmd-edits/code-mod-framework/lib/libnx_min/nx/lib\libnx_min.a(set.o)
                0x000000000002f910                setsysGetSerialNumber
 *fill*         0x000000000002fa18        0x8 
 .text.setsysGetFlag
                0x000000000002fa20       0xec C:/Users/RNG/Desktop/Stuff/Smash-Stuff/SMASH-ULTIMATE-MODS-BABY/50xx-the-mod/acmd-edits/code-mod-framework/lib/libnx_min/nx/lib\libnx_min.a(set.o)
                0x000000000002fa20                setsysGetFlag
 *fill*         0x000000000002fb0c        0x4 
 .text.setsysSetFlag
                0x000000000002fb10       0xd0 C:/Users/RNG/Desktop/Stuff/Smash-Stuff/SMASH-ULTIMATE-MODS-BABY/50xx-the-mod/acmd-edits/code-mod-framework/lib/libnx_min/nx/lib\libnx_min.a(set.o)
                0x000000000002fb10                setsysSetFlag
 .text.setsysGetFirmwareVersion
                0x000000000002fbe0       0x44 C:/Users/RNG/Desktop/Stuff/Smash-Stuff/SMASH-ULTIMATE-MODS-BABY/50xx-the-mod/acmd-edits/code-mod-framework/lib/libnx_min/nx/lib\libnx_min.a(set.o)
                0x000000000002fbe0                setsysGetFirmwareVersion
 *fill*         0x000000000002fc24        0xc 
 .text.setsysBindFatalDirtyFlagEvent
                0x000000000002fc30      0x13c C:/Users/RNG/Desktop/Stuff/Smash-Stuff/SMASH-ULTIMATE-MODS-BABY/50xx-the-mod/acmd-edits/code-mod-framework/lib/libnx_min/nx/lib\libnx_min.a(set.o)
                0x000000000002fc30                setsysBindFatalDirtyFlagEvent
 *fill*         0x000000000002fd6c        0x4 
 .text.setsysGetFatalDirtyFlags
                0x000000000002fd70       0xf8 C:/Users/RNG/Desktop/Stuff/Smash-Stuff/SMASH-ULTIMATE-MODS-BABY/50xx-the-mod/acmd-edits/code-mod-framework/lib/libnx_min/nx/lib\libnx_min.a(set.o)
                0x000000000002fd70                setsysGetFatalDirtyFlags
 *fill*         0x000000000002fe68        0x8 
 .text.setsysGetDeviceNickname
                0x000000000002fe70       0xf8 C:/Users/RNG/Desktop/Stuff/Smash-Stuff/SMASH-ULTIMATE-MODS-BABY/50xx-the-mod/acmd-edits/code-mod-framework/lib/libnx_min/nx/lib\libnx_min.a(set.o)
                0x000000000002fe70                setsysGetDeviceNickname
 *fill*         0x000000000002ff68        0x8 
 .text.setsysSetDeviceNickname
                0x000000000002ff70      0x134 C:/Users/RNG/Desktop/Stuff/Smash-Stuff/SMASH-ULTIMATE-MODS-BABY/50xx-the-mod/acmd-edits/code-mod-framework/lib/libnx_min/nx/lib\libnx_min.a(set.o)
                0x000000000002ff70                setsysSetDeviceNickname
 *fill*         0x00000000000300a4        0xc 
 .text._fatalImpl
                0x00000000000300b0      0x140 C:/Users/RNG/Desktop/Stuff/Smash-Stuff/SMASH-ULTIMATE-MODS-BABY/50xx-the-mod/acmd-edits/code-mod-framework/lib/libnx_min/nx/lib\libnx_min.a(fatal.o)
 .text.fatalWithType
                0x00000000000301f0       0x14 C:/Users/RNG/Desktop/Stuff/Smash-Stuff/SMASH-ULTIMATE-MODS-BABY/50xx-the-mod/acmd-edits/code-mod-framework/lib/libnx_min/nx/lib\libnx_min.a(fatal.o)
                0x00000000000301f0                fatalWithType
 *fill*         0x0000000000030204        0xc 
 .text.fatalSimple
                0x0000000000030210       0x14 C:/Users/RNG/Desktop/Stuff/Smash-Stuff/SMASH-ULTIMATE-MODS-BABY/50xx-the-mod/acmd-edits/code-mod-framework/lib/libnx_min/nx/lib\libnx_min.a(fatal.o)
                0x0000000000030210                fatalSimple
 *fill*         0x0000000000030224        0xc 
 .text.fatalWithContext
                0x0000000000030230       0x14 C:/Users/RNG/Desktop/Stuff/Smash-Stuff/SMASH-ULTIMATE-MODS-BABY/50xx-the-mod/acmd-edits/code-mod-framework/lib/libnx_min/nx/lib\libnx_min.a(fatal.o)
                0x0000000000030230                fatalWithContext
 *fill*         0x0000000000030244        0xc 
 .text.ipcCloseObjectById
                0x0000000000030250       0x34 C:/Users/RNG/Desktop/Stuff/Smash-Stuff/SMASH-ULTIMATE-MODS-BABY/50xx-the-mod/acmd-edits/code-mod-framework/lib/libnx_min/nx/lib\libnx_min.a(sm.o)