Archive member included to satisfy reference by file (symbol)

C:/Users/RNG/Desktop/Stuff/Smash-Stuff/SMASH-ULTIMATE-MODS-BABY/50xx-the-mod/code-edits/code-mod-framework/lib/libnx_min/nx/lib\libnx_min.a(switch_crt0.o)
                              (_start)
C:/Users/RNG/Desktop/Stuff/Smash-Stuff/SMASH-ULTIMATE-MODS-BABY/50xx-the-mod/code-edits/code-mod-framework/lib/libnx_min/nx/lib\libnx_min.a(exception.o)
                              C:/Users/RNG/Desktop/Stuff/Smash-Stuff/SMASH-ULTIMATE-MODS-BABY/50xx-the-mod/code-edits/code-mod-framework/lib/libnx_min/nx/lib\libnx_min.a(switch_crt0.o) (__libnx_exception_entry)
C:/Users/RNG/Desktop/Stuff/Smash-Stuff/SMASH-ULTIMATE-MODS-BABY/50xx-the-mod/code-edits/code-mod-framework/lib/libnx_min/nx/lib\libnx_min.a(argv.o)
                              C:/Users/RNG/Desktop/Stuff/Smash-Stuff/SMASH-ULTIMATE-MODS-BABY/50xx-the-mod/code-edits/code-mod-framework/lib/libnx_min/nx/lib\libnx_min.a(switch_crt0.o) (__system_argv)
C:/Users/RNG/Desktop/Stuff/Smash-Stuff/SMASH-ULTIMATE-MODS-BABY/50xx-the-mod/code-edits/code-mod-framework/lib/libnx_min/nx/lib\libnx_min.a(env.o)
                              C:/Users/RNG/Desktop/Stuff/Smash-Stuff/SMASH-ULTIMATE-MODS-BABY/50xx-the-mod/code-edits/code-mod-framework/lib/libnx_min/nx/lib\libnx_min.a(argv.o) (envIsNso)
C:/Users/RNG/Desktop/Stuff/Smash-Stuff/SMASH-ULTIMATE-MODS-BABY/50xx-the-mod/code-edits/code-mod-framework/lib/libnx_min/nx/lib\libnx_min.a(init.o)
                              C:/Users/RNG/Desktop/Stuff/Smash-Stuff/SMASH-ULTIMATE-MODS-BABY/50xx-the-mod/code-edits/code-mod-framework/lib/libnx_min/nx/lib\libnx_min.a(exception.o) (__nx_exceptiondump)
C:/Users/RNG/Desktop/Stuff/Smash-Stuff/SMASH-ULTIMATE-MODS-BABY/50xx-the-mod/code-edits/code-mod-framework/lib/libnx_min/nx/lib\libnx_min.a(hosversion.o)
                              C:/Users/RNG/Desktop/Stuff/Smash-Stuff/SMASH-ULTIMATE-MODS-BABY/50xx-the-mod/code-edits/code-mod-framework/lib/libnx_min/nx/lib\libnx_min.a(init.o) (hosversionSet)
C:/Users/RNG/Desktop/Stuff/Smash-Stuff/SMASH-ULTIMATE-MODS-BABY/50xx-the-mod/code-edits/code-mod-framework/lib/libnx_min/nx/lib\libnx_min.a(dynamic.o)
                              C:/Users/RNG/Desktop/Stuff/Smash-Stuff/SMASH-ULTIMATE-MODS-BABY/50xx-the-mod/code-edits/code-mod-framework/lib/libnx_min/nx/lib\libnx_min.a(switch_crt0.o) (__nx_dynamic)
C:/Users/RNG/Desktop/Stuff/Smash-Stuff/SMASH-ULTIMATE-MODS-BABY/50xx-the-mod/code-edits/code-mod-framework/lib/libnx_min/nx/lib\libnx_min.a(fs_dev.o)
                              C:/Users/RNG/Desktop/Stuff/Smash-Stuff/SMASH-ULTIMATE-MODS-BABY/50xx-the-mod/code-edits/code-mod-framework/lib/libnx_min/nx/lib\libnx_min.a(init.o) (fsdevMountSdmc)
C:/Users/RNG/Desktop/Stuff/Smash-Stuff/SMASH-ULTIMATE-MODS-BABY/50xx-the-mod/code-edits/code-mod-framework/lib/libnx_min/nx/lib\libnx_min.a(decode_utf8.o)
                              C:/Users/RNG/Desktop/Stuff/Smash-Stuff/SMASH-ULTIMATE-MODS-BABY/50xx-the-mod/code-edits/code-mod-framework/lib/libnx_min/nx/lib\libnx_min.a(fs_dev.o) (decode_utf8)
C:/Users/RNG/Desktop/Stuff/Smash-Stuff/SMASH-ULTIMATE-MODS-BABY/50xx-the-mod/code-edits/code-mod-framework/lib/libnx_min/nx/lib\libnx_min.a(svc.o)
                              C:/Users/RNG/Desktop/Stuff/Smash-Stuff/SMASH-ULTIMATE-MODS-BABY/50xx-the-mod/code-edits/code-mod-framework/lib/libnx_min/nx/lib\libnx_min.a(init.o) (svcSetHeapSize)
C:/Users/RNG/Desktop/Stuff/Smash-Stuff/SMASH-ULTIMATE-MODS-BABY/50xx-the-mod/code-edits/code-mod-framework/lib/libnx_min/nx/lib\libnx_min.a(readtp.o)
                              C:/Users/RNG/Desktop/Stuff/Smash-Stuff/SMASH-ULTIMATE-MODS-BABY/50xx-the-mod/code-edits/code-mod-framework/lib/libnx_min/nx/lib\libnx_min.a(fs_dev.o) (__aarch64_read_tp)
C:/Users/RNG/Desktop/Stuff/Smash-Stuff/SMASH-ULTIMATE-MODS-BABY/50xx-the-mod/code-edits/code-mod-framework/lib/libnx_min/nx/lib\libnx_min.a(virtmem.o)
                              C:/Users/RNG/Desktop/Stuff/Smash-Stuff/SMASH-ULTIMATE-MODS-BABY/50xx-the-mod/code-edits/code-mod-framework/lib/libnx_min/nx/lib\libnx_min.a(init.o) (virtmemSetup)
C:/Users/RNG/Desktop/Stuff/Smash-Stuff/SMASH-ULTIMATE-MODS-BABY/50xx-the-mod/code-edits/code-mod-framework/lib/libnx_min/nx/lib\libnx_min.a(mutex.o)
                              C:/Users/RNG/Desktop/Stuff/Smash-Stuff/SMASH-ULTIMATE-MODS-BABY/50xx-the-mod/code-edits/code-mod-framework/lib/libnx_min/nx/lib\libnx_min.a(virtmem.o) (mutexLock)
C:/Users/RNG/Desktop/Stuff/Smash-Stuff/SMASH-ULTIMATE-MODS-BABY/50xx-the-mod/code-edits/code-mod-framework/lib/libnx_min/nx/lib\libnx_min.a(fs.o)
                              C:/Users/RNG/Desktop/Stuff/Smash-Stuff/SMASH-ULTIMATE-MODS-BABY/50xx-the-mod/code-edits/code-mod-framework/lib/libnx_min/nx/lib\libnx_min.a(init.o) (fsInitialize)
C:/Users/RNG/Desktop/Stuff/Smash-Stuff/SMASH-ULTIMATE-MODS-BABY/50xx-the-mod/code-edits/code-mod-framework/lib/libnx_min/nx/lib\libnx_min.a(set.o)
[...]
Memory Configuration

Name             Origin             Length             Attributes
*default*        0x0000000000000000 0xffffffffffffffff

Linker script and memory map

                0x0000000000000000                PROVIDE (__start__ = 0x0)
                0x0000000000000000                . = __start__

.crt0           0x0000000000000000      0x158
 *(.crt0)
 .crt0          0x0000000000000000      0x158 C:/Users/RNG/Desktop/Stuff/Smash-Stuff/SMASH-ULTIMATE-MODS-BABY/50xx-the-mod/code-edits/code-mod-framework/lib/libnx_min/nx/lib\libnx_min.a(switch_crt0.o)
                0x0000000000000000                _start
                0x0000000000000120                __nx_exit
                0x0000000000000130                __nx_mod0
                0x0000000000000158                . = ALIGN (0x8)

.init           0x0000000000000158       0x38
 *(.init)
 .init          0x0000000000000158       0x18 c:/devkitpro/devkita64/bin/../lib/gcc/aarch64-none-elf/8.3.0/pic/crti.o
                0x0000000000000158                _init
 .init          0x0000000000000170       0x1c c:/devkitpro/devkita64/bin/../lib/gcc/aarch64-none-elf/8.3.0/pic/crtn.o
                0x0000000000000190                . = ALIGN (0x8)
 *fill*         0x000000000000018c        0x4 

.plt            0x0000000000000190       0xa0
 *(.plt)
 .plt           0x0000000000000190       0xa0 c:/devkitpro/devkita64/bin/../lib/gcc/aarch64-none-elf/8.3.0/pic/crti.o
 *(.iplt)
                0x0000000000000230                . = ALIGN (0x8)

.text           0x0000000000000240    0x2c0c0
 *(.text.unlikely .text.*_unlikely .text.unlikely.*)
 *(.text.exit .text.exit.*)
 .text.exit     0x0000000000000240       0x38 c:/devkitpro/devkita64/bin/../lib/gcc/aarch64-none-elf/8.3.0/../../../../aarch64-none-elf/lib/pic\libg.a(lib_a-exit.o)
                0x0000000000000240                exit
 *(.text.startup .text.startup.*)
 *fill*         0x0000000000000278        0x8 
 .text.startup  0x0000000000000280       0xa0 main.o
                0x0000000000000280                main
 *(.text.hot .text.hot.*)
 *(.text .stub .text.* .gnu.linkonce.t.*)
 .text.deregister_tm_clones
                0x0000000000000320       0x2c c:/devkitpro/devkita64/bin/../lib/gcc/aarch64-none-elf/8.3.0/pic/crtbegin.o
 *fill*         0x000000000000034c        0x4 
 .text.register_tm_clones
                0x0000000000000350       0x38 c:/devkitpro/devkita64/bin/../lib/gcc/aarch64-none-elf/8.3.0/pic/crtbegin.o
 .text.__do_global_dtors_aux
                0x0000000000000388       0x48 c:/devkitpro/devkita64/bin/../lib/gcc/aarch64-none-elf/8.3.0/pic/crtbegin.o
 .text.frame_dummy
                0x00000000000003d0       0x34 c:/devkitpro/devkita64/bin/../lib/gcc/aarch64-none-elf/8.3.0/pic/crtbegin.o
 *fill*         0x0000000000000404        0xc 
 .text          0x0000000000000410     0x2eb0 main.o
                0x0000000000000410                __is_valid_just_shield_reflector(unsigned long)
                0x0000000000000420                __entry_cliff(unsigned long)
                0x00000000000004e0                __leave_cliff(unsigned long)
                0x0000000000000580                is_enable_transition_term_replace(unsigned long, int)
                0x00000000000005f0                __can_entry_cliff(unsigned long)
                0x0000000000000770                __init_settings(unsigned long, unsigned long, int, unsigned long, unsigned long, bool, int, int, int, int)
                0x00000000000009a0                __is_grab(unsigned long, int)
                0x0000000000000a20                __change_kinetic(unsigned long, int)
                0x0000000000000e10                get_param_float_replace(unsigned long, unsigned long, unsigned long)
                0x0000000000000f50                __add_motion_2nd(unsigned long, unsigned long, float, float, bool, float)
                0x0000000000001430                replace_scripts(lib::L2CAgent*, unsigned char, int)
                0x0000000000001480                sv_get_status_func(unsigned long, int, unsigned long)
                0x00000000000014d0                sv_replace_status_func(unsigned long, int, unsigned long, void*)
                0x0000000000001510                clear_lua_stack_replace(lib::L2CAgent*)
                0x0000000000001590                script_replacement()
                0x00000000000015a0                get_player_number(unsigned long)
                0x00000000000015e0                jump_checker_buffer(unsigned long, int)
                0x0000000000001650                jabCancels(unsigned long&, int&, unsigned long&, float, float)
                0x00000000000017f0                shield_drop(unsigned long, int, unsigned long)
                0x00000000000018f0                dashPlatformDrop(unsigned long, unsigned long&, float)
                0x00000000000019f0                shieldStopping(unsigned long, int&, int)
                0x0000000000001ab0                tauntCanceling(unsigned long, int)
                0x0000000000001e20                fixDjs(unsigned long, int)
                0x0000000000001f90                removeAirDodgeTumble(unsigned long, int, int)
                0x0000000000002120                perfectPivots(unsigned long, unsigned long&, float)
                0x00000000000021f0                ditcit(unsigned long, int&, unsigned long&, int)
                0x00000000000022f0                jumpCancelGrab(unsigned long&, int&, unsigned long&, float)
                0x0000000000002510                otherCancels(unsigned long&, int&, unsigned long&, float, float)
                0x0000000000002520                glideTossing(unsigned long&, int&, unsigned long&, unsigned long&, float, float)
                0x0000000000002680                dacus(unsigned long&, int&, unsigned long&, float)
                0x00000000000027f0                landingLagCancel(unsigned long&, int&, unsigned long&)
                0x00000000000028e0                jumpCancels(unsigned long, int, unsigned long, unsigned long)
                0x0000000000002d30                get_command_flag_cat_replace(unsigned long, int)
                0x0000000000002f80                landCancels(unsigned long, int&, int, int)
                0x00000000000030c0                UniversalTech()
                0x00000000000031d0                lcancelparams(unsigned long&, unsigned long&, unsigned long&)
                0x00000000000031f0                get_param_replaces()
                0x0000000000003220                __libnx_init
                0x0000000000003270                __libnx_exit
 .text          0x00000000000032c0      0xbb8 acmd_wrapper.o
                0x00000000000032c0                is_before_frame(unsigned long, float)
                0x00000000000032f0                null_acmd_func(lib::L2CAgent*, void*)
                0x0000000000003300                load_module(unsigned long, unsigned long)
                0x0000000000003310                load_module_impl(unsigned long, unsigned long)
                0x0000000000003320                ACMD::ACMD()
                0x0000000000003320                ACMD::ACMD()
                0x0000000000003330                ACMD::ACMD(char const*, char const*, char const*, char const*, void (*)(ACMD*))
                0x0000000000003330                ACMD::ACMD(char const*, char const*, char const*, char const*, void (*)(ACMD*))
                0x0000000000003350                ACMD::match()
                0x00000000000033d0                ACMD::nullify_original(lib::L2CAgent*)
                0x00000000000034a0                ACMD::run(lib::L2CAgent*)
                0x0000000000003590                ACMD::frame(float)
                0x00000000000035b0                ACMD::wait(float)
                0x00000000000035c0                ACMD::is_excute()
                0x0000000000003640                ACMD::_frame(float)
                0x00000000000036d0                ACMD::_frame_reimpl(float)
                0x00000000000037c0                ACMD::_wait(float)
                0x0000000000003850                ACMD::_is_excute()
                0x00000000000038f0                ACMD::wrap(void (*)(unsigned long), std::initializer_list<lib::L2CValue>)
                0x0000000000003990                ACMD::ATTACK(unsigned long, unsigned long, unsigned long, float, unsigned long, unsigned long, unsigned long, unsigned long, float, float, float, float, float, float, unsigned long, unsigned long, unsigned long, unsigned long, float, unsigned long, unsigned long, unsigned long, unsigned long, unsigned long, unsigned long, unsigned long, unsigned long, unsigned long, unsigned long, unsigned long, unsigned long, unsigned long, unsigned long)
                0x0000000000003c10                ACMD::ATTACK(unsigned long, unsigned long, unsigned long, float, unsigned long, unsigned long, unsigned long, unsigned long, float, float, float, float, float, float, float, float, float, unsigned long, unsigned long, unsigned long, unsigned long, float, unsigned long, unsigned long, unsigned long, unsigned long, unsigned long, unsigned long, unsigned long, unsigned long, unsigned long, unsigned long, unsigned long, unsigned long, unsigned long, unsigned long)
 *fill*         0x0000000000003e78        0x8 
 .text          0x0000000000003e80      0x124 saltysd_helper.o
                0x0000000000003e80                SaltySD_function_replace(unsigned long, unsigned long)
                0x0000000000003ef0                SaltySD_function_replace_sym(char*, unsigned long)
                0x0000000000003f20                SaltySD_function_replace_sym_check_prev(char*, unsigned long, unsigned long&)
 *fill*         0x0000000000003fa4        0xc 
 .text          0x0000000000003fb0      0x128 l2c_imports.o
                0x0000000000003fb0                lib::lua_const(char const*)
                0x0000000000003ff0                lib::L2CValue::L2CValue()
                0x0000000000003ff0                lib::L2CValue::L2CValue()
                0x0000000000004000                lib::L2CValue::L2CValue(bool)
                0x0000000000004000                lib::L2CValue::L2CValue(bool)
                0x0000000000004020                lib::L2CValue::L2CValue(int)
                0x0000000000004020                lib::L2CValue::L2CValue(int)
                0x0000000000004040                lib::L2CValue::L2CValue(unsigned long)
                0x0000000000004040                lib::L2CValue::L2CValue(unsigned long)
                0x0000000000004050                lib::L2CValue::L2CValue(float)
                0x0000000000004050                lib::L2CValue::L2CValue(float)
                0x0000000000004060                lib::L2CValue::L2CValue(double)
                0x0000000000004060                lib::L2CValue::L2CValue(double)
                0x0000000000004080                lib::L2CValue::L2CValue(char const*)
                0x0000000000004080                lib::L2CValue::L2CValue(char const*)
                0x0000000000004090                lib::L2CAgent::get_lua_stack(int, lib::L2CValue*)
                0x00000000000040a0                lib::L2CAgent::_clear_lua_stack()
 *fill*         0x00000000000040d8        0x8 
 .text          0x00000000000040e0      0x350 lua_bind_hash.o
                0x00000000000040e0                lua_bind_hash(void const*, unsigned long)
                0x0000000000004400                lua_bind_hash_str(char const*)
 .text          0x0000000000004430      0x500 raygun_printer.o
                0x0000000000004430                show_segment(unsigned long, float, float, float, float, float)
                0x0000000000004500                alphabet_index(char)
                0x0000000000004570                print_char(unsigned long, char, int, float, float)
                0x00000000000046d0                print_string(unsigned long, char const*, ...)
 .text.__libnx_exception_entry
                0x0000000000004930      0x1c0 C:/Users/RNG/Desktop/Stuff/Smash-Stuff/SMASH-ULTIMATE-MODS-BABY/50xx-the-mod/code-edits/code-mod-framework/lib/libnx_min/nx/lib\libnx_min.a(exception.o)
                0x0000000000004930                __libnx_exception_entry
 .text.__libnx_exception_returnentry
                0x0000000000004af0       0x18 C:/Users/RNG/Desktop/Stuff/Smash-Stuff/SMASH-ULTIMATE-MODS-BABY/50xx-the-mod/code-edits/code-mod-framework/lib/libnx_min/nx/lib\libnx_min.a(exception.o)
                0x0000000000004af0                __libnx_exception_returnentry
 *fill*         0x0000000000004b08        0x8 
 .text.argvSetup
                0x0000000000004b10      0x318 C:/Users/RNG/Desktop/Stuff/Smash-Stuff/SMASH-ULTIMATE-MODS-BABY/50xx-the-mod/code-edits/code-mod-framework/lib/libnx_min/nx/lib\libnx_min.a(argv.o)
                0x0000000000004b10                argvSetup
 *fill*         0x0000000000004e28        0x8 
 .text.envSetup
                0x0000000000004e30      0x208 C:/Users/RNG/Desktop/Stuff/Smash-Stuff/SMASH-ULTIMATE-MODS-BABY/50xx-the-mod/code-edits/code-mod-framework/lib/libnx_min/nx/lib\libnx_min.a(env.o)
                0x0000000000004e30                envSetup
 *fill*         0x0000000000005038        0x8 
 .text.envGetMainThreadHandle
                0x0000000000005040       0x20 C:/Users/RNG/Desktop/Stuff/Smash-Stuff/SMASH-ULTIMATE-MODS-BABY/50xx-the-mod/code-edits/code-mod-framework/lib/libnx_min/nx/lib\libnx_min.a(env.o)
                0x0000000000005040                envGetMainThreadHandle
 .text.envIsNso
                0x0000000000005060        0xc C:/Users/RNG/Desktop/Stuff/Smash-Stuff/SMASH-ULTIMATE-MODS-BABY/50xx-the-mod/code-edits/code-mod-framework/lib/libnx_min/nx/lib\libnx_min.a(env.o)
                0x0000000000005060                envIsNso
 *fill*         0x000000000000506c        0x4 
 .text.envHasHeapOverride
                0x0000000000005070       0x14 C:/Users/RNG/Desktop/Stuff/Smash-Stuff/SMASH-ULTIMATE-MODS-BABY/50xx-the-mod/code-edits/code-mod-framework/lib/libnx_min/nx/lib\libnx_min.a(env.o)
                0x0000000000005070                envHasHeapOverride
 *fill*         0x0000000000005084        0xc 
 .text.envGetHeapOverrideAddr
                0x0000000000005090        0xc C:/Users/RNG/Desktop/Stuff/Smash-Stuff/SMASH-ULTIMATE-MODS-BABY/50xx-the-mod/code-edits/code-mod-framework/lib/libnx_min/nx/lib\libnx_min.a(env.o)
                0x0000000000005090                envGetHeapOverrideAddr
 *fill*         0x000000000000509c        0x4 
 .text.envGetHeapOverrideSize
                0x00000000000050a0        0xc C:/Users/RNG/Desktop/Stuff/Smash-Stuff/SMASH-ULTIMATE-MODS-BABY/50xx-the-mod/code-edits/code-mod-framework/lib/libnx_min/nx/lib\libnx_min.a(env.o)
                0x00000000000050a0                envGetHeapOverrideSize
 *fill*         0x00000000000050ac        0x4 
 .text.envHasArgv
                0x00000000000050b0       0x14 C:/Users/RNG/Desktop/Stuff/Smash-Stuff/SMASH-ULTIMATE-MODS-BABY/50xx-the-mod/code-edits/code-mod-framework/lib/libnx_min/nx/lib\libnx_min.a(env.o)
                0x00000000000050b0                envHasArgv
 *fill*         0x00000000000050c4        0xc 
 .text.envGetArgv
                0x00000000000050d0        0xc C:/Users/RNG/Desktop/Stuff/Smash-Stuff/SMASH-ULTIMATE-MODS-BABY/50xx-the-mod/code-edits/code-mod-framework/lib/libnx_min/nx/lib\libnx_min.a(env.o)
                0x00000000000050d0                envGetArgv
 *fill*         0x00000000000050dc        0x4 
 .text.envIsSyscallHinted
                0x00000000000050e0       0x20 C:/Users/RNG/Desktop/Stuff/Smash-Stuff/SMASH-ULTIMATE-MODS-BABY/50xx-the-mod/code-edits/code-mod-framework/lib/libnx_min/nx/lib\libnx_min.a(env.o)
                0x00000000000050e0                envIsSyscallHinted
 .text.envGetOwnProcessHandle
                0x0000000000005100        0xc C:/Users/RNG/Desktop/Stuff/Smash-Stuff/SMASH-ULTIMATE-MODS-BABY/50xx-the-mod/code-edits/code-mod-framework/lib/libnx_min/nx/lib\libnx_min.a(env.o)
                0x0000000000005100                envGetOwnProcessHandle
 *fill*         0x000000000000510c        0x4 
 .text.envGetExitFuncPtr
                0x0000000000005110        0xc C:/Users/RNG/Desktop/Stuff/Smash-Stuff/SMASH-ULTIMATE-MODS-BABY/50xx-the-mod/code-edits/code-mod-framework/lib/libnx_min/nx/lib\libnx_min.a(env.o)
                0x0000000000005110                envGetExitFuncPtr
 *fill*         0x000000000000511c        0x4 
 .text.envSetExitFuncPtr
                0x0000000000005120        0xc C:/Users/RNG/Desktop/Stuff/Smash-Stuff/SMASH-ULTIMATE-MODS-BABY/50xx-the-mod/code-edits/code-mod-framework/lib/libnx_min/nx/lib\libnx_min.a(env.o)
                0x0000000000005120                envSetExitFuncPtr
 *fill*         0x000000000000512c        0x4 
 .text.envSetNextLoad
                0x0000000000005130       0x7c C:/Users/RNG/Desktop/Stuff/Smash-Stuff/SMASH-ULTIMATE-MODS-BABY/50xx-the-mod/code-edits/code-mod-framework/lib/libnx_min/nx/lib\libnx_min.a(env.o)
                0x0000000000005130                envSetNextLoad
 *fill*         0x00000000000051ac        0x4 
 .text.envHasNextLoad
                0x00000000000051b0       0x14 C:/Users/RNG/Desktop/Stuff/Smash-Stuff/SMASH-ULTIMATE-MODS-BABY/50xx-the-mod/code-edits/code-mod-framework/lib/libnx_min/nx/lib\libnx_min.a(env.o)
                0x00000000000051b0                envHasNextLoad
 *fill*         0x00000000000051c4        0xc 
 .text.envGetLastLoadResult
                0x00000000000051d0        0xc C:/Users/RNG/Desktop/Stuff/Smash-Stuff/SMASH-ULTIMATE-MODS-BABY/50xx-the-mod/code-edits/code-mod-framework/lib/libnx_min/nx/lib\libnx_min.a(env.o)
                0x00000000000051d0                envGetLastLoadResult
 *fill*         0x00000000000051dc        0x4 
 .text.envHasRandomSeed
                0x00000000000051e0        0xc C:/Users/RNG/Desktop/Stuff/Smash-Stuff/SMASH-ULTIMATE-MODS-BABY/50xx-the-mod/code-edits/code-mod-framework/lib/libnx_min/nx/lib\libnx_min.a(env.o)
                0x00000000000051e0                envHasRandomSeed
 *fill*         0x00000000000051ec        0x4 
 .text.envGetRandomSeed
                0x00000000000051f0       0x18 C:/Users/RNG/Desktop/Stuff/Smash-Stuff/SMASH-ULTIMATE-MODS-BABY/50xx-the-mod/code-edits/code-mod-framework/lib/libnx_min/nx/lib\libnx_min.a(env.o)
                0x00000000000051f0                envGetRandomSeed
 *fill*         0x0000000000005208        0x8 
 .text.__libnx_initheap
                0x0000000000005210       0xd8 C:/Users/RNG/Desktop/Stuff/Smash-Stuff/SMASH-ULTIMATE-MODS-BABY/50xx-the-mod/code-edits/code-mod-framework/lib/libnx_min/nx/lib\libnx_min.a(init.o)
                0x0000000000005210                __libnx_initheap
 *fill*         0x00000000000052e8        0x8 
 .text.__appInit
                0x00000000000052f0       0xdc C:/Users/RNG/Desktop/Stuff/Smash-Stuff/SMASH-ULTIMATE-MODS-BABY/50xx-the-mod/code-edits/code-mod-framework/lib/libnx_min/nx/lib\libnx_min.a(init.o)
                0x00000000000052f0                __appInit
 *fill*         0x00000000000053cc        0x4 
 .text.__appExit
                0x00000000000053d0       0x44 C:/Users/RNG/Desktop/Stuff/Smash-Stuff/SMASH-ULTIMATE-MODS-BABY/50xx-the-mod/code-edits/code-mod-framework/lib/libnx_min/nx/lib\libnx_min.a(init.o)
                0x00000000000053d0                __appExit
 *fill*         0x0000000000005414        0xc 
 .text.hosversionGet
                0x0000000000005420       0x10 C:/Users/RNG/Desktop/Stuff/Smash-Stuff/SMASH-ULTIMATE-MODS-BABY/50xx-the-mod/code-edits/code-mod-framework/lib/libnx_min/nx/lib\libnx_min.a(hosversion.o)
                0x0000000000005420                hosversionGet
 .text.hosversionSet
                0x0000000000005430       0x10 C:/Users/RNG/Desktop/Stuff/Smash-Stuff/SMASH-ULTIMATE-MODS-BABY/50xx-the-mod/code-edits/code-mod-framework/lib/libnx_min/nx/lib\libnx_min.a(hosversion.o)
                0x0000000000005430                hosversionSet
 .text.__nx_dynamic
                0x0000000000005440       0xa0 C:/Users/RNG/Desktop/Stuff/Smash-Stuff/SMASH-ULTIMATE-MODS-BABY/50xx-the-mod/code-edits/code-mod-framework/lib/libnx_min/nx/lib\libnx_min.a(dynamic.o)
                0x0000000000005440                __nx_dynamic
 .text.fsdev_link
                0x00000000000054e0       0x10 C:/Users/RNG/Desktop/Stuff/Smash-Stuff/SMASH-ULTIMATE-MODS-BABY/50xx-the-mod/code-edits/code-mod-framework/lib/libnx_min/nx/lib\libnx_min.a(fs_dev.o)
 .text.fsdev_dirreset
                0x00000000000054f0       0x10 C:/Users/RNG/Desktop/Stuff/Smash-Stuff/SMASH-ULTIMATE-MODS-BABY/50xx-the-mod/code-edits/code-mod-framework/lib/libnx_min/nx/lib\libnx_min.a(fs_dev.o)
 .text.fsdev_chmod
                0x0000000000005500       0x10 C:/Users/RNG/Desktop/Stuff/Smash-Stuff/SMASH-ULTIMATE-MODS-BABY/50xx-the-mod/code-edits/code-mod-framework/lib/libnx_min/nx/lib\libnx_min.a(fs_dev.o)
 .text.error_cmp
                0x0000000000005510       0x1c C:/Users/RNG/Desktop/Stuff/Smash-Stuff/SMASH-ULTIMATE-MODS-BABY/50xx-the-mod/code-edits/code-mod-framework/lib/libnx_min/nx/lib\libnx_min.a(fs_dev.o)
 *fill*         0x000000000000552c        0x4 
 .text.fsdev_translate_error
                0x0000000000005530       0x5c C:/Users/RNG/Desktop/Stuff/Smash-Stuff/SMASH-ULTIMATE-MODS-BABY/50xx-the-mod/code-edits/code-mod-framework/lib/libnx_min/nx/lib\libnx_min.a(fs_dev.o)
 *fill*         0x000000000000558c        0x4 
 .text.fsdev_fsync
                0x0000000000005590       0x40 C:/Users/RNG/Desktop/Stuff/Smash-Stuff/SMASH-ULTIMATE-MODS-BABY/50xx-the-mod/code-edits/code-mod-framework/lib/libnx_min/nx/lib\libnx_min.a(fs_dev.o)
 .text.fsdev_ftruncate
                0x00000000000055d0       0x60 C:/Users/RNG/Desktop/Stuff/Smash-Stuff/SMASH-ULTIMATE-MODS-BABY/50xx-the-mod/code-edits/code-mod-framework/lib/libnx_min/nx/lib\libnx_min.a(fs_dev.o)
 .text.fsdev_dirclose
                0x0000000000005630       0x20 C:/Users/RNG/Desktop/Stuff/Smash-Stuff/SMASH-ULTIMATE-MODS-BABY/50xx-the-mod/code-edits/code-mod-framework/lib/libnx_min/nx/lib\libnx_min.a(fs_dev.o)
 .text.fsdev_dirnext
                0x0000000000005650      0x16c C:/Users/RNG/Desktop/Stuff/Smash-Stuff/SMASH-ULTIMATE-MODS-BABY/50xx-the-mod/code-edits/code-mod-framework/lib/libnx_min/nx/lib\libnx_min.a(fs_dev.o)
 *fill*         0x00000000000057bc        0x4 
 .text.fsdev_close
                0x00000000000057c0       0x1c C:/Users/RNG/Desktop/Stuff/Smash-Stuff/SMASH-ULTIMATE-MODS-BABY/50xx-the-mod/code-edits/code-mod-framework/lib/libnx_min/nx/lib\libnx_min.a(fs_dev.o)
 *fill*         0x00000000000057dc        0x4 
 .text.fsdev_fstat
                0x00000000000057e0       0xa4 C:/Users/RNG/Desktop/Stuff/Smash-Stuff/SMASH-ULTIMATE-MODS-BABY/50xx-the-mod/code-edits/code-mod-framework/lib/libnx_min/nx/lib\libnx_min.a(fs_dev.o)
 *fill*         0x0000000000005884        0xc 
 .text.fsdev_seek
                0x0000000000005890       0xb0 C:/Users/RNG/Desktop/Stuff/Smash-Stuff/SMASH-ULTIMATE-MODS-BABY/50xx-the-mod/code-edits/code-mod-framework/lib/libnx_min/nx/lib\libnx_min.a(fs_dev.o)
 .text.fsdev_read
                0x0000000000005940      0x1a0 C:/Users/RNG/Desktop/Stuff/Smash-Stuff/SMASH-ULTIMATE-MODS-BABY/50xx-the-mod/code-edits/code-mod-framework/lib/libnx_min/nx/lib\libnx_min.a(fs_dev.o)
 .text.fsdev_write
                0x0000000000005ae0      0x1a8 C:/Users/RNG/Desktop/Stuff/Smash-Stuff/SMASH-ULTIMATE-MODS-BABY/50xx-the-mod/code-edits/code-mod-framework/lib/libnx_min/nx/lib\libnx_min.a(fs_dev.o)
 *fill*         0x0000000000005c88        0x8 
 .text.fsdevFindDevice
                0x0000000000005c90      0x120 C:/Users/RNG/Desktop/Stuff/Smash-Stuff/SMASH-ULTIMATE-MODS-BABY/50xx-the-mod/code-edits/code-mod-framework/lib/libnx_min/nx/lib\libnx_min.a(fs_dev.o)
 .text._fsdevMountDevice
                0x0000000000005db0      0x140 C:/Users/RNG/Desktop/Stuff/Smash-Stuff/SMASH-ULTIMATE-MODS-BABY/50xx-the-mod/code-edits/code-mod-framework/lib/libnx_min/nx/lib\libnx_min.a(fs_dev.o)
 .text.fsdev_getfspath
                0x0000000000005ef0      0x1fc C:/Users/RNG/Desktop/Stuff/Smash-Stuff/SMASH-ULTIMATE-MODS-BABY/50xx-the-mod/code-edits/code-mod-framework/lib/libnx_min/nx/lib\libnx_min.a(fs_dev.o)
 *fill*         0x00000000000060ec        0x4 
 .text.fsdev_rmdir
                0x00000000000060f0       0x70 C:/Users/RNG/Desktop/Stuff/Smash-Stuff/SMASH-ULTIMATE-MODS-BABY/50xx-the-mod/code-edits/code-mod-framework/lib/libnx_min/nx/lib\libnx_min.a(fs_dev.o)
 .text.fsdev_statvfs
                0x0000000000006160       0xd4 C:/Users/RNG/Desktop/Stuff/Smash-Stuff/SMASH-ULTIMATE-MODS-BABY/50xx-the-mod/code-edits/code-mod-framework/lib/libnx_min/nx/lib\libnx_min.a(fs_dev.o)
 *fill*         0x0000000000006234        0xc 
 .text.fsdev_diropen
                0x0000000000006240       0xec C:/Users/RNG/Desktop/Stuff/Smash-Stuff/SMASH-ULTIMATE-MODS-BABY/50xx-the-mod/code-edits/code-mod-framework/lib/libnx_min/nx/lib\libnx_min.a(fs_dev.o)
 *fill*         0x000000000000632c        0x4 
 .text.fsdev_mkdir
                0x0000000000006330       0x70 C:/Users/RNG/Desktop/Stuff/Smash-Stuff/SMASH-ULTIMATE-MODS-BABY/50xx-the-mod/code-edits/code-mod-framework/lib/libnx_min/nx/lib\libnx_min.a(fs_dev.o)
 .text.fsdev_rename
                0x00000000000063a0      0x114 C:/Users/RNG/Desktop/Stuff/Smash-Stuff/SMASH-ULTIMATE-MODS-BABY/50xx-the-mod/code-edits/code-mod-framework/lib/libnx_min/nx/lib\libnx_min.a(fs_dev.o)
 *fill*         0x00000000000064b4        0xc 
 .text.fsdev_chdir
                0x00000000000064c0       0xe8 C:/Users/RNG/Desktop/Stuff/Smash-Stuff/SMASH-ULTIMATE-MODS-BABY/50xx-the-mod/code-edits/code-mod-framework/lib/libnx_min/nx/lib\libnx_min.a(fs_dev.o)
 *fill*         0x00000000000065a8        0x8 
 .text.fsdev_unlink
                0x00000000000065b0       0x70 C:/Users/RNG/Desktop/Stuff/Smash-Stuff/SMASH-ULTIMATE-MODS-BABY/50xx-the-mod/code-edits/code-mod-framework/lib/libnx_min/nx/lib\libnx_min.a(fs_dev.o)
 .text.fsdev_stat
                0x0000000000006620      0x1bc C:/Users/RNG/Desktop/Stuff/Smash-Stuff/SMASH-ULTIMATE-MODS-BABY/50xx-the-mod/code-edits/code-mod-framework/lib/libnx_min/nx/lib\libnx_min.a(fs_dev.o)
 *fill*         0x00000000000067dc        0x4 
 .text.fsdev_open
                0x00000000000067e0      0x19c C:/Users/RNG/Desktop/Stuff/Smash-Stuff/SMASH-ULTIMATE-MODS-BABY/50xx-the-mod/code-edits/code-mod-framework/lib/libnx_min/nx/lib\libnx_min.a(fs_dev.o)
 *fill*         0x000000000000697c        0x4 
 .text._fsdevUnmountDeviceStruct.part.4
                0x0000000000006980       0xb8 C:/Users/RNG/Desktop/Stuff/Smash-Stuff/SMASH-ULTIMATE-MODS-BABY/50xx-the-mod/code-edits/code-mod-framework/lib/libnx_min/nx/lib\libnx_min.a(fs_dev.o)
 *fill*         0x0000000000006a38        0x8 
 .text.fsdev_fchmod
                0x0000000000006a40       0x10 C:/Users/RNG/Desktop/Stuff/Smash-Stuff/SMASH-ULTIMATE-MODS-BABY/50xx-the-mod/code-edits/code-mod-framework/lib/libnx_min/nx/lib\libnx_min.a(fs_dev.o)
 .text.fsdevMountDevice
                0x0000000000006a50       0x14 C:/Users/RNG/Desktop/Stuff/Smash-Stuff/SMASH-ULTIMATE-MODS-BABY/50xx-the-mod/code-edits/code-mod-framework/lib/libnx_min/nx/lib\libnx_min.a(fs_dev.o)
                0x0000000000006a50                fsdevMountDevice
 *fill*         0x0000000000006a64        0xc 
 .text.fsdevUnmountDevice
                0x0000000000006a70       0x3c C:/Users/RNG/Desktop/Stuff/Smash-Stuff/SMASH-ULTIMATE-MODS-BABY/50xx-the-mod/code-edits/code-mod-framework/lib/libnx_min/nx/lib\libnx_min.a(fs_dev.o)
                0x0000000000006a70                fsdevUnmountDevice
 *fill*         0x0000000000006aac        0x4 
 .text.fsdevCommitDevice
                0x0000000000006ab0       0x28 C:/Users/RNG/Desktop/Stuff/Smash-Stuff/SMASH-ULTIMATE-MODS-BABY/50xx-the-mod/code-edits/code-mod-framework/lib/libnx_min/nx/lib\libnx_min.a(fs_dev.o)
                0x0000000000006ab0                fsdevCommitDevice
 *fill*         0x0000000000006ad8        0x8 
 .text.fsdevSetArchiveBit
                0x0000000000006ae0       0x68 C:/Users/RNG/Desktop/Stuff/Smash-Stuff/SMASH-ULTIMATE-MODS-BABY/50xx-the-mod/code-edits/code-mod-framework/lib/libnx_min/nx/lib\libnx_min.a(fs_dev.o)
                0x0000000000006ae0                fsdevSetArchiveBit
 *fill*         0x0000000000006b48        0x8 
 .text.fsdevCreateFile
                0x0000000000006b50       0x88 C:/Users/RNG/Desktop/Stuff/Smash-Stuff/SMASH-ULTIMATE-MODS-BABY/50xx-the-mod/code-edits/code-mod-framework/lib/libnx_min/nx/lib\libnx_min.a(fs_dev.o)
                0x0000000000006b50                fsdevCreateFile
 *fill*         0x0000000000006bd8        0x8 
 .text.fsdevDeleteDirectoryRecursively
                0x0000000000006be0       0x68 C:/Users/RNG/Desktop/Stuff/Smash-Stuff/SMASH-ULTIMATE-MODS-BABY/50xx-the-mod/code-edits/code-mod-framework/lib/libnx_min/nx/lib\libnx_min.a(fs_dev.o)
                0x0000000000006be0                fsdevDeleteDirectoryRecursively
 *fill*         0x0000000000006c48        0x8 
 .text.fsdevMountSdmc
                0x0000000000006c50      0x170 C:/Users/RNG/Desktop/Stuff/Smash-Stuff/SMASH-ULTIMATE-MODS-BABY/50xx-the-mod/code-edits/code-mod-framework/lib/libnx_min/nx/lib\libnx_min.a(fs_dev.o)
                0x0000000000006c50                fsdevMountSdmc
 .text.fsdevUnmountAll
                0x0000000000006dc0       0x64 C:/Users/RNG/Desktop/Stuff/Smash-Stuff/SMASH-ULTIMATE-MODS-BABY/50xx-the-mod/code-edits/code-mod-framework/lib/libnx_min/nx/lib\libnx_min.a(fs_dev.o)
                0x0000000000006dc0                fsdevUnmountAll
 *fill*         0x0000000000006e24        0xc 
 .text.fsdevGetDeviceFileSystem
                0x0000000000006e30       0x20 C:/Users/RNG/Desktop/Stuff/Smash-Stuff/SMASH-ULTIMATE-MODS-BABY/50xx-the-mod/code-edits/code-mod-framework/lib/libnx_min/nx/lib\libnx_min.a(fs_dev.o)
                0x0000000000006e30                fsdevGetDeviceFileSystem
 .text.fsdevGetDefaultFileSystem
                0x0000000000006e50       0x40 C:/Users/RNG/Desktop/Stuff/Smash-Stuff/SMASH-ULTIMATE-MODS-BABY/50xx-the-mod/code-edits/code-mod-framework/lib/libnx_min/nx/lib\libnx_min.a(fs_dev.o)
                0x0000000000006e50                fsdevGetDefaultFileSystem
 .text.fsdevTranslatePath
                0x0000000000006e90       0x58 C:/Users/RNG/Desktop/Stuff/Smash-Stuff/SMASH-ULTIMATE-MODS-BABY/50xx-the-mod/code-edits/code-mod-framework/lib/libnx_min/nx/lib\libnx_min.a(fs_dev.o)
                0x0000000000006e90                fsdevTranslatePath
 *fill*         0x0000000000006ee8        0x8 
 .text.fsdev_getmtime
                0x0000000000006ef0       0x20 C:/Users/RNG/Desktop/Stuff/Smash-Stuff/SMASH-ULTIMATE-MODS-BABY/50xx-the-mod/code-edits/code-mod-framework/lib/libnx_min/nx/lib\libnx_min.a(fs_dev.o)
                0x0000000000006ef0                fsdev_getmtime
 .text.fsdevGetLastResult
                0x0000000000006f10       0x20 C:/Users/RNG/Desktop/Stuff/Smash-Stuff/SMASH-ULTIMATE-MODS-BABY/50xx-the-mod/code-edits/code-mod-framework/lib/libnx_min/nx/lib\libnx_min.a(fs_dev.o)
                0x0000000000006f10                fsdevGetLastResult
 .text.decode_utf8
                0x0000000000006f30      0x12c C:/Users/RNG/Desktop/Stuff/Smash-Stuff/SMASH-ULTIMATE-MODS-BABY/50xx-the-mod/code-edits/code-mod-framework/lib/libnx_min/nx/lib\libnx_min.a(decode_utf8.o)
                0x0000000000006f30                decode_utf8
 .text.svcSetHeapSize
                0x000000000000705c       0x14 C:/Users/RNG/Desktop/Stuff/Smash-Stuff/SMASH-ULTIMATE-MODS-BABY/50xx-the-mod/code-edits/code-mod-framework/lib/libnx_min/nx/lib\libnx_min.a(svc.o)
                0x000000000000705c                svcSetHeapSize
 .text.svcSetMemoryPermission
                0x0000000000007070        0x8 C:/Users/RNG/Desktop/Stuff/Smash-Stuff/SMASH-ULTIMATE-MODS-BABY/50xx-the-mod/code-edits/code-mod-framework/lib/libnx_min/nx/lib\libnx_min.a(svc.o)
                0x0000000000007070                svcSetMemoryPermission
 .text.svcSetMemoryAttribute
                0x0000000000007078        0x8 C:/Users/RNG/Desktop/Stuff/Smash-Stuff/SMASH-ULTIMATE-MODS-BABY/50xx-the-mod/code-edits/code-mod-framework/lib/libnx_min/nx/lib\libnx_min.a(svc.o)
                0x0000000000007078                svcSetMemoryAttribute
 .text.svcMapMemory
                0x0000000000007080        0x8 C:/Users/RNG/Desktop/Stuff/Smash-Stuff/SMASH-ULTIMATE-MODS-BABY/50xx-the-mod/code-edits/code-mod-framework/lib/libnx_min/nx/lib\libnx_min.a(svc.o)
                0x0000000000007080                svcMapMemory
 .text.svcUnmapMemory
                0x0000000000007088        0x8 C:/Users/RNG/Desktop/Stuff/Smash-Stuff/SMASH-ULTIMATE-MODS-BABY/50xx-the-mod/code-edits/code-mod-framework/lib/libnx_min/nx/lib\libnx_min.a(svc.o)
                0x0000000000007088                svcUnmapMemory
 .text.svcQueryMemory
                0x0000000000007090       0x14 C:/Users/RNG/Desktop/Stuff/Smash-Stuff/SMASH-ULTIMATE-MODS-BABY/50xx-the-mod/code-edits/code-mod-framework/lib/libnx_min/nx/lib\libnx_min.a(svc.o)
                0x0000000000007090                svcQueryMemory
 .text.svcExitProcess
                0x00000000000070a4        0x8 C:/Users/RNG/Desktop/Stuff/Smash-Stuff/SMASH-ULTIMATE-MODS-BABY/50xx-the-mod/code-edits/code-mod-framework/lib/libnx_min/nx/lib\libnx_min.a(svc.o)
                0x00000000000070a4                svcExitProcess
 .text.svcCreateThread
                0x00000000000070ac       0x14 C:/Users/RNG/Desktop/Stuff/Smash-Stuff/SMASH-ULTIMATE-MODS-BABY/50xx-the-mod/code-edits/code-mod-framework/lib/libnx_min/nx/lib\libnx_min.a(svc.o)
                0x00000000000070ac                svcCreateThread
 .text.svcStartThread
                0x00000000000070c0        0x8 C:/Users/RNG/Desktop/Stuff/Smash-Stuff/SMASH-ULTIMATE-MODS-BABY/50xx-the-mod/code-edits/code-mod-framework/lib/libnx_min/nx/lib\libnx_min.a(svc.o)
                0x00000000000070c0                svcStartThread
 .text.svcExitThread
                0x00000000000070c8        0x8 C:/Users/RNG/Desktop/Stuff/Smash-Stuff/SMASH-ULTIMATE-MODS-BABY/50xx-the-mod/code-edits/code-mod-framework/lib/libnx_min/nx/lib\libnx_min.a(svc.o)
                0x00000000000070c8                svcExitThread
 .text.svcSleepThread
                0x00000000000070d0        0x8 C:/Users/RNG/Desktop/Stuff/Smash-Stuff/SMASH-ULTIMATE-MODS-BABY/50xx-the-mod/code-edits/code-mod-framework/lib/libnx_min/nx/lib\libnx_min.a(svc.o)
                0x00000000000070d0                svcSleepThread
 .text.svcGetThreadPriority
                0x00000000000070d8       0x14 C:/Users/RNG/Desktop/Stuff/Smash-Stuff/SMASH-ULTIMATE-MODS-BABY/50xx-the-mod/code-edits/code-mod-framework/lib/libnx_min/nx/lib\libnx_min.a(svc.o)
                0x00000000000070d8                svcGetThreadPriority
 .text.svcSetThreadPriority
                0x00000000000070ec        0x8 C:/Users/RNG/Desktop/Stuff/Smash-Stuff/SMASH-ULTIMATE-MODS-BABY/50xx-the-mod/code-edits/code-mod-framework/lib/libnx_min/nx/lib\libnx_min.a(svc.o)
                0x00000000000070ec                svcSetThreadPriority
 .text.svcGetThreadCoreMask
                0x00000000000070f4       0x18 C:/Users/RNG/Desktop/Stuff/Smash-Stuff/SMASH-ULTIMATE-MODS-BABY/50xx-the-mod/code-edits/code-mod-framework/lib/libnx_min/nx/lib\libnx_min.a(svc.o)
                0x00000000000070f4                svcGetThreadCoreMask
 .text.svcSetThreadCoreMask
                0x000000000000710c        0x8 C:/Users/RNG/Desktop/Stuff/Smash-Stuff/SMASH-ULTIMATE-MODS-BABY/50xx-the-mod/code-edits/code-mod-framework/lib/libnx_min/nx/lib\libnx_min.a(svc.o)
                0x000000000000710c                svcSetThreadCoreMask
 .text.svcGetCurrentProcessorNumber
                0x0000000000007114        0x8 C:/Users/RNG/Desktop/Stuff/Smash-Stuff/SMASH-ULTIMATE-MODS-BABY/50xx-the-mod/code-edits/code-mod-framework/lib/libnx_min/nx/lib\libnx_min.a(svc.o)
                0x0000000000007114                svcGetCurrentProcessorNumber
 .text.svcSignalEvent
                0x000000000000711c        0x8 C:/Users/RNG/Desktop/Stuff/Smash-Stuff/SMASH-ULTIMATE-MODS-BABY/50xx-the-mod/code-edits/code-mod-framework/lib/libnx_min/nx/lib\libnx_min.a(svc.o)
                0x000000000000711c                svcSignalEvent
 .text.svcClearEvent
                0x0000000000007124        0x8 C:/Users/RNG/Desktop/Stuff/Smash-Stuff/SMASH-ULTIMATE-MODS-BABY/50xx-the-mod/code-edits/code-mod-framework/lib/libnx_min/nx/lib\libnx_min.a(svc.o)
                0x0000000000007124                svcClearEvent
 .text.svcMapSharedMemory
                0x000000000000712c        0x8 C:/Users/RNG/Desktop/Stuff/Smash-Stuff/SMASH-ULTIMATE-MODS-BABY/50xx-the-mod/code-edits/code-mod-framework/lib/libnx_min/nx/lib\libnx_min.a(svc.o)
                0x000000000000712c                svcMapSharedMemory
 .text.svcUnmapSharedMemory
                0x0000000000007134        0x8 C:/Users/RNG/Desktop/Stuff/Smash-Stuff/SMASH-ULTIMATE-MODS-BABY/50xx-the-mod/code-edits/code-mod-framework/lib/libnx_min/nx/lib\libnx_min.a(svc.o)
                0x0000000000007134                svcUnmapSharedMemory
 .text.svcCreateTransferMemory
                0x000000000000713c       0x14 C:/Users/RNG/Desktop/Stuff/Smash-Stuff/SMASH-ULTIMATE-MODS-BABY/50xx-the-mod/code-edits/code-mod-framework/lib/libnx_min/nx/lib\libnx_min.a(svc.o)
                0x000000000000713c                svcCreateTransferMemory
 .text.svcCloseHandle
                0x0000000000007150        0x8 C:/Users/RNG/Desktop/Stuff/Smash-Stuff/SMASH-ULTIMATE-MODS-BABY/50xx-the-mod/code-edits/code-mod-framework/lib/libnx_min/nx/lib\libnx_min.a(svc.o)
                0x0000000000007150                svcCloseHandle
 .text.svcResetSignal
                0x0000000000007158        0x8 C:/Users/RNG/Desktop/Stuff/Smash-Stuff/SMASH-ULTIMATE-MODS-BABY/50xx-the-mod/code-edits/code-mod-framework/lib/libnx_min/nx/lib\libnx_min.a(svc.o)
                0x0000000000007158                svcResetSignal
 .text.svcWaitSynchronization
                0x0000000000007160       0x14 C:/Users/RNG/Desktop/Stuff/Smash-Stuff/SMASH-ULTIMATE-MODS-BABY/50xx-the-mod/code-edits/code-mod-framework/lib/libnx_min/nx/lib\libnx_min.a(svc.o)
                0x0000000000007160                svcWaitSynchronization
 .text.svcCancelSynchronization
                0x0000000000007174        0x8 C:/Users/RNG/Desktop/Stuff/Smash-Stuff/SMASH-ULTIMATE-MODS-BABY/50xx-the-mod/code-edits/code-mod-framework/lib/libnx_min/nx/lib\libnx_min.a(svc.o)
                0x0000000000007174                svcCancelSynchronization
 .text.svcArbitrateLock
                0x000000000000717c        0x8 C:/Users/RNG/Desktop/Stuff/Smash-Stuff/SMASH-ULTIMATE-MODS-BABY/50xx-the-mod/code-edits/code-mod-framework/lib/libnx_min/nx/lib\libnx_min.a(svc.o)
                0x000000000000717c                svcArbitrateLock
 .text.svcArbitrateUnlock
                0x0000000000007184        0x8 C:/Users/RNG/Desktop/Stuff/Smash-Stuff/SMASH-ULTIMATE-MODS-BABY/50xx-the-mod/code-edits/code-mod-framework/lib/libnx_min/nx/lib\libnx_min.a(svc.o)
                0x0000000000007184                svcArbitrateUnlock
 .text.svcWaitProcessWideKeyAtomic
                0x000000000000718c        0x8 C:/Users/RNG/Desktop/Stuff/Smash-Stuff/SMASH-ULTIMATE-MODS-BABY/50xx-the-mod/code-edits/code-mod-framework/lib/libnx_min/nx/lib\libnx_min.a(svc.o)
                0x000000000000718c                svcWaitProcessWideKeyAtomic
 .text.svcSignalProcessWideKey
                0x0000000000007194        0x8 C:/Users/RNG/Desktop/Stuff/Smash-Stuff/SMASH-ULTIMATE-MODS-BABY/50xx-the-mod/code-edits/code-mod-framework/lib/libnx_min/nx/lib\libnx_min.a(svc.o)
                0x0000000000007194                svcSignalProcessWideKey
 .text.svcGetSystemTick
                0x000000000000719c        0x8 C:/Users/RNG/Desktop/Stuff/Smash-Stuff/SMASH-ULTIMATE-MODS-BABY/50xx-the-mod/code-edits/code-mod-framework/lib/libnx_min/nx/lib\libnx_min.a(svc.o)
                0x000000000000719c                svcGetSystemTick
 .text.svcConnectToNamedPort
                0x00000000000071a4       0x14 C:/Users/RNG/Desktop/Stuff/Smash-Stuff/SMASH-ULTIMATE-MODS-BABY/50xx-the-mod/code-edits/code-mod-framework/lib/libnx_min/nx/lib\libnx_min.a(svc.o)
                0x00000000000071a4                svcConnectToNamedPort
 .text.svcSendSyncRequest
                0x00000000000071b8        0x8 C:/Users/RNG/Desktop/Stuff/Smash-Stuff/SMASH-ULTIMATE-MODS-BABY/50xx-the-mod/code-edits/code-mod-framework/lib/libnx_min/nx/lib\libnx_min.a(svc.o)
                0x00000000000071b8                svcSendSyncRequest
 .text.svcSendSyncRequestWithUserBuffer
                0x00000000000071c0        0x8 C:/Users/RNG/Desktop/Stuff/Smash-Stuff/SMASH-ULTIMATE-MODS-BABY/50xx-the-mod/code-edits/code-mod-framework/lib/libnx_min/nx/lib\libnx_min.a(svc.o)
                0x00000000000071c0                svcSendSyncRequestWithUserBuffer
 .text.svcSendAsyncRequestWithUserBuffer
                0x00000000000071c8       0x14 C:/Users/RNG/Desktop/Stuff/Smash-Stuff/SMASH-ULTIMATE-MODS-BABY/50xx-the-mod/code-edits/code-mod-framework/lib/libnx_min/nx/lib\libnx_min.a(svc.o)
                0x00000000000071c8                svcSendAsyncRequestWithUserBuffer
 .text.svcGetProcessId
                0x00000000000071dc       0x14 C:/Users/RNG/Desktop/Stuff/Smash-Stuff/SMASH-ULTIMATE-MODS-BABY/50xx-the-mod/code-edits/code-mod-framework/lib/libnx_min/nx/lib\libnx_min.a(svc.o)
                0x00000000000071dc                svcGetProcessId
 .text.svcGetThreadId
                0x00000000000071f0       0x14 C:/Users/RNG/Desktop/Stuff/Smash-Stuff/SMASH-ULTIMATE-MODS-BABY/50xx-the-mod/code-edits/code-mod-framework/lib/libnx_min/nx/lib\libnx_min.a(svc.o)
                0x00000000000071f0                svcGetThreadId
 .text.svcBreak
                0x0000000000007204        0x8 C:/Users/RNG/Desktop/Stuff/Smash-Stuff/SMASH-ULTIMATE-MODS-BABY/50xx-the-mod/code-edits/code-mod-framework/lib/libnx_min/nx/lib\libnx_min.a(svc.o)
                0x0000000000007204                svcBreak
 .text.svcOutputDebugString
                0x000000000000720c        0x8 C:/Users/RNG/Desktop/Stuff/Smash-Stuff/SMASH-ULTIMATE-MODS-BABY/50xx-the-mod/code-edits/code-mod-framework/lib/libnx_min/nx/lib\libnx_min.a(svc.o)
                0x000000000000720c                svcOutputDebugString
 .text.svcReturnFromException
                0x0000000000007214        0x8 C:/Users/RNG/Desktop/Stuff/Smash-Stuff/SMASH-ULTIMATE-MODS-BABY/50xx-the-mod/code-edits/code-mod-framework/lib/libnx_min/nx/lib\libnx_min.a(svc.o)
                0x0000000000007214                svcReturnFromException
 .text.svcGetInfo
                0x000000000000721c       0x14 C:/Users/RNG/Desktop/Stuff/Smash-Stuff/SMASH-ULTIMATE-MODS-BABY/50xx-the-mod/code-edits/code-mod-framework/lib/libnx_min/nx/lib\libnx_min.a(svc.o)
                0x000000000000721c                svcGetInfo
 .text.svcMapPhysicalMemory
                0x0000000000007230        0x8 C:/Users/RNG/Desktop/Stuff/Smash-Stuff/SMASH-ULTIMATE-MODS-BABY/50xx-the-mod/code-edits/code-mod-framework/lib/libnx_min/nx/lib\libnx_min.a(svc.o)
                0x0000000000007230                svcMapPhysicalMemory
 .text.svcUnmapPhysicalMemory
                0x0000000000007238        0x8 C:/Users/RNG/Desktop/Stuff/Smash-Stuff/SMASH-ULTIMATE-MODS-BABY/50xx-the-mod/code-edits/code-mod-framework/lib/libnx_min/nx/lib\libnx_min.a(svc.o)
                0x0000000000007238                svcUnmapPhysicalMemory
 .text.svcGetResourceLimitLimitValue
                0x0000000000007240       0x14 C:/Users/RNG/Desktop/Stuff/Smash-Stuff/SMASH-ULTIMATE-MODS-BABY/50xx-the-mod/code-edits/code-mod-framework/lib/libnx_min/nx/lib\libnx_min.a(svc.o)
                0x0000000000007240                svcGetResourceLimitLimitValue
 .text.svcGetResourceLimitCurrentValue
                0x0000000000007254       0x14 C:/Users/RNG/Desktop/Stuff/Smash-Stuff/SMASH-ULTIMATE-MODS-BABY/50xx-the-mod/code-edits/code-mod-framework/lib/libnx_min/nx/lib\libnx_min.a(svc.o)
                0x0000000000007254                svcGetResourceLimitCurrentValue
 .text.svcSetThreadActivity
                0x0000000000007268        0x8 C:/Users/RNG/Desktop/Stuff/Smash-Stuff/SMASH-ULTIMATE-MODS-BABY/50xx-the-mod/code-edits/code-mod-framework/lib/libnx_min/nx/lib\libnx_min.a(svc.o)
                0x0000000000007268                svcSetThreadActivity
 .text.svcGetThreadContext3
                0x0000000000007270        0x8 C:/Users/RNG/Desktop/Stuff/Smash-Stuff/SMASH-ULTIMATE-MODS-BABY/50xx-the-mod/code-edits/code-mod-framework/lib/libnx_min/nx/lib\libnx_min.a(svc.o)
                0x0000000000007270                svcGetThreadContext3
 .text.svcCreateSession
                0x0000000000007278       0x18 C:/Users/RNG/Desktop/Stuff/Smash-Stuff/SMASH-ULTIMATE-MODS-BABY/50xx-the-mod/code-edits/code-mod-framework/lib/libnx_min/nx/lib\libnx_min.a(svc.o)
                0x0000000000007278                svcCreateSession
 .text.svcAcceptSession
                0x0000000000007290       0x14 C:/Users/RNG/Desktop/Stuff/Smash-Stuff/SMASH-ULTIMATE-MODS-BABY/50xx-the-mod/code-edits/code-mod-framework/lib/libnx_min/nx/lib\libnx_min.a(svc.o)
                0x0000000000007290                svcAcceptSession
 .text.svcReplyAndReceive
                0x00000000000072a4       0x14 C:/Users/RNG/Desktop/Stuff/Smash-Stuff/SMASH-ULTIMATE-MODS-BABY/50xx-the-mod/code-edits/code-mod-framework/lib/libnx_min/nx/lib\libnx_min.a(svc.o)
                0x00000000000072a4                svcReplyAndReceive
 .text.svcReplyAndReceiveWithUserBuffer
                0x00000000000072b8       0x14 C:/Users/RNG/Desktop/Stuff/Smash-Stuff/SMASH-ULTIMATE-MODS-BABY/50xx-the-mod/code-edits/code-mod-framework/lib/libnx_min/nx/lib\libnx_min.a(svc.o)
                0x00000000000072b8                svcReplyAndReceiveWithUserBuffer
 .text.svcCreateEvent
                0x00000000000072cc       0x18 C:/Users/RNG/Desktop/Stuff/Smash-Stuff/SMASH-ULTIMATE-MODS-BABY/50xx-the-mod/code-edits/code-mod-framework/lib/libnx_min/nx/lib\libnx_min.a(svc.o)
                0x00000000000072cc                svcCreateEvent
 .text.svcMapPhysicalMemoryUnsafe
                0x00000000000072e4        0x8 C:/Users/RNG/Desktop/Stuff/Smash-Stuff/SMASH-ULTIMATE-MODS-BABY/50xx-the-mod/code-edits/code-mod-framework/lib/libnx_min/nx/lib\libnx_min.a(svc.o)
                0x00000000000072e4                svcMapPhysicalMemoryUnsafe
 .text.svcUnmapPhysicalMemoryUnsafe
                0x00000000000072ec        0x8 C:/Users/RNG/Desktop/Stuff/Smash-Stuff/SMASH-ULTIMATE-MODS-BABY/50xx-the-mod/code-edits/code-mod-framework/lib/libnx_min/nx/lib\libnx_min.a(svc.o)
                0x00000000000072ec                svcUnmapPhysicalMemoryUnsafe
 .text.svcSetUnsafeLimit
                0x00000000000072f4        0x8 C:/Users/RNG/Desktop/Stuff/Smash-Stuff/SMASH-ULTIMATE-MODS-BABY/50xx-the-mod/code-edits/code-mod-framework/lib/libnx_min/nx/lib\libnx_min.a(svc.o)
                0x00000000000072f4                svcSetUnsafeLimit
 .text.svcCreateCodeMemory
                0x00000000000072fc       0x14 C:/Users/RNG/Desktop/Stuff/Smash-Stuff/SMASH-ULTIMATE-MODS-BABY/50xx-the-mod/code-edits/code-mod-framework/lib/libnx_min/nx/lib\libnx_min.a(svc.o)
                0x00000000000072fc                svcCreateCodeMemory
 .text.svcControlCodeMemory
                0x0000000000007310        0x8 C:/Users/RNG/Desktop/Stuff/Smash-Stuff/SMASH-ULTIMATE-MODS-BABY/50xx-the-mod/code-edits/code-mod-framework/lib/libnx_min/nx/lib\libnx_min.a(svc.o)
                0x0000000000007310                svcControlCodeMemory
 .text.svcReadWriteRegister
                0x0000000000007318       0x14 C:/Users/RNG/Desktop/Stuff/Smash-Stuff/SMASH-ULTIMATE-MODS-BABY/50xx-the-mod/code-edits/code-mod-framework/lib/libnx_min/nx/lib\libnx_min.a(svc.o)
                0x0000000000007318                svcReadWriteRegister
 .text.svcCreateSharedMemory
                0x000000000000732c       0x14 C:/Users/RNG/Desktop/Stuff/Smash-Stuff/SMASH-ULTIMATE-MODS-BABY/50xx-the-mod/code-edits/code-mod-framework/lib/libnx_min/nx/lib\libnx_min.a(svc.o)
                0x000000000000732c                svcCreateSharedMemory
 .text.svcMapTransferMemory
                0x0000000000007340        0x8 C:/Users/RNG/Desktop/Stuff/Smash-Stuff/SMASH-ULTIMATE-MODS-BABY/50xx-the-mod/code-edits/code-mod-framework/lib/libnx_min/nx/lib\libnx_min.a(svc.o)
                0x0000000000007340                svcMapTransferMemory
 .text.svcUnmapTransferMemory
                0x0000000000007348        0x8 C:/Users/RNG/Desktop/Stuff/Smash-Stuff/SMASH-ULTIMATE-MODS-BABY/50xx-the-mod/code-edits/code-mod-framework/lib/libnx_min/nx/lib\libnx_min.a(svc.o)
                0x0000000000007348                svcUnmapTransferMemory
 .text.svcCreateInterruptEvent
                0x0000000000007350       0x14 C:/Users/RNG/Desktop/Stuff/Smash-Stuff/SMASH-ULTIMATE-MODS-BABY/50xx-the-mod/code-edits/code-mod-framework/lib/libnx_min/nx/lib\libnx_min.a(svc.o)
                0x0000000000007350                svcCreateInterruptEvent
 .text.svcQueryPhysicalAddress
                0x0000000000007364       0x18 C:/Users/RNG/Desktop/Stuff/Smash-Stuff/SMASH-ULTIMATE-MODS-BABY/50xx-the-mod/code-edits/code-mod-framework/lib/libnx_min/nx/lib\libnx_min.a(svc.o)
                0x0000000000007364                svcQueryPhysicalAddress
 .text.svcQueryIoMapping
                0x000000000000737c       0x14 C:/Users/RNG/Desktop/Stuff/Smash-Stuff/SMASH-ULTIMATE-MODS-BABY/50xx-the-mod/code-edits/code-mod-framework/lib/libnx_min/nx/lib\libnx_min.a(svc.o)
                0x000000000000737c                svcQueryIoMapping
 .text.svcCreateDeviceAddressSpace
                0x0000000000007390       0x14 C:/Users/RNG/Desktop/Stuff/Smash-Stuff/SMASH-ULTIMATE-MODS-BABY/50xx-the-mod/code-edits/code-mod-framework/lib/libnx_min/nx/lib\libnx_min.a(svc.o)
                0x0000000000007390                svcCreateDeviceAddressSpace
 .text.svcAttachDeviceAddressSpace
                0x00000000000073a4        0x8 C:/Users/RNG/Desktop/Stuff/Smash-Stuff/SMASH-ULTIMATE-MODS-BABY/50xx-the-mod/code-edits/code-mod-framework/lib/libnx_min/nx/lib\libnx_min.a(svc.o)
                0x00000000000073a4                svcAttachDeviceAddressSpace
 .text.svcDetachDeviceAddressSpace
                0x00000000000073ac        0x8 C:/Users/RNG/Desktop/Stuff/Smash-Stuff/SMASH-ULTIMATE-MODS-BABY/50xx-the-mod/code-edits/code-mod-framework/lib/libnx_min/nx/lib\libnx_min.a(svc.o)
                0x00000000000073ac                svcDetachDeviceAddressSpace
 .text.svcMapDeviceAddressSpaceByForce
                0x00000000000073b4        0x8 C:/Users/RNG/Desktop/Stuff/Smash-Stuff/SMASH-ULTIMATE-MODS-BABY/50xx-the-mod/code-edits/code-mod-framework/lib/libnx_min/nx/lib\libnx_min.a(svc.o)
                0x00000000000073b4                svcMapDeviceAddressSpaceByForce
 .text.svcMapDeviceAddressSpaceAligned
                0x00000000000073bc        0x8 C:/Users/RNG/Desktop/Stuff/Smash-Stuff/SMASH-ULTIMATE-MODS-BABY/50xx-the-mod/code-edits/code-mod-framework/lib/libnx_min/nx/lib\libnx_min.a(svc.o)
                0x00000000000073bc                svcMapDeviceAddressSpaceAligned
 .text.svcUnmapDeviceAddressSpace
                0x00000000000073c4        0x8 C:/Users/RNG/Desktop/Stuff/Smash-Stuff/SMASH-ULTIMATE-MODS-BABY/50xx-the-mod/code-edits/code-mod-framework/lib/libnx_min/nx/lib\libnx_min.a(svc.o)
                0x00000000000073c4                svcUnmapDeviceAddressSpace
 .text.svcDebugActiveProcess
                0x00000000000073cc       0x14 C:/Users/RNG/Desktop/Stuff/Smash-Stuff/SMASH-ULTIMATE-MODS-BABY/50xx-the-mod/code-edits/code-mod-framework/lib/libnx_min/nx/lib\libnx_min.a(svc.o)
                0x00000000000073cc                svcDebugActiveProcess
 .text.svcBreakDebugProcess
                0x00000000000073e0        0x8 C:/Users/RNG/Desktop/Stuff/Smash-Stuff/SMASH-ULTIMATE-MODS-BABY/50xx-the-mod/code-edits/code-mod-framework/lib/libnx_min/nx/lib\libnx_min.a(svc.o)
                0x00000000000073e0                svcBreakDebugProcess
 .text.svcTerminateDebugProcess
                0x00000000000073e8        0x8 C:/Users/RNG/Desktop/Stuff/Smash-Stuff/SMASH-ULTIMATE-MODS-BABY/50xx-the-mod/code-edits/code-mod-framework/lib/libnx_min/nx/lib\libnx_min.a(svc.o)
                0x00000000000073e8                svcTerminateDebugProcess
 .text.svcGetDebugEvent
                0x00000000000073f0        0x8 C:/Users/RNG/Desktop/Stuff/Smash-Stuff/SMASH-ULTIMATE-MODS-BABY/50xx-the-mod/code-edits/code-mod-framework/lib/libnx_min/nx/lib\libnx_min.a(svc.o)
                0x00000000000073f0                svcGetDebugEvent
 .text.svcLegacyContinueDebugEvent
                0x00000000000073f8        0x8 C:/Users/RNG/Desktop/Stuff/Smash-Stuff/SMASH-ULTIMATE-MODS-BABY/50xx-the-mod/code-edits/code-mod-framework/lib/libnx_min/nx/lib\libnx_min.a(svc.o)
                0x00000000000073f8                svcLegacyContinueDebugEvent
 .text.svcContinueDebugEvent
                0x0000000000007400        0x8 C:/Users/RNG/Desktop/Stuff/Smash-Stuff/SMASH-ULTIMATE-MODS-BABY/50xx-the-mod/code-edits/code-mod-framework/lib/libnx_min/nx/lib\libnx_min.a(svc.o)
                0x0000000000007400                svcContinueDebugEvent
 .text.svcGetProcessList
                0x0000000000007408       0x14 C:/Users/RNG/Desktop/Stuff/Smash-Stuff/SMASH-ULTIMATE-MODS-BABY/50xx-the-mod/code-edits/code-mod-framework/lib/libnx_min/nx/lib\libnx_min.a(svc.o)
                0x0000000000007408                svcGetProcessList
 .text.svcGetThreadList
                0x000000000000741c       0x14 C:/Users/RNG/Desktop/Stuff/Smash-Stuff/SMASH-ULTIMATE-MODS-BABY/50xx-the-mod/code-edits/code-mod-framework/lib/libnx_min/nx/lib\libnx_min.a(svc.o)
                0x000000000000741c                svcGetThreadList
 .text.svcGetDebugThreadContext
                0x0000000000007430        0x8 C:/Users/RNG/Desktop/Stuff/Smash-Stuff/SMASH-ULTIMATE-MODS-BABY/50xx-the-mod/code-edits/code-mod-framework/lib/libnx_min/nx/lib\libnx_min.a(svc.o)
                0x0000000000007430                svcGetDebugThreadContext
 .text.svcSetDebugThreadContext
                0x0000000000007438        0x8 C:/Users/RNG/Desktop/Stuff/Smash-Stuff/SMASH-ULTIMATE-MODS-BABY/50xx-the-mod/code-edits/code-mod-framework/lib/libnx_min/nx/lib\libnx_min.a(svc.o)
                0x0000000000007438                svcSetDebugThreadContext
 .text.svcQueryDebugProcessMemory
                0x0000000000007440       0x14 C:/Users/RNG/Desktop/Stuff/Smash-Stuff/SMASH-ULTIMATE-MODS-BABY/50xx-the-mod/code-edits/code-mod-framework/lib/libnx_min/nx/lib\libnx_min.a(svc.o)
                0x0000000000007440                svcQueryDebugProcessMemory
 .text.svcReadDebugProcessMemory
                0x0000000000007454        0x8 C:/Users/RNG/Desktop/Stuff/Smash-Stuff/SMASH-ULTIMATE-MODS-BABY/50xx-the-mod/code-edits/code-mod-framework/lib/libnx_min/nx/lib\libnx_min.a(svc.o)
                0x0000000000007454                svcReadDebugProcessMemory
 .text.svcWriteDebugProcessMemory
                0x000000000000745c        0x8 C:/Users/RNG/Desktop/Stuff/Smash-Stuff/SMASH-ULTIMATE-MODS-BABY/50xx-the-mod/code-edits/code-mod-framework/lib/libnx_min/nx/lib\libnx_min.a(svc.o)
                0x000000000000745c                svcWriteDebugProcessMemory
 .text.svcGetDebugThreadParam
                0x0000000000007464       0x18 C:/Users/RNG/Desktop/Stuff/Smash-Stuff/SMASH-ULTIMATE-MODS-BABY/50xx-the-mod/code-edits/code-mod-framework/lib/libnx_min/nx/lib\libnx_min.a(svc.o)
                0x0000000000007464                svcGetDebugThreadParam
 .text.svcGetSystemInfo
                0x000000000000747c       0x14 C:/Users/RNG/Desktop/Stuff/Smash-Stuff/SMASH-ULTIMATE-MODS-BABY/50xx-the-mod/code-edits/code-mod-framework/lib/libnx_min/nx/lib\libnx_min.a(svc.o)
                0x000000000000747c                svcGetSystemInfo
 .text.svcCreatePort
                0x0000000000007490       0x18 C:/Users/RNG/Desktop/Stuff/Smash-Stuff/SMASH-ULTIMATE-MODS-BABY/50xx-the-mod/code-edits/code-mod-framework/lib/libnx_min/nx/lib\libnx_min.a(svc.o)
                0x0000000000007490                svcCreatePort
 .text.svcManageNamedPort
                0x00000000000074a8       0x14 C:/Users/RNG/Desktop/Stuff/Smash-Stuff/SMASH-ULTIMATE-MODS-BABY/50xx-the-mod/code-edits/code-mod-framework/lib/libnx_min/nx/lib\libnx_min.a(svc.o)
                0x00000000000074a8                svcManageNamedPort
 .text.svcConnectToPort
                0x00000000000074bc       0x14 C:/Users/RNG/Desktop/Stuff/Smash-Stuff/SMASH-ULTIMATE-MODS-BABY/50xx-the-mod/code-edits/code-mod-framework/lib/libnx_min/nx/lib\libnx_min.a(svc.o)
                0x00000000000074bc                svcConnectToPort
 .text.svcSetProcessMemoryPermission
                0x00000000000074d0        0x8 C:/Users/RNG/Desktop/Stuff/Smash-Stuff/SMASH-ULTIMATE-MODS-BABY/50xx-the-mod/code-edits/code-mod-framework/lib/libnx_min/nx/lib\libnx_min.a(svc.o)
                0x00000000000074d0                svcSetProcessMemoryPermission
 .text.svcMapProcessMemory
                0x00000000000074d8        0x8 C:/Users/RNG/Desktop/Stuff/Smash-Stuff/SMASH-ULTIMATE-MODS-BABY/50xx-the-mod/code-edits/code-mod-framework/lib/libnx_min/nx/lib\libnx_min.a(svc.o)
                0x00000000000074d8                svcMapProcessMemory
 .text.svcUnmapProcessMemory
                0x00000000000074e0        0x8 C:/Users/RNG/Desktop/Stuff/Smash-Stuff/SMASH-ULTIMATE-MODS-BABY/50xx-the-mod/code-edits/code-mod-framework/lib/libnx_min/nx/lib\libnx_min.a(svc.o)
                0x00000000000074e0                svcUnmapProcessMemory
 .text.svcQueryProcessMemory
                0x00000000000074e8       0x14 C:/Users/RNG/Desktop/Stuff/Smash-Stuff/SMASH-ULTIMATE-MODS-BABY/50xx-the-mod/code-edits/code-mod-framework/lib/libnx_min/nx/lib\libnx_min.a(svc.o)
                0x00000000000074e8                svcQueryProcessMemory
 .text.svcMapProcessCodeMemory
                0x00000000000074fc        0x8 C:/Users/RNG/Desktop/Stuff/Smash-Stuff/SMASH-ULTIMATE-MODS-BABY/50xx-the-mod/code-edits/code-mod-framework/lib/libnx_min/nx/lib\libnx_min.a(svc.o)
                0x00000000000074fc                svcMapProcessCodeMemory
 .text.svcUnmapProcessCodeMemory
                0x0000000000007504        0x8 C:/Users/RNG/Desktop/Stuff/Smash-Stuff/SMASH-ULTIMATE-MODS-BABY/50xx-the-mod/code-edits/code-mod-framework/lib/libnx_min/nx/lib\libnx_min.a(svc.o)
                0x0000000000007504                svcUnmapProcessCodeMemory
 .text.svcCreateProcess
                0x000000000000750c       0x14 C:/Users/RNG/Desktop/Stuff/Smash-Stuff/SMASH-ULTIMATE-MODS-BABY/50xx-the-mod/code-edits/code-mod-framework/lib/libnx_min/nx/lib\libnx_min.a(svc.o)
                0x000000000000750c                svcCreateProcess
 .text.svcStartProcess
                0x0000000000007520        0x8 C:/Users/RNG/Desktop/Stuff/Smash-Stuff/SMASH-ULTIMATE-MODS-BABY/50xx-the-mod/code-edits/code-mod-framework/lib/libnx_min/nx/lib\libnx_min.a(svc.o)
                0x0000000000007520                svcStartProcess
 .text.svcTerminateProcess
                0x0000000000007528        0x8 C:/Users/RNG/Desktop/Stuff/Smash-Stuff/SMASH-ULTIMATE-MODS-BABY/50xx-the-mod/code-edits/code-mod-framework/lib/libnx_min/nx/lib\libnx_min.a(svc.o)
                0x0000000000007528                svcTerminateProcess
 .text.svcGetProcessInfo
                0x0000000000007530       0x14 C:/Users/RNG/Desktop/Stuff/Smash-Stuff/SMASH-ULTIMATE-MODS-BABY/50xx-the-mod/code-edits/code-mod-framework/lib/libnx_min/nx/lib\libnx_min.a(svc.o)
                0x0000000000007530                svcGetProcessInfo
 .text.svcCreateResourceLimit
                0x0000000000007544       0x14 C:/Users/RNG/Desktop/Stuff/Smash-Stuff/SMASH-ULTIMATE-MODS-BABY/50xx-the-mod/code-edits/code-mod-framework/lib/libnx_min/nx/lib\libnx_min.a(svc.o)
                0x0000000000007544                svcCreateResourceLimit
 .text.svcSetResourceLimitLimitValue
                0x0000000000007558        0x8 C:/Users/RNG/Desktop/Stuff/Smash-Stuff/SMASH-ULTIMATE-MODS-BABY/50xx-the-mod/code-edits/code-mod-framework/lib/libnx_min/nx/lib\libnx_min.a(svc.o)
                0x0000000000007558                svcSetResourceLimitLimitValue
 .text.svcCallSecureMonitor
                0x0000000000007560       0x34 C:/Users/RNG/Desktop/Stuff/Smash-Stuff/SMASH-ULTIMATE-MODS-BABY/50xx-the-mod/code-edits/code-mod-framework/lib/libnx_min/nx/lib\libnx_min.a(svc.o)
                0x0000000000007560                svcCallSecureMonitor
 .text.__aarch64_read_tp
                0x0000000000007594        0xc C:/Users/RNG/Desktop/Stuff/Smash-Stuff/SMASH-ULTIMATE-MODS-BABY/50xx-the-mod/code-edits/code-mod-framework/lib/libnx_min/nx/lib\libnx_min.a(readtp.o)
                0x0000000000007594                __aarch64_read_tp
 .text._GetRegionFromInfo.isra.1
                0x00000000000075a0       0x7c C:/Users/RNG/Desktop/Stuff/Smash-Stuff/SMASH-ULTIMATE-MODS-BABY/50xx-the-mod/code-edits/code-mod-framework/lib/libnx_min/nx/lib\libnx_min.a(virtmem.o)
 *fill*         0x000000000000761c        0x4 
 .text.virtmemSetup
                0x0000000000007620      0x114 C:/Users/RNG/Desktop/Stuff/Smash-Stuff/SMASH-ULTIMATE-MODS-BABY/50xx-the-mod/code-edits/code-mod-framework/lib/libnx_min/nx/lib\libnx_min.a(virtmem.o)
                0x0000000000007620                virtmemSetup
 *fill*         0x0000000000007734        0xc 
 .text.virtmemReserve
                0x0000000000007740      0x13c C:/Users/RNG/Desktop/Stuff/Smash-Stuff/SMASH-ULTIMATE-MODS-BABY/50xx-the-mod/code-edits/code-mod-framework/lib/libnx_min/nx/lib\libnx_min.a(virtmem.o)
                0x0000000000007740                virtmemReserve
 *fill*         0x000000000000787c        0x4 
 .text.virtmemFree
                0x0000000000007880        0x4 C:/Users/RNG/Desktop/Stuff/Smash-Stuff/SMASH-ULTIMATE-MODS-BABY/50xx-the-mod/code-edits/code-mod-framework/lib/libnx_min/nx/lib\libnx_min.a(virtmem.o)
                0x0000000000007880                virtmemFree
 *fill*         0x0000000000007884        0xc 
 .text.virtmemReserveStack
                0x0000000000007890       0xc8 C:/Users/RNG/Desktop/Stuff/Smash-Stuff/SMASH-ULTIMATE-MODS-BABY/50xx-the-mod/code-edits/code-mod-framework/lib/libnx_min/nx/lib\libnx_min.a(virtmem.o)
                0x0000000000007890                virtmemReserveStack
 *fill*         0x0000000000007958        0x8 
 .text.virtmemFreeStack
                0x0000000000007960        0x4 C:/Users/RNG/Desktop/Stuff/Smash-Stuff/SMASH-ULTIMATE-MODS-BABY/50xx-the-mod/code-edits/code-mod-framework/lib/libnx_min/nx/lib\libnx_min.a(virtmem.o)
                0x0000000000007960                virtmemFreeStack
 *fill*         0x0000000000007964        0xc 
 .text.mutexLock
                0x0000000000007970       0x8c C:/Users/RNG/Desktop/Stuff/Smash-Stuff/SMASH-ULTIMATE-MODS-BABY/50xx-the-mod/code-edits/code-mod-framework/lib/libnx_min/nx/lib\libnx_min.a(mutex.o)
                0x0000000000007970                mutexLock
 *fill*         0x00000000000079fc        0x4 
 .text.mutexTryLock
                0x0000000000007a00       0x34 C:/Users/RNG/Desktop/Stuff/Smash-Stuff/SMASH-ULTIMATE-MODS-BABY/50xx-the-mod/code-edits/code-mod-framework/lib/libnx_min/nx/lib\libnx_min.a(mutex.o)
                0x0000000000007a00                mutexTryLock
 *fill*         0x0000000000007a34        0xc 
 .text.mutexUnlock
                0x0000000000007a40       0x30 C:/Users/RNG/Desktop/Stuff/Smash-Stuff/SMASH-ULTIMATE-MODS-BABY/50xx-the-mod/code-edits/code-mod-framework/lib/libnx_min/nx/lib\libnx_min.a(mutex.o)
                0x0000000000007a40                mutexUnlock
 .text.rmutexLock
                0x0000000000007a70       0x4c C:/Users/RNG/Desktop/Stuff/Smash-Stuff/SMASH-ULTIMATE-MODS-BABY/50xx-the-mod/code-edits/code-mod-framework/lib/libnx_min/nx/lib\libnx_min.a(mutex.o)
                0x0000000000007a70                rmutexLock
 *fill*         0x0000000000007abc        0x4 
 .text.rmutexTryLock
                0x0000000000007ac0       0x5c C:/Users/RNG/Desktop/Stuff/Smash-Stuff/SMASH-ULTIMATE-MODS-BABY/50xx-the-mod/code-edits/code-mod-framework/lib/libnx_min/nx/lib\libnx_min.a(mutex.o)
                0x0000000000007ac0                rmutexTryLock
 *fill*         0x0000000000007b1c        0x4 
 .text.rmutexUnlock
                0x0000000000007b20       0x1c C:/Users/RNG/Desktop/Stuff/Smash-Stuff/SMASH-ULTIMATE-MODS-BABY/50xx-the-mod/code-edits/code-mod-framework/lib/libnx_min/nx/lib\libnx_min.a(mutex.o)
                0x0000000000007b20                rmutexUnlock
 *fill*         0x0000000000007b3c        0x4 
 .text.ipcPrepareHeader
                0x0000000000007b40      0x220 C:/Users/RNG/Desktop/Stuff/Smash-Stuff/SMASH-ULTIMATE-MODS-BABY/50xx-the-mod/code-edits/code-mod-framework/lib/libnx_min/nx/lib\libnx_min.a(fs.o)
 .text.ipcParse
                0x0000000000007d60      0x22c C:/Users/RNG/Desktop/Stuff/Smash-Stuff/SMASH-ULTIMATE-MODS-BABY/50xx-the-mod/code-edits/code-mod-framework/lib/libnx_min/nx/lib\libnx_min.a(fs.o)
 *fill*         0x0000000000007f8c        0x4 
 .text.serviceIpcParse
                0x0000000000007f90       0xb0 C:/Users/RNG/Desktop/Stuff/Smash-Stuff/SMASH-ULTIMATE-MODS-BABY/50xx-the-mod/code-edits/code-mod-framework/lib/libnx_min/nx/lib\libnx_min.a(fs.o)
 .text.ipcCloseObjectById
                0x0000000000008040       0x34 C:/Users/RNG/Desktop/Stuff/Smash-Stuff/SMASH-ULTIMATE-MODS-BABY/50xx-the-mod/code-edits/code-mod-framework/lib/libnx_min/nx/lib\libnx_min.a(fs.o)
 *fill*         0x0000000000008074        0xc 
 .text._fsDeviceOperatorCheckInserted
                0x0000000000008080      0x19c C:/Users/RNG/Desktop/Stuff/Smash-Stuff/SMASH-ULTIMATE-MODS-BABY/50xx-the-mod/code-edits/code-mod-framework/lib/libnx_min/nx/lib\libnx_min.a(fs.o)
 *fill*         0x000000000000821c        0x4 
 .text.fsFsQueryEntry.part.12
                0x0000000000008220      0x274 C:/Users/RNG/Desktop/Stuff/Smash-Stuff/SMASH-ULTIMATE-MODS-BABY/50xx-the-mod/code-edits/code-mod-framework/lib/libnx_min/nx/lib\libnx_min.a(fs.o)
 *fill*         0x0000000000008494        0xc 
 .text.fsInitialize
                0x00000000000084a0      0x200 C:/Users/RNG/Desktop/Stuff/Smash-Stuff/SMASH-ULTIMATE-MODS-BABY/50xx-the-mod/code-edits/code-mod-framework/lib/libnx_min/nx/lib\libnx_min.a(fs.o)
                0x00000000000084a0                fsInitialize
 .text.fsExit   0x00000000000086a0       0x9c C:/Users/RNG/Desktop/Stuff/Smash-Stuff/SMASH-ULTIMATE-MODS-BABY/50xx-the-mod/code-edits/code-mod-framework/lib/libnx_min/nx/lib\libnx_min.a(fs.o)
                0x00000000000086a0                fsExit
 *fill*         0x000000000000873c        0x4 
 .text.fsGetServiceSession
                0x0000000000008740        0xc C:/Users/RNG/Desktop/Stuff/Smash-Stuff/SMASH-ULTIMATE-MODS-BABY/50xx-the-mod/code-edits/code-mod-framework/lib/libnx_min/nx/lib\libnx_min.a(fs.o)
                0x0000000000008740                fsGetServiceSession
 *fill*         0x000000000000874c        0x4 
 .text.fsOpenBisStorage
                0x0000000000008750      0x1ec C:/Users/RNG/Desktop/Stuff/Smash-Stuff/SMASH-ULTIMATE-MODS-BABY/50xx-the-mod/code-edits/code-mod-framework/lib/libnx_min/nx/lib\libnx_min.a(fs.o)
                0x0000000000008750                fsOpenBisStorage
 *fill*         0x000000000000893c        0x4 
 .text.fsOpenBisFileSystem
                0x0000000000008940      0x170 C:/Users/RNG/Desktop/Stuff/Smash-Stuff/SMASH-ULTIMATE-MODS-BABY/50xx-the-mod/code-edits/code-mod-framework/lib/libnx_min/nx/lib\libnx_min.a(fs.o)
                0x0000000000008940                fsOpenBisFileSystem
 .text.fsMountSdcard
                0x0000000000008ab0      0x1cc C:/Users/RNG/Desktop/Stuff/Smash-Stuff/SMASH-ULTIMATE-MODS-BABY/50xx-the-mod/code-edits/code-mod-framework/lib/libnx_min/nx/lib\libnx_min.a(fs.o)
                0x0000000000008ab0                fsMountSdcard
 *fill*         0x0000000000008c7c        0x4 
 .text.fsMountSaveData
                0x0000000000008c80      0x208 C:/Users/RNG/Desktop/Stuff/Smash-Stuff/SMASH-ULTIMATE-MODS-BABY/50xx-the-mod/code-edits/code-mod-framework/lib/libnx_min/nx/lib\libnx_min.a(fs.o)
                0x0000000000008c80                fsMountSaveData
 *fill*         0x0000000000008e88        0x8 
 .text.fsMountSystemSaveData
                0x0000000000008e90      0x208 C:/Users/RNG/Desktop/Stuff/Smash-Stuff/SMASH-ULTIMATE-MODS-BABY/50xx-the-mod/code-edits/code-mod-framework/lib/libnx_min/nx/lib\libnx_min.a(fs.o)
                0x0000000000008e90                fsMountSystemSaveData
 *fill*         0x0000000000009098        0x8 
 .text.fsOpenSaveDataIterator
                0x00000000000090a0      0x1e0 C:/Users/RNG/Desktop/Stuff/Smash-Stuff/SMASH-ULTIMATE-MODS-BABY/50xx-the-mod/code-edits/code-mod-framework/lib/libnx_min/nx/lib\libnx_min.a(fs.o)
                0x00000000000090a0                fsOpenSaveDataIterator
 .text.fsOpenContentStorageFileSystem
                0x0000000000009280      0x1d4 C:/Users/RNG/Desktop/Stuff/Smash-Stuff/SMASH-ULTIMATE-MODS-BABY/50xx-the-mod/code-edits/code-mod-framework/lib/libnx_min/nx/lib\libnx_min.a(fs.o)
                0x0000000000009280                fsOpenContentStorageFileSystem
 *fill*         0x0000000000009454        0xc 
 .text.fsOpenDataStorageByCurrentProcess
                0x0000000000009460      0x1cc C:/Users/RNG/Desktop/Stuff/Smash-Stuff/SMASH-ULTIMATE-MODS-BABY/50xx-the-mod/code-edits/code-mod-framework/lib/libnx_min/nx/lib\libnx_min.a(fs.o)
                0x0000000000009460                fsOpenDataStorageByCurrentProcess
 *fill*         0x000000000000962c        0x4 
 .text.fsOpenDataStorageByDataId
                0x0000000000009630      0x200 C:/Users/RNG/Desktop/Stuff/Smash-Stuff/SMASH-ULTIMATE-MODS-BABY/50xx-the-mod/code-edits/code-mod-framework/lib/libnx_min/nx/lib\libnx_min.a(fs.o)
                0x0000000000009630                fsOpenDataStorageByDataId
 .text.fsOpenDeviceOperator
                0x0000000000009830      0x1cc C:/Users/RNG/Desktop/Stuff/Smash-Stuff/SMASH-ULTIMATE-MODS-BABY/50xx-the-mod/code-edits/code-mod-framework/lib/libnx_min/nx/lib\libnx_min.a(fs.o)
                0x0000000000009830                fsOpenDeviceOperator
 *fill*         0x00000000000099fc        0x4 
 .text.fsOpenSdCardDetectionEventNotifier
                0x0000000000009a00      0x1cc C:/Users/RNG/Desktop/Stuff/Smash-Stuff/SMASH-ULTIMATE-MODS-BABY/50xx-the-mod/code-edits/code-mod-framework/lib/libnx_min/nx/lib\libnx_min.a(fs.o)
                0x0000000000009a00                fsOpenSdCardDetectionEventNotifier
 *fill*         0x0000000000009bcc        0x4 
 .text.fsGetRightsIdByPath
                0x0000000000009bd0      0x174 C:/Users/RNG/Desktop/Stuff/Smash-Stuff/SMASH-ULTIMATE-MODS-BABY/50xx-the-mod/code-edits/code-mod-framework/lib/libnx_min/nx/lib\libnx_min.a(fs.o)
                0x0000000000009bd0                fsGetRightsIdByPath
 *fill*         0x0000000000009d44        0xc 
 .text.fsGetRightsIdAndKeyGenerationByPath
                0x0000000000009d50      0x184 C:/Users/RNG/Desktop/Stuff/Smash-Stuff/SMASH-ULTIMATE-MODS-BABY/50xx-the-mod/code-edits/code-mod-framework/lib/libnx_min/nx/lib\libnx_min.a(fs.o)
                0x0000000000009d50                fsGetRightsIdAndKeyGenerationByPath
 *fill*         0x0000000000009ed4        0xc 
 .text.fsIsExFatSupported
                0x0000000000009ee0      0x138 C:/Users/RNG/Desktop/Stuff/Smash-Stuff/SMASH-ULTIMATE-MODS-BABY/50xx-the-mod/code-edits/code-mod-framework/lib/libnx_min/nx/lib\libnx_min.a(fs.o)
                0x0000000000009ee0                fsIsExFatSupported
 *fill*         0x000000000000a018        0x8 
 .text.fsMount_SaveData
                0x000000000000a020       0x3c C:/Users/RNG/Desktop/Stuff/Smash-Stuff/SMASH-ULTIMATE-MODS-BABY/50xx-the-mod/code-edits/code-mod-framework/lib/libnx_min/nx/lib\libnx_min.a(fs.o)
                0x000000000000a020                fsMount_SaveData
 *fill*         0x000000000000a05c        0x4 
 .text.fsMount_SystemSaveData
                0x000000000000a060       0x30 C:/Users/RNG/Desktop/Stuff/Smash-Stuff/SMASH-ULTIMATE-MODS-BABY/50xx-the-mod/code-edits/code-mod-framework/lib/libnx_min/nx/lib\libnx_min.a(fs.o)
                0x000000000000a060                fsMount_SystemSaveData
 .text.fsOpenFileSystemWithId
                0x000000000000a090      0x248 C:/Users/RNG/Desktop/Stuff/Smash-Stuff/SMASH-ULTIMATE-MODS-BABY/50xx-the-mod/code-edits/code-mod-framework/lib/libnx_min/nx/lib\libnx_min.a(fs.o)
                0x000000000000a090                fsOpenFileSystemWithId
 *fill*         0x000000000000a2d8        0x8 
 .text.fsOpenFileSystem
                0x000000000000a2e0       0x10 C:/Users/RNG/Desktop/Stuff/Smash-Stuff/SMASH-ULTIMATE-MODS-BABY/50xx-the-mod/code-edits/code-mod-framework/lib/libnx_min/nx/lib\libnx_min.a(fs.o)
                0x000000000000a2e0                fsOpenFileSystem
 .text.fsOpenFileSystemWithPatch
                0x000000000000a2f0      0x184 C:/Users/RNG/Desktop/Stuff/Smash-Stuff/SMASH-ULTIMATE-MODS-BABY/50xx-the-mod/code-edits/code-mod-framework/lib/libnx_min/nx/lib\libnx_min.a(fs.o)
                0x000000000000a2f0                fsOpenFileSystemWithPatch
 *fill*         0x000000000000a474        0xc 
 .text.fsFsCreateFile
                0x000000000000a480      0x1a4 C:/Users/RNG/Desktop/Stuff/Smash-Stuff/SMASH-ULTIMATE-MODS-BABY/50xx-the-mod/code-edits/code-mod-framework/lib/libnx_min/nx/lib\libnx_min.a(fs.o)
                0x000000000000a480                fsFsCreateFile
 *fill*         0x000000000000a624        0xc 
 .text.fsFsDeleteFile
                0x000000000000a630      0x19c C:/Users/RNG/Desktop/Stuff/Smash-Stuff/SMASH-ULTIMATE-MODS-BABY/50xx-the-mod/code-edits/code-mod-framework/lib/libnx_min/nx/lib\libnx_min.a(fs.o)
                0x000000000000a630                fsFsDeleteFile
 *fill*         0x000000000000a7cc        0x4 
 .text.fsFsCreateDirectory
                0x000000000000a7d0      0x19c C:/Users/RNG/Desktop/Stuff/Smash-Stuff/SMASH-ULTIMATE-MODS-BABY/50xx-the-mod/code-edits/code-mod-framework/lib/libnx_min/nx/lib\libnx_min.a(fs.o)
                0x000000000000a7d0                fsFsCreateDirectory
 *fill*         0x000000000000a96c        0x4 
 .text.fsFsDeleteDirectory
                0x000000000000a970      0x19c C:/Users/RNG/Desktop/Stuff/Smash-Stuff/SMASH-ULTIMATE-MODS-BABY/50xx-the-mod/code-edits/code-mod-framework/lib/libnx_min/nx/lib\libnx_min.a(fs.o)
                0x000000000000a970                fsFsDeleteDirectory
 *fill*         0x000000000000ab0c        0x4 
 .text.fsFsDeleteDirectoryRecursively
                0x000000000000ab10      0x19c C:/Users/RNG/Desktop/Stuff/Smash-Stuff/SMASH-ULTIMATE-MODS-BABY/50xx-the-mod/code-edits/code-mod-framework/lib/libnx_min/nx/lib\libnx_min.a(fs.o)
                0x000000000000ab10                fsFsDeleteDirectoryRecursively
 *fill*         0x000000000000acac        0x4 
 .text.fsFsRenameFile
                0x000000000000acb0      0x214 C:/Users/RNG/Desktop/Stuff/Smash-Stuff/SMASH-ULTIMATE-MODS-BABY/50xx-the-mod/code-edits/code-mod-framework/lib/libnx_min/nx/lib\libnx_min.a(fs.o)
                0x000000000000acb0                fsFsRenameFile
 *fill*         0x000000000000aec4        0xc 
 .text.fsFsRenameDirectory
                0x000000000000aed0      0x214 C:/Users/RNG/Desktop/Stuff/Smash-Stuff/SMASH-ULTIMATE-MODS-BABY/50xx-the-mod/code-edits/code-mod-framework/lib/libnx_min/nx/lib\libnx_min.a(fs.o)
                0x000000000000aed0                fsFsRenameDirectory
 *fill*         0x000000000000b0e4        0xc 
 .text.fsFsGetEntryType
                0x000000000000b0f0      0x1b0 C:/Users/RNG/Desktop/Stuff/Smash-Stuff/SMASH-ULTIMATE-MODS-BABY/50xx-the-mod/code-edits/code-mod-framework/lib/libnx_min/nx/lib\libnx_min.a(fs.o)
                0x000000000000b0f0                fsFsGetEntryType
 .text.fsFsOpenFile
                0x000000000000b2a0      0x1e4 C:/Users/RNG/Desktop/Stuff/Smash-Stuff/SMASH-ULTIMATE-MODS-BABY/50xx-the-mod/code-edits/code-mod-framework/lib/libnx_min/nx/lib\libnx_min.a(fs.o)
                0x000000000000b2a0                fsFsOpenFile
 *fill*         0x000000000000b484        0xc 
 .text.fsFsOpenDirectory
                0x000000000000b490      0x1f8 C:/Users/RNG/Desktop/Stuff/Smash-Stuff/SMASH-ULTIMATE-MODS-BABY/50xx-the-mod/code-edits/code-mod-framework/lib/libnx_min/nx/lib\libnx_min.a(fs.o)
                0x000000000000b490                fsFsOpenDirectory
 *fill*         0x000000000000b688        0x8 
 .text.fsFsCommit
                0x000000000000b690      0x17c C:/Users/RNG/Desktop/Stuff/Smash-Stuff/SMASH-ULTIMATE-MODS-BABY/50xx-the-mod/code-edits/code-mod-framework/lib/libnx_min/nx/lib\libnx_min.a(fs.o)
                0x000000000000b690                fsFsCommit
 *fill*         0x000000000000b80c        0x4 
 .text.fsFsGetFreeSpace
                0x000000000000b810      0x1b0 C:/Users/RNG/Desktop/Stuff/Smash-Stuff/SMASH-ULTIMATE-MODS-BABY/50xx-the-mod/code-edits/code-mod-framework/lib/libnx_min/nx/lib\libnx_min.a(fs.o)
                0x000000000000b810                fsFsGetFreeSpace
 .text.fsFsGetTotalSpace
                0x000000000000b9c0      0x1b0 C:/Users/RNG/Desktop/Stuff/Smash-Stuff/SMASH-ULTIMATE-MODS-BABY/50xx-the-mod/code-edits/code-mod-framework/lib/libnx_min/nx/lib\libnx_min.a(fs.o)
                0x000000000000b9c0                fsFsGetTotalSpace
 .text.fsFsCleanDirectoryRecursively
                0x000000000000bb70      0x140 C:/Users/RNG/Desktop/Stuff/Smash-Stuff/SMASH-ULTIMATE-MODS-BABY/50xx-the-mod/code-edits/code-mod-framework/lib/libnx_min/nx/lib\libnx_min.a(fs.o)
                0x000000000000bb70                fsFsCleanDirectoryRecursively
 .text.fsFsGetFileTimeStampRaw
                0x000000000000bcb0      0x194 C:/Users/RNG/Desktop/Stuff/Smash-Stuff/SMASH-ULTIMATE-MODS-BABY/50xx-the-mod/code-edits/code-mod-framework/lib/libnx_min/nx/lib\libnx_min.a(fs.o)
                0x000000000000bcb0                fsFsGetFileTimeStampRaw
 *fill*         0x000000000000be44        0xc 
 .text.fsFsQueryEntry
                0x000000000000be50       0x60 C:/Users/RNG/Desktop/Stuff/Smash-Stuff/SMASH-ULTIMATE-MODS-BABY/50xx-the-mod/code-edits/code-mod-framework/lib/libnx_min/nx/lib\libnx_min.a(fs.o)
                0x000000000000be50                fsFsQueryEntry
 .text.fsFsSetArchiveBit
                0x000000000000beb0       0x1c C:/Users/RNG/Desktop/Stuff/Smash-Stuff/SMASH-ULTIMATE-MODS-BABY/50xx-the-mod/code-edits/code-mod-framework/lib/libnx_min/nx/lib\libnx_min.a(fs.o)
                0x000000000000beb0                fsFsSetArchiveBit
 *fill*         0x000000000000becc        0x4 
 .text.fsFsClose
                0x000000000000bed0       0x6c C:/Users/RNG/Desktop/Stuff/Smash-Stuff/SMASH-ULTIMATE-MODS-BABY/50xx-the-mod/code-edits/code-mod-framework/lib/libnx_min/nx/lib\libnx_min.a(fs.o)
                0x000000000000bed0                fsFsClose
 *fill*         0x000000000000bf3c        0x4 
 .text.fsFileRead
                0x000000000000bf40      0x1f8 C:/Users/RNG/Desktop/Stuff/Smash-Stuff/SMASH-ULTIMATE-MODS-BABY/50xx-the-mod/code-edits/code-mod-framework/lib/libnx_min/nx/lib\libnx_min.a(fs.o)
                0x000000000000bf40                fsFileRead
 *fill*         0x000000000000c138        0x8 
 .text.fsFileWrite
                0x000000000000c140      0x1cc C:/Users/RNG/Desktop/Stuff/Smash-Stuff/SMASH-ULTIMATE-MODS-BABY/50xx-the-mod/code-edits/code-mod-framework/lib/libnx_min/nx/lib\libnx_min.a(fs.o)
                0x000000000000c140                fsFileWrite
 *fill*         0x000000000000c30c        0x4 
 .text.fsFileFlush
                0x000000000000c310      0x17c C:/Users/RNG/Desktop/Stuff/Smash-Stuff/SMASH-ULTIMATE-MODS-BABY/50xx-the-mod/code-edits/code-mod-framework/lib/libnx_min/nx/lib\libnx_min.a(fs.o)
                0x000000000000c310                fsFileFlush
 *fill*         0x000000000000c48c        0x4 
 .text.fsFileSetSize
                0x000000000000c490      0x18c C:/Users/RNG/Desktop/Stuff/Smash-Stuff/SMASH-ULTIMATE-MODS-BABY/50xx-the-mod/code-edits/code-mod-framework/lib/libnx_min/nx/lib\libnx_min.a(fs.o)
                0x000000000000c490                fsFileSetSize
 *fill*         0x000000000000c61c        0x4 
 .text.fsFileGetSize
                0x000000000000c620      0x194 C:/Users/RNG/Desktop/Stuff/Smash-Stuff/SMASH-ULTIMATE-MODS-BABY/50xx-the-mod/code-edits/code-mod-framework/lib/libnx_min/nx/lib\libnx_min.a(fs.o)
                0x000000000000c620                fsFileGetSize
 *fill*         0x000000000000c7b4        0xc 
 .text.fsFileOperateRange
                0x000000000000c7c0      0x180 C:/Users/RNG/Desktop/Stuff/Smash-Stuff/SMASH-ULTIMATE-MODS-BABY/50xx-the-mod/code-edits/code-mod-framework/lib/libnx_min/nx/lib\libnx_min.a(fs.o)
                0x000000000000c7c0                fsFileOperateRange
 .text.fsFileClose
                0x000000000000c940       0x6c C:/Users/RNG/Desktop/Stuff/Smash-Stuff/SMASH-ULTIMATE-MODS-BABY/50xx-the-mod/code-edits/code-mod-framework/lib/libnx_min/nx/lib\libnx_min.a(fs.o)
                0x000000000000c940                fsFileClose
 *fill*         0x000000000000c9ac        0x4 
 .text.fsDirClose
                0x000000000000c9b0       0x6c C:/Users/RNG/Desktop/Stuff/Smash-Stuff/SMASH-ULTIMATE-MODS-BABY/50xx-the-mod/code-edits/code-mod-framework/lib/libnx_min/nx/lib\libnx_min.a(fs.o)
                0x000000000000c9b0                fsDirClose
 *fill*         0x000000000000ca1c        0x4 
 .text.fsDirRead
                0x000000000000ca20      0x1ec C:/Users/RNG/Desktop/Stuff/Smash-Stuff/SMASH-ULTIMATE-MODS-BABY/50xx-the-mod/code-edits/code-mod-framework/lib/libnx_min/nx/lib\libnx_min.a(fs.o)
                0x000000000000ca20                fsDirRead
 *fill*         0x000000000000cc0c        0x4 
 .text.fsDirGetEntryCount
                0x000000000000cc10      0x198 C:/Users/RNG/Desktop/Stuff/Smash-Stuff/SMASH-ULTIMATE-MODS-BABY/50xx-the-mod/code-edits/code-mod-framework/lib/libnx_min/nx/lib\libnx_min.a(fs.o)
                0x000000000000cc10                fsDirGetEntryCount
 *fill*         0x000000000000cda8        0x8 
 .text.fsStorageRead
                0x000000000000cdb0      0x1d0 C:/Users/RNG/Desktop/Stuff/Smash-Stuff/SMASH-ULTIMATE-MODS-BABY/50xx-the-mod/code-edits/code-mod-framework/lib/libnx_min/nx/lib\libnx_min.a(fs.o)
                0x000000000000cdb0                fsStorageRead
 .text.fsStorageWrite
                0x000000000000cf80      0x1d0 C:/Users/RNG/Desktop/Stuff/Smash-Stuff/SMASH-ULTIMATE-MODS-BABY/50xx-the-mod/code-edits/code-mod-framework/lib/libnx_min/nx/lib\libnx_min.a(fs.o)
                0x000000000000cf80                fsStorageWrite
 .text.fsStorageFlush
                0x000000000000d150      0x17c C:/Users/RNG/Desktop/Stuff/Smash-Stuff/SMASH-ULTIMATE-MODS-BABY/50xx-the-mod/code-edits/code-mod-framework/lib/libnx_min/nx/lib\libnx_min.a(fs.o)
                0x000000000000d150                fsStorageFlush
 *fill*         0x000000000000d2cc        0x4 
 .text.fsStorageSetSize
                0x000000000000d2d0      0x18c C:/Users/RNG/Desktop/Stuff/Smash-Stuff/SMASH-ULTIMATE-MODS-BABY/50xx-the-mod/code-edits/code-mod-framework/lib/libnx_min/nx/lib\libnx_min.a(fs.o)
                0x000000000000d2d0                fsStorageSetSize
 *fill*         0x000000000000d45c        0x4 
 .text.fsStorageGetSize
                0x000000000000d460      0x194 C:/Users/RNG/Desktop/Stuff/Smash-Stuff/SMASH-ULTIMATE-MODS-BABY/50xx-the-mod/code-edits/code-mod-framework/lib/libnx_min/nx/lib\libnx_min.a(fs.o)
                0x000000000000d460                fsStorageGetSize
 *fill*         0x000000000000d5f4        0xc 
 .text.fsStorageOperateRange
                0x000000000000d600      0x180 C:/Users/RNG/Desktop/Stuff/Smash-Stuff/SMASH-ULTIMATE-MODS-BABY/50xx-the-mod/code-edits/code-mod-framework/lib/libnx_min/nx/lib\libnx_min.a(fs.o)
                0x000000000000d600                fsStorageOperateRange
 .text.fsStorageClose
                0x000000000000d780       0x6c C:/Users/RNG/Desktop/Stuff/Smash-Stuff/SMASH-ULTIMATE-MODS-BABY/50xx-the-mod/code-edits/code-mod-framework/lib/libnx_min/nx/lib\libnx_min.a(fs.o)
                0x000000000000d780                fsStorageClose
 *fill*         0x000000000000d7ec        0x4 
 .text.fsSaveDataIteratorRead
                0x000000000000d7f0      0x1d0 C:/Users/RNG/Desktop/Stuff/Smash-Stuff/SMASH-ULTIMATE-MODS-BABY/50xx-the-mod/code-edits/code-mod-framework/lib/libnx_min/nx/lib\libnx_min.a(fs.o)
                0x000000000000d7f0                fsSaveDataIteratorRead
 .text.fsSaveDataIteratorClose
                0x000000000000d9c0       0x6c C:/Users/RNG/Desktop/Stuff/Smash-Stuff/SMASH-ULTIMATE-MODS-BABY/50xx-the-mod/code-edits/code-mod-framework/lib/libnx_min/nx/lib\libnx_min.a(fs.o)
                0x000000000000d9c0                fsSaveDataIteratorClose
 *fill*         0x000000000000da2c        0x4 
 .text.fsEventNotifierGetEventHandle
                0x000000000000da30      0x188 C:/Users/RNG/Desktop/Stuff/Smash-Stuff/SMASH-ULTIMATE-MODS-BABY/50xx-the-mod/code-edits/code-mod-framework/lib/libnx_min/nx/lib\libnx_min.a(fs.o)
                0x000000000000da30                fsEventNotifierGetEventHandle
 *fill*         0x000000000000dbb8        0x8 
 .text.fsEventNotifierClose
                0x000000000000dbc0       0x6c C:/Users/RNG/Desktop/Stuff/Smash-Stuff/SMASH-ULTIMATE-MODS-BABY/50xx-the-mod/code-edits/code-mod-framework/lib/libnx_min/nx/lib\libnx_min.a(fs.o)
                0x000000000000dbc0                fsEventNotifierClose
 *fill*         0x000000000000dc2c        0x4 
 .text.fsDeviceOperatorIsSdCardInserted
                0x000000000000dc30        0xc C:/Users/RNG/Desktop/Stuff/Smash-Stuff/SMASH-ULTIMATE-MODS-BABY/50xx-the-mod/code-edits/code-mod-framework/lib/libnx_min/nx/lib\libnx_min.a(fs.o)
                0x000000000000dc30                fsDeviceOperatorIsSdCardInserted
 *fill*         0x000000000000dc3c        0x4 
 .text.fsDeviceOperatorIsGameCardInserted
                0x000000000000dc40        0xc C:/Users/RNG/Desktop/Stuff/Smash-Stuff/SMASH-ULTIMATE-MODS-BABY/50xx-the-mod/code-edits/code-mod-framework/lib/libnx_min/nx/lib\libnx_min.a(fs.o)
                0x000000000000dc40                fsDeviceOperatorIsGameCardInserted
 *fill*         0x000000000000dc4c        0x4 
 .text.fsDeviceOperatorGetGameCardHandle
                0x000000000000dc50      0x190 C:/Users/RNG/Desktop/Stuff/Smash-Stuff/SMASH-ULTIMATE-MODS-BABY/50xx-the-mod/code-edits/code-mod-framework/lib/libnx_min/nx/lib\libnx_min.a(fs.o)
                0x000000000000dc50                fsDeviceOperatorGetGameCardHandle
 .text.fsDeviceOperatorGetGameCardAttribute
                0x000000000000dde0      0x18c C:/Users/RNG/Desktop/Stuff/Smash-Stuff/SMASH-ULTIMATE-MODS-BABY/50xx-the-mod/code-edits/code-mod-framework/lib/libnx_min/nx/lib\libnx_min.a(fs.o)
                0x000000000000dde0                fsDeviceOperatorGetGameCardAttribute
 *fill*         0x000000000000df6c        0x4 
 .text.fsDeviceOperatorClose
                0x000000000000df70       0x6c C:/Users/RNG/Desktop/Stuff/Smash-Stuff/SMASH-ULTIMATE-MODS-BABY/50xx-the-mod/code-edits/code-mod-framework/lib/libnx_min/nx/lib\libnx_min.a(fs.o)
                0x000000000000df70                fsDeviceOperatorClose
 *fill*         0x000000000000dfdc        0x4 
 .text.ipcCloseObjectById
                0x000000000000dfe0       0x34 C:/Users/RNG/Desktop/Stuff/Smash-Stuff/SMASH-ULTIMATE-MODS-BABY/50xx-the-mod/code-edits/code-mod-framework/lib/libnx_min/nx/lib\libnx_min.a(set.o)
 *fill*         0x000000000000e014        0xc 
 .text._setMakeLanguageCode
                0x000000000000e020       0xf4 C:/Users/RNG/Desktop/Stuff/Smash-Stuff/SMASH-ULTIMATE-MODS-BABY/50xx-the-mod/code-edits/code-mod-framework/lib/libnx_min/nx/lib\libnx_min.a(set.o)
 *fill*         0x000000000000e114        0xc 
 .text._setsysGetFirmwareVersionImpl
                0x000000000000e120      0x1d4 C:/Users/RNG/Desktop/Stuff/Smash-Stuff/SMASH-ULTIMATE-MODS-BABY/50xx-the-mod/code-edits/code-mod-framework/lib/libnx_min/nx/lib\libnx_min.a(set.o)
 *fill*         0x000000000000e2f4        0xc 
 .text.setInitialize
                0x000000000000e300       0x44 C:/Users/RNG/Desktop/Stuff/Smash-Stuff/SMASH-ULTIMATE-MODS-BABY/50xx-the-mod/code-edits/code-mod-framework/lib/libnx_min/nx/lib\libnx_min.a(set.o)
                0x000000000000e300                setInitialize
 *fill*         0x000000000000e344        0xc 
 .text.setExit  0x000000000000e350       0x9c C:/Users/RNG/Desktop/Stuff/Smash-Stuff/SMASH-ULTIMATE-MODS-BABY/50xx-the-mod/code-edits/code-mod-framework/lib/libnx_min/nx/lib\libnx_min.a(set.o)
                0x000000000000e350                setExit
 *fill*         0x000000000000e3ec        0x4 
 .text.setsysInitialize
                0x000000000000e3f0       0x3c C:/Users/RNG/Desktop/Stuff/Smash-Stuff/SMASH-ULTIMATE-MODS-BABY/50xx-the-mod/code-edits/code-mod-framework/lib/libnx_min/nx/lib\libnx_min.a(set.o)
                0x000000000000e3f0                setsysInitialize
 *fill*         0x000000000000e42c        0x4 
 .text.setsysExit
                0x000000000000e430       0x9c C:/Users/RNG/Desktop/Stuff/Smash-Stuff/SMASH-ULTIMATE-MODS-BABY/50xx-the-mod/code-edits/code-mod-framework/lib/libnx_min/nx/lib\libnx_min.a(set.o)
                0x000000000000e430                setsysExit
 *fill*         0x000000000000e4cc        0x4 
 .text.setGetLanguageCode
                0x000000000000e4d0       0xec C:/Users/RNG/Desktop/Stuff/Smash-Stuff/SMASH-ULTIMATE-MODS-BABY/50xx-the-mod/code-edits/code-mod-framework/lib/libnx_min/nx/lib\libnx_min.a(set.o)
                0x000000000000e4d0                setGetLanguageCode
 *fill*         0x000000000000e5bc        0x4 
 .text.setGetSystemLanguage
                0x000000000000e5c0        0x4 C:/Users/RNG/Desktop/Stuff/Smash-Stuff/SMASH-ULTIMATE-MODS-BABY/50xx-the-mod/code-edits/code-mod-framework/lib/libnx_min/nx/lib\libnx_min.a(set.o)
                0x000000000000e5c0                setGetSystemLanguage
 *fill*         0x000000000000e5c4        0xc 
 .text.setGetAvailableLanguageCodeCount
                0x000000000000e5d0      0x10c C:/Users/RNG/Desktop/Stuff/Smash-Stuff/SMASH-ULTIMATE-MODS-BABY/50xx-the-mod/code-edits/code-mod-framework/lib/libnx_min/nx/lib\libnx_min.a(set.o)
                0x000000000000e5d0                setGetAvailableLanguageCodeCount
 *fill*         0x000000000000e6dc        0x4 
 .text.setGetAvailableLanguageCodes
                0x000000000000e6e0      0x1b4 C:/Users/RNG/Desktop/Stuff/Smash-Stuff/SMASH-ULTIMATE-MODS-BABY/50xx-the-mod/code-edits/code-mod-framework/lib/libnx_min/nx/lib\libnx_min.a(set.o)
                0x000000000000e6e0                setGetAvailableLanguageCodes
 *fill*         0x000000000000e894        0xc 
 .text.setInitializeLanguageCodesCache
                0x000000000000e8a0       0x70 C:/Users/RNG/Desktop/Stuff/Smash-Stuff/SMASH-ULTIMATE-MODS-BABY/50xx-the-mod/code-edits/code-mod-framework/lib/libnx_min/nx/lib\libnx_min.a(set.o)
 .text.setMakeLanguage
                0x000000000000e910       0x8c C:/Users/RNG/Desktop/Stuff/Smash-Stuff/SMASH-ULTIMATE-MODS-BABY/50xx-the-mod/code-edits/code-mod-framework/lib/libnx_min/nx/lib\libnx_min.a(set.o)
                0x000000000000e910                setMakeLanguage
 *fill*         0x000000000000e99c        0x4 
 .text.setMakeLanguageCode
                0x000000000000e9a0       0x80 C:/Users/RNG/Desktop/Stuff/Smash-Stuff/SMASH-ULTIMATE-MODS-BABY/50xx-the-mod/code-edits/code-mod-framework/lib/libnx_min/nx/lib\libnx_min.a(set.o)
                0x000000000000e9a0                setMakeLanguageCode
 .text.setGetRegionCode
                0x000000000000ea20       0xf0 C:/Users/RNG/Desktop/Stuff/Smash-Stuff/SMASH-ULTIMATE-MODS-BABY/50xx-the-mod/code-edits/code-mod-framework/lib/libnx_min/nx/lib\libnx_min.a(set.o)
                0x000000000000ea20                setGetRegionCode
 .text.setsysGetColorSetId
                0x000000000000eb10       0xe4 C:/Users/RNG/Desktop/Stuff/Smash-Stuff/SMASH-ULTIMATE-MODS-BABY/50xx-the-mod/code-edits/code-mod-framework/lib/libnx_min/nx/lib\libnx_min.a(set.o)
                0x000000000000eb10                setsysGetColorSetId
 *fill*         0x000000000000ebf4        0xc 
 .text.setsysSetColorSetId
                0x000000000000ec00       0xd0 C:/Users/RNG/Desktop/Stuff/Smash-Stuff/SMASH-ULTIMATE-MODS-BABY/50xx-the-mod/code-edits/code-mod-framework/lib/libnx_min/nx/lib\libnx_min.a(set.o)
                0x000000000000ec00                setsysSetColorSetId
 .text.setsysGetSettingsItemValue
                0x000000000000ecd0      0x19c C:/Users/RNG/Desktop/Stuff/Smash-Stuff/SMASH-ULTIMATE-MODS-BABY/50xx-the-mod/code-edits/code-mod-framework/lib/libnx_min/nx/lib\libnx_min.a(set.o)
                0x000000000000ecd0                setsysGetSettingsItemValue
 *fill*         0x000000000000ee6c        0x4 
 .text.setsysGetSettingsItemValueSize
                0x000000000000ee70      0x198 C:/Users/RNG/Desktop/Stuff/Smash-Stuff/SMASH-ULTIMATE-MODS-BABY/50xx-the-mod/code-edits/code-mod-framework/lib/libnx_min/nx/lib\libnx_min.a(set.o)
                0x000000000000ee70                setsysGetSettingsItemValueSize
 *fill*         0x000000000000f008        0x8 
 .text.setsysGetSerialNumber
                0x000000000000f010      0x108 C:/Users/RNG/Desktop/Stuff/Smash-Stuff/SMASH-ULTIMATE-MODS-BABY/50xx-the-mod/code-edits/code-mod-framework/lib/libnx_min/nx/lib\libnx_min.a(set.o)
                0x000000000000f010                setsysGetSerialNumber
 *fill*         0x000000000000f118        0x8 
 .text.setsysGetFlag
                0x000000000000f120       0xec C:/Users/RNG/Desktop/Stuff/Smash-Stuff/SMASH-ULTIMATE-MODS-BABY/50xx-the-mod/code-edits/code-mod-framework/lib/libnx_min/nx/lib\libnx_min.a(set.o)
                0x000000000000f120                setsysGetFlag
 *fill*         0x000000000000f20c        0x4 
 .text.setsysSetFlag
                0x000000000000f210       0xd0 C:/Users/RNG/Desktop/Stuff/Smash-Stuff/SMASH-ULTIMATE-MODS-BABY/50xx-the-mod/code-edits/code-mod-framework/lib/libnx_min/nx/lib\libnx_min.a(set.o)
                0x000000000000f210                setsysSetFlag
 .text.setsysGetFirmwareVersion
                0x000000000000f2e0       0x44 C:/Users/RNG/Desktop/Stuff/Smash-Stuff/SMASH-ULTIMATE-MODS-BABY/50xx-the-mod/code-edits/code-mod-framework/lib/libnx_min/nx/lib\libnx_min.a(set.o)
                0x000000000000f2e0                setsysGetFirmwareVersion